
*** Running vivado
    with args -log bd_9997_bs_switch_1_0.vds -m64 -product Vivado -mode batch -messageDb vivado.pb -notrace -source bd_9997_bs_switch_1_0.tcl


****** Vivado v2022.2.2 (64-bit)
  **** SW Build 3788238 on Tue Feb 21 19:59:23 MST 2023
  **** IP Build 3783773 on Tue Feb 21 23:41:56 MST 2023
    ** Copyright 1986-2023 Xilinx, Inc. All Rights Reserved.

source bd_9997_bs_switch_1_0.tcl -notrace
INFO: Dispatch client connection id - 44803
create_project: Time (s): cpu = 00:00:08 ; elapsed = 00:00:08 . Memory (MB): peak = 1831.621 ; gain = 88.992 ; free physical = 101441 ; free virtual = 227127
INFO: [IP_Flow 19-234] Refreshing IP repositories
WARNING: [IP_Flow 19-1694] Ignoring duplicate Bus Definition IP file 'xilinx.com:display_pcie4:pcie4_gt_if:1.0' found within IP repository '/home/uni/project/smartssd/add_two_numbers/_x/link/vivado/vpl/.local/hw_platform/iprepo'.
File in use: /home/uni/project/smartssd/add_two_numbers/_x/link/vivado/vpl/.local/hw_platform/iprepo/ipdefs/other_ipdefs/xdma_v4_1/interfaces/pcie4_gt_if.xml
File ignored: /home/uni/project/smartssd/add_two_numbers/_x/link/vivado/vpl/.local/hw_platform/iprepo/ipdefs/other_ipdefs/pcie4_uscale_plus_v1_3/interfaces/pcie4_gt_if.xml
WARNING: [IP_Flow 19-1694] Ignoring duplicate Bus Definition IP file 'xilinx.com:display_pcie4_uscaleplus:ext_gtcom:1.0' found within IP repository '/home/uni/project/smartssd/add_two_numbers/_x/link/vivado/vpl/.local/hw_platform/iprepo'.
File in use: /home/uni/project/smartssd/add_two_numbers/_x/link/vivado/vpl/.local/hw_platform/iprepo/ipdefs/other_ipdefs/xdma_v4_1/interfaces/pcie4_usp_ext_gtcom.xml
File ignored: /home/uni/project/smartssd/add_two_numbers/_x/link/vivado/vpl/.local/hw_platform/iprepo/ipdefs/other_ipdefs/pcie4_uscale_plus_v1_3/interfaces/pcie4_usp_ext_gtcom.xml
WARNING: [IP_Flow 19-1694] Ignoring duplicate Bus Abstraction IP file 'xilinx.com:display_pcie4:pcie4_gt_if_rtl:1.0' found within IP repository '/home/uni/project/smartssd/add_two_numbers/_x/link/vivado/vpl/.local/hw_platform/iprepo'.
File in use: /home/uni/project/smartssd/add_two_numbers/_x/link/vivado/vpl/.local/hw_platform/iprepo/ipdefs/other_ipdefs/xdma_v4_1/interfaces/pcie4_gt_if_rtl.xml
File ignored: /home/uni/project/smartssd/add_two_numbers/_x/link/vivado/vpl/.local/hw_platform/iprepo/ipdefs/other_ipdefs/pcie4_uscale_plus_v1_3/interfaces/pcie4_gt_if_rtl.xml
WARNING: [IP_Flow 19-1694] Ignoring duplicate Bus Abstraction IP file 'xilinx.com:display_pcie4_uscaleplus:int_gtcom_rtl:1.0' found within IP repository '/home/uni/project/smartssd/add_two_numbers/_x/link/vivado/vpl/.local/hw_platform/iprepo'.
File in use: /home/uni/project/smartssd/add_two_numbers/_x/link/vivado/vpl/.local/hw_platform/iprepo/ipdefs/other_ipdefs/xdma_v4_1/interfaces/pcie4_usp_int_gtcom_rtl.xml
File ignored: /home/uni/project/smartssd/add_two_numbers/_x/link/vivado/vpl/.local/hw_platform/iprepo/ipdefs/other_ipdefs/pcie4_uscale_plus_v1_3/interfaces/pcie4_usp_int_gtcom_rtl.xml
WARNING: [IP_Flow 19-1694] Ignoring duplicate Bus Abstraction IP file 'xilinx.com:display_pcie4_uscaleplus:ext_gtcom_rtl:1.0' found within IP repository '/home/uni/project/smartssd/add_two_numbers/_x/link/vivado/vpl/.local/hw_platform/iprepo'.
File in use: /home/uni/project/smartssd/add_two_numbers/_x/link/vivado/vpl/.local/hw_platform/iprepo/ipdefs/other_ipdefs/xdma_v4_1/interfaces/pcie4_usp_ext_gtcom_rtl.xml
File ignored: /home/uni/project/smartssd/add_two_numbers/_x/link/vivado/vpl/.local/hw_platform/iprepo/ipdefs/other_ipdefs/pcie4_uscale_plus_v1_3/interfaces/pcie4_usp_ext_gtcom_rtl.xml
WARNING: [IP_Flow 19-1694] Ignoring duplicate Bus Definition IP file 'xilinx.com:display_pcie4_uscaleplus:int_gtcom:1.0' found within IP repository '/home/uni/project/smartssd/add_two_numbers/_x/link/vivado/vpl/.local/hw_platform/iprepo'.
File in use: /home/uni/project/smartssd/add_two_numbers/_x/link/vivado/vpl/.local/hw_platform/iprepo/ipdefs/other_ipdefs/xdma_v4_1/interfaces/pcie4_usp_int_gtcom.xml
File ignored: /home/uni/project/smartssd/add_two_numbers/_x/link/vivado/vpl/.local/hw_platform/iprepo/ipdefs/other_ipdefs/pcie4_uscale_plus_v1_3/interfaces/pcie4_usp_int_gtcom.xml
INFO: [IP_Flow 19-1700] Loaded user IP repository '/home/uni/project/smartssd/add_two_numbers/_x/link/vivado/vpl/.local/hw_platform/iprepo'.
INFO: [IP_Flow 19-1700] Loaded user IP repository '/home/uni/project/smartssd/add_two_numbers/_x/link/int/xo/ip_repo/xilinx_com_hls_add_two_numbers_1_0'.
WARNING: [IP_Flow 19-2207] Repository '/home/uni/project/smartssd/add_two_numbers/_x/link/vivado/vpl/.local/hw_platform/iprepo' already exists; ignoring attempt to add it again.
INFO: [IP_Flow 19-1700] Loaded user IP repository '/home/uni/project/smartssd/add_two_numbers/_x/link/vivado/vpl/.local/hw_platform/iprepo'.
INFO: [IP_Flow 19-1700] Loaded user IP repository '/home/uni/project/smartssd/add_two_numbers/_x/link/vivado/vpl/.local/hw_platform/ipcache'.
INFO: [IP_Flow 19-1700] Loaded user IP repository '/home/dess/workspace/Xilinx/Vitis/2022.2/data/ip'.
INFO: [IP_Flow 19-2313] Loaded Vivado IP repository '/home/dess/workspace/Xilinx/Vivado/2022.2/data/ip'.
WARNING: [IP_Flow 19-1663] Duplicate IP found for 'xilinx.com:ip:icap_arb:1.0'. The one found in IP location '/home/uni/project/smartssd/add_two_numbers/_x/link/vivado/vpl/.local/hw_platform/iprepo/ipdefs/other_ipdefs/icap_arb_v1_0' will take precedence over the same IP in the Xilinx installed IP.
WARNING: [IP_Flow 19-1663] Duplicate IP found for 'xilinx.com:ip:axi_clk_metadata_adapter:1.0'. The one found in IP location '/home/uni/project/smartssd/add_two_numbers/_x/link/vivado/vpl/.local/hw_platform/iprepo/ipdefs/other_ipdefs/axi_clk_metadata_adapter_v1_0' will take precedence over the same IP in location /home/uni/project/smartssd/add_two_numbers/_x/link/vivado/vpl/.local/hw_platform/iprepo/ipdefs/ii_infra_ipdefs/axi_clk_metadata_adapter_v1_0
WARNING: [IP_Flow 19-1663] Duplicate IP found for 'xilinx.com:ip:axis_clk_metadata_adapter:1.0'. The one found in IP location '/home/uni/project/smartssd/add_two_numbers/_x/link/vivado/vpl/.local/hw_platform/iprepo/ipdefs/other_ipdefs/axis_clk_metadata_adapter_v1_0' will take precedence over the same IP in location /home/uni/project/smartssd/add_two_numbers/_x/link/vivado/vpl/.local/hw_platform/iprepo/ipdefs/ii_infra_ipdefs/axis_clk_metadata_adapter_v1_0
WARNING: [IP_Flow 19-1663] Duplicate IP found for 'xilinx.com:ip:hbm_memory_subsystem:2.0'. The one found in IP location '/home/uni/project/smartssd/add_two_numbers/_x/link/vivado/vpl/.local/hw_platform/iprepo/ipdefs/other_ipdefs/hbm_memory_subsystem_v2_0' will take precedence over the same IP in the Xilinx installed IP.
WARNING: [IP_Flow 19-1663] Duplicate IP found for 'xilinx.com:ip:shell_utils_build_info:1.0'. The one found in IP location '/home/uni/project/smartssd/add_two_numbers/_x/link/vivado/vpl/.local/hw_platform/iprepo/ipdefs/other_ipdefs/shell_utils_build_info_v1_0' will take precedence over the same IP in the Xilinx installed IP.
WARNING: [IP_Flow 19-1663] Duplicate IP found for 'xilinx.com:ip:xdma:4.1'. The one found in IP location '/home/uni/project/smartssd/add_two_numbers/_x/link/vivado/vpl/.local/hw_platform/iprepo/ipdefs/other_ipdefs/xdma_v4_1' will take precedence over the same IP in the Xilinx installed IP.
WARNING: [IP_Flow 19-1663] Duplicate IP found for 'xilinx.com:ip:shell_utils_msp432_bsl_crc_gen:1.0'. The one found in IP location '/home/uni/project/smartssd/add_two_numbers/_x/link/vivado/vpl/.local/hw_platform/iprepo/ipdefs/other_ipdefs/shell_utils_msp432_bsl_crc_gen_v1_0' will take precedence over the same IP in the Xilinx installed IP.
WARNING: [IP_Flow 19-1663] Duplicate IP found for 'xilinx.com:ip:axi_hwicap:3.0'. The one found in IP location '/home/uni/project/smartssd/add_two_numbers/_x/link/vivado/vpl/.local/hw_platform/iprepo/ipdefs/other_ipdefs/axi_hwicap_v3_0' will take precedence over the same IP in the Xilinx installed IP.
WARNING: [IP_Flow 19-1663] Duplicate IP found for 'xilinx.com:ip:pcie4_uscale_plus:1.3'. The one found in IP location '/home/uni/project/smartssd/add_two_numbers/_x/link/vivado/vpl/.local/hw_platform/iprepo/ipdefs/other_ipdefs/pcie4_uscale_plus_v1_3' will take precedence over the same IP in the Xilinx installed IP.
WARNING: [IP_Flow 19-1663] Duplicate IP found for 'xilinx.com:ip:mailbox:2.1'. The one found in IP location '/home/uni/project/smartssd/add_two_numbers/_x/link/vivado/vpl/.local/hw_platform/iprepo/ipdefs/other_ipdefs/mailbox_v2_1' will take precedence over the same IP in the Xilinx installed IP.
WARNING: [IP_Flow 19-1663] Duplicate IP found for 'xilinx.com:ip:clk_metadata_adapter:1.0'. The one found in IP location '/home/uni/project/smartssd/add_two_numbers/_x/link/vivado/vpl/.local/hw_platform/iprepo/ipdefs/other_ipdefs/clk_metadata_adapter_v1_0' will take precedence over the same IP in location /home/uni/project/smartssd/add_two_numbers/_x/link/vivado/vpl/.local/hw_platform/iprepo/ipdefs/ii_infra_ipdefs/clk_metadata_adapter_v1_0
WARNING: [IP_Flow 19-1663] Duplicate IP found for 'xilinx.com:ip:pipeline_reg:1.0'. The one found in IP location '/home/uni/project/smartssd/add_two_numbers/_x/link/vivado/vpl/.local/hw_platform/iprepo/ipdefs/other_ipdefs/pipeline_reg_v1_0' will take precedence over the same IP in location /home/uni/project/smartssd/add_two_numbers/_x/link/vivado/vpl/.local/hw_platform/iprepo/ipdefs/ii_infra_ipdefs/pipeline_reg_v1_0
WARNING: [IP_Flow 19-4830] Duplicate Interface found for 'xilinx.com:display_pcie3_ultrascale:pcie3_us_gt_if:1.0'. The one found in location '/home/uni/project/smartssd/add_two_numbers/_x/link/vivado/vpl/.local/hw_platform/iprepo/ipdefs/other_ipdefs/xdma_v4_1/interfaces/pcie3_us_gt_if.xml' will take precedence over the same Interface in location '/home/dess/workspace/Xilinx/Vivado/2022.2/data/ip/xilinx/pcie3_ultrascale_v4_4/interfaces/pcie3_us_gt_if.xml'
WARNING: [IP_Flow 19-4830] Duplicate Interface found for 'xilinx.com:display_pcie4:pcie4_gt_if:1.0'. The one found in location '/home/uni/project/smartssd/add_two_numbers/_x/link/vivado/vpl/.local/hw_platform/iprepo/ipdefs/other_ipdefs/xdma_v4_1/interfaces/pcie4_gt_if.xml' will take precedence over the same Interface in location '/home/dess/workspace/Xilinx/Vivado/2022.2/data/ip/xilinx/pcie4_uscale_plus_v1_3/interfaces/pcie4_gt_if.xml'
WARNING: [IP_Flow 19-4830] Duplicate Interface found for 'xilinx.com:display_xdma:pcie3_7x_transceiver_debug:1.0'. The one found in location '/home/uni/project/smartssd/add_two_numbers/_x/link/vivado/vpl/.local/hw_platform/iprepo/ipdefs/other_ipdefs/xdma_v4_1/interfaces/pcie3_7x_transceiver_debug.xml' will take precedence over the same Interface in location '/home/dess/workspace/Xilinx/Vivado/2022.2/data/ip/xilinx/qdma_v5_0/interfaces/pcie3_7x_transceiver_debug.xml'
WARNING: [IP_Flow 19-4830] Duplicate Interface found for 'xilinx.com:display_xdma:int_shared_logic:1.0'. The one found in location '/home/uni/project/smartssd/add_two_numbers/_x/link/vivado/vpl/.local/hw_platform/iprepo/ipdefs/other_ipdefs/xdma_v4_1/interfaces/pcie3_us_int_shared_logic.xml' will take precedence over the same Interface in location '/home/dess/workspace/Xilinx/Vivado/2022.2/data/ip/xilinx/qdma_v5_0/interfaces/pcie3_us_int_shared_logic.xml'
WARNING: [IP_Flow 19-4830] Duplicate Interface found for 'xilinx.com:display_pcie4_uscaleplus:ext_gtcom:1.0'. The one found in location '/home/uni/project/smartssd/add_two_numbers/_x/link/vivado/vpl/.local/hw_platform/iprepo/ipdefs/other_ipdefs/xdma_v4_1/interfaces/pcie4_usp_ext_gtcom.xml' will take precedence over the same Interface in location '/home/dess/workspace/Xilinx/Vivado/2022.2/data/ip/xilinx/pcie4_uscale_plus_v1_3/interfaces/pcie4_usp_ext_gtcom.xml'
WARNING: [IP_Flow 19-4830] Duplicate Interface found for 'xilinx.com:display_xdma:pcie_cfg_external_msix:1.0'. The one found in location '/home/uni/project/smartssd/add_two_numbers/_x/link/vivado/vpl/.local/hw_platform/iprepo/ipdefs/other_ipdefs/xdma_v4_1/interfaces/pcie_cfg_ext_msix.xml' will take precedence over the same Interface in location '/home/dess/workspace/Xilinx/Vivado/2022.2/data/ip/xilinx/xdma_v4_1/interfaces/pcie_cfg_ext_msix.xml'
WARNING: [IP_Flow 19-4830] Duplicate Interface found for 'xilinx.com:display_xdma:pcie3_us_transceiver_debug:1.0'. The one found in location '/home/uni/project/smartssd/add_two_numbers/_x/link/vivado/vpl/.local/hw_platform/iprepo/ipdefs/other_ipdefs/xdma_v4_1/interfaces/pcie3_us_transceiver_debug.xml' will take precedence over the same Interface in location '/home/dess/workspace/Xilinx/Vivado/2022.2/data/ip/xilinx/qdma_v5_0/interfaces/pcie3_us_transceiver_debug.xml'
WARNING: [IP_Flow 19-4830] Duplicate Interface found for 'xilinx.com:display_xdma:xdma_debug_ports:1.0'. The one found in location '/home/uni/project/smartssd/add_two_numbers/_x/link/vivado/vpl/.local/hw_platform/iprepo/ipdefs/other_ipdefs/xdma_v4_1/interfaces/xdma_debug_ports.xml' will take precedence over the same Interface in location '/home/dess/workspace/Xilinx/Vivado/2022.2/data/ip/xilinx/qdma_v5_0/interfaces/xdma_debug_ports.xml'
WARNING: [IP_Flow 19-4830] Duplicate Interface found for 'xilinx.com:display_xdma:pcie4_us_plus_transceiver_debug:1.0'. The one found in location '/home/uni/project/smartssd/add_two_numbers/_x/link/vivado/vpl/.local/hw_platform/iprepo/ipdefs/other_ipdefs/xdma_v4_1/interfaces/pcie4_us_plus_transceiver_debug.xml' will take precedence over the same Interface in location '/home/dess/workspace/Xilinx/Vivado/2022.2/data/ip/xilinx/qdma_v5_0/interfaces/pcie4_us_plus_transceiver_debug.xml'
WARNING: [IP_Flow 19-4830] Duplicate Interface found for 'xilinx.com:display_xdma:pcie_debug:1.0'. The one found in location '/home/uni/project/smartssd/add_two_numbers/_x/link/vivado/vpl/.local/hw_platform/iprepo/ipdefs/other_ipdefs/xdma_v4_1/interfaces/pcie_debug.xml' will take precedence over the same Interface in location '/home/dess/workspace/Xilinx/Vivado/2022.2/data/ip/xilinx/qdma_v5_0/interfaces/pcie_debug.xml'
WARNING: [IP_Flow 19-4830] Duplicate Interface found for 'xilinx.com:display_xdma:xdma_status_ports:1.0'. The one found in location '/home/uni/project/smartssd/add_two_numbers/_x/link/vivado/vpl/.local/hw_platform/iprepo/ipdefs/other_ipdefs/xdma_v4_1/interfaces/xdma_status_ports.xml' will take precedence over the same Interface in location '/home/dess/workspace/Xilinx/Vivado/2022.2/data/ip/xilinx/qdma_v5_0/interfaces/xdma_status_ports.xml'
WARNING: [IP_Flow 19-4830] Duplicate Interface found for 'xilinx.com:display_xdma:ext_shared_logic:1.0'. The one found in location '/home/uni/project/smartssd/add_two_numbers/_x/link/vivado/vpl/.local/hw_platform/iprepo/ipdefs/other_ipdefs/xdma_v4_1/interfaces/pcie3_us_ext_shared_logic.xml' will take precedence over the same Interface in location '/home/dess/workspace/Xilinx/Vivado/2022.2/data/ip/xilinx/xdma_v4_1/interfaces/pcie3_us_ext_shared_logic.xml'
WARNING: [IP_Flow 19-4830] Duplicate Interface found for 'xilinx.com:display_qdma:usr_flr:1.0'. The one found in location '/home/uni/project/smartssd/add_two_numbers/_x/link/vivado/vpl/.local/hw_platform/iprepo/ipdefs/other_ipdefs/xdma_v4_1/interfaces/usr_flr.xml' will take precedence over the same Interface in location '/home/dess/workspace/Xilinx/Vivado/2022.2/data/ip/xilinx/xdma_v4_1/interfaces/usr_flr.xml'
WARNING: [IP_Flow 19-4830] Duplicate Interface found for 'xilinx.com:display_pcie4_uscaleplus:int_gtcom:1.0'. The one found in location '/home/uni/project/smartssd/add_two_numbers/_x/link/vivado/vpl/.local/hw_platform/iprepo/ipdefs/other_ipdefs/xdma_v4_1/interfaces/pcie4_usp_int_gtcom.xml' will take precedence over the same Interface in location '/home/dess/workspace/Xilinx/Vivado/2022.2/data/ip/xilinx/pcie4_uscale_plus_v1_3/interfaces/pcie4_usp_int_gtcom.xml'
WARNING: [IP_Flow 19-4830] Duplicate Interface found for 'xilinx.com:display_xdma:dsc_bypass:1.0'. The one found in location '/home/uni/project/smartssd/add_two_numbers/_x/link/vivado/vpl/.local/hw_platform/iprepo/ipdefs/other_ipdefs/xdma_v4_1/interfaces/dsc_bypass.xml' will take precedence over the same Interface in location '/home/dess/workspace/Xilinx/Vivado/2022.2/data/ip/xilinx/xdma_v4_1/interfaces/dsc_bypass.xml'
WARNING: [IP_Flow 19-4830] Duplicate Interface found for 'xilinx.com:display_pcie4_uscaleplus:transceiver_debug:1.0'. The one found in location '/home/uni/project/smartssd/add_two_numbers/_x/link/vivado/vpl/.local/hw_platform/iprepo/ipdefs/other_ipdefs/pcie4_uscale_plus_v1_3/interfaces/transceiver_debug.xml' will take precedence over the same Interface in location '/home/dess/workspace/Xilinx/Vivado/2022.2/data/ip/xilinx/pcie4_uscale_plus_v1_3/interfaces/transceiver_debug.xml'
WARNING: [IP_Flow 19-4830] Duplicate Interface found for 'xilinx.com:display_pcie4:pcie4_cfg_external_msix:1.0'. The one found in location '/home/uni/project/smartssd/add_two_numbers/_x/link/vivado/vpl/.local/hw_platform/iprepo/ipdefs/other_ipdefs/pcie4_uscale_plus_v1_3/interfaces/pcie4_cfg_ext_msix.xml' will take precedence over the same Interface in location '/home/dess/workspace/Xilinx/Vivado/2022.2/data/ip/xilinx/pcie4_uscale_plus_v1_3/interfaces/pcie4_cfg_ext_msix.xml'
WARNING: [IP_Flow 19-4830] Duplicate Interface found for 'xilinx.com:display_pcie4:pcie4_cfg_msix_internal:1.0'. The one found in location '/home/uni/project/smartssd/add_two_numbers/_x/link/vivado/vpl/.local/hw_platform/iprepo/ipdefs/other_ipdefs/pcie4_uscale_plus_v1_3/interfaces/pcie4_cfg_msix_int.xml' will take precedence over the same Interface in location '/home/dess/workspace/Xilinx/Vivado/2022.2/data/ip/xilinx/pcie4_uscale_plus_v1_3/interfaces/pcie4_cfg_msix_int.xml'
WARNING: [IP_Flow 19-4830] Duplicate Interface found for 'xilinx.com:display_pcie4:pcie4_rbar:1.0'. The one found in location '/home/uni/project/smartssd/add_two_numbers/_x/link/vivado/vpl/.local/hw_platform/iprepo/ipdefs/other_ipdefs/pcie4_uscale_plus_v1_3/interfaces/pcie4_rbar.xml' will take precedence over the same Interface in location '/home/dess/workspace/Xilinx/Vivado/2022.2/data/ip/xilinx/pcie4_uscale_plus_v1_3/interfaces/pcie4_rbar.xml'
WARNING: [IP_Flow 19-4830] Duplicate Interface found for 'xilinx.com:display_pcie4:pcie4_cfg_control:1.0'. The one found in location '/home/uni/project/smartssd/add_two_numbers/_x/link/vivado/vpl/.local/hw_platform/iprepo/ipdefs/other_ipdefs/pcie4_uscale_plus_v1_3/interfaces/pcie4_cfg_control.xml' will take precedence over the same Interface in location '/home/dess/workspace/Xilinx/Vivado/2022.2/data/ip/xilinx/pcie4_uscale_plus_v1_3/interfaces/pcie4_cfg_control.xml'
WARNING: [IP_Flow 19-4830] Duplicate Interface found for 'xilinx.com:display_pcie4:pcie4_cfg_mgmt:1.0'. The one found in location '/home/uni/project/smartssd/add_two_numbers/_x/link/vivado/vpl/.local/hw_platform/iprepo/ipdefs/other_ipdefs/pcie4_uscale_plus_v1_3/interfaces/pcie4_cfg_mgmt.xml' will take precedence over the same Interface in location '/home/dess/workspace/Xilinx/Vivado/2022.2/data/ip/xilinx/pcie4_uscale_plus_v1_3/interfaces/pcie4_cfg_mgmt.xml'
WARNING: [IP_Flow 19-4830] Duplicate Interface found for 'xilinx.com:display_pcie4:pcie4_pl:1.0'. The one found in location '/home/uni/project/smartssd/add_two_numbers/_x/link/vivado/vpl/.local/hw_platform/iprepo/ipdefs/other_ipdefs/pcie4_uscale_plus_v1_3/interfaces/pcie4_pl.xml' will take precedence over the same Interface in location '/home/dess/workspace/Xilinx/Vivado/2022.2/data/ip/xilinx/pcie4_uscale_plus_v1_3/interfaces/pcie4_pl.xml'
WARNING: [IP_Flow 19-4830] Duplicate Interface found for 'xilinx.com:display_pcie4:pcie4_cfg_status:1.0'. The one found in location '/home/uni/project/smartssd/add_two_numbers/_x/link/vivado/vpl/.local/hw_platform/iprepo/ipdefs/other_ipdefs/pcie4_uscale_plus_v1_3/interfaces/pcie4_cfg_status.xml' will take precedence over the same Interface in location '/home/dess/workspace/Xilinx/Vivado/2022.2/data/ip/xilinx/pcie4_uscale_plus_v1_3/interfaces/pcie4_cfg_status.xml'
WARNING: [IP_Flow 19-4830] Duplicate Interface found for 'xilinx.com:display_pcie4:pcie4_pcie_id:1.0'. The one found in location '/home/uni/project/smartssd/add_two_numbers/_x/link/vivado/vpl/.local/hw_platform/iprepo/ipdefs/other_ipdefs/pcie4_uscale_plus_v1_3/interfaces/pcie4_pcie_id.xml' will take precedence over the same Interface in location '/home/dess/workspace/Xilinx/Vivado/2022.2/data/ip/xilinx/pcie4_uscale_plus_v1_3/interfaces/pcie4_pcie_id.xml'
WARNING: [IP_Flow 19-4830] Duplicate Interface found for 'xilinx.com:display_pcie4:pcie4_cfg_msix_external:1.0'. The one found in location '/home/uni/project/smartssd/add_two_numbers/_x/link/vivado/vpl/.local/hw_platform/iprepo/ipdefs/other_ipdefs/pcie4_uscale_plus_v1_3/interfaces/pcie4_cfg_msix.xml' will take precedence over the same Interface in location '/home/dess/workspace/Xilinx/Vivado/2022.2/data/ip/xilinx/pcie4_uscale_plus_v1_3/interfaces/pcie4_cfg_msix.xml'
WARNING: [IP_Flow 19-4830] Duplicate Interface found for 'xilinx.com:display_pcie4:pcie4_cfg_pm:1.0'. The one found in location '/home/uni/project/smartssd/add_two_numbers/_x/link/vivado/vpl/.local/hw_platform/iprepo/ipdefs/other_ipdefs/pcie4_uscale_plus_v1_3/interfaces/pcie4_cfg_pm.xml' will take precedence over the same Interface in location '/home/dess/workspace/Xilinx/Vivado/2022.2/data/ip/xilinx/pcie4_uscale_plus_v1_3/interfaces/pcie4_cfg_pm.xml'
WARNING: [IP_Flow 19-4830] Duplicate Interface found for 'xilinx.com:display_pcie4:pcie4_drp:1.0'. The one found in location '/home/uni/project/smartssd/add_two_numbers/_x/link/vivado/vpl/.local/hw_platform/iprepo/ipdefs/other_ipdefs/pcie4_uscale_plus_v1_3/interfaces/pcie4_drp.xml' will take precedence over the same Interface in location '/home/dess/workspace/Xilinx/Vivado/2022.2/data/ip/xilinx/pcie4_uscale_plus_v1_3/interfaces/pcie4_drp.xml'
INFO: [IP_Flow 19-6924] IPCACHE: Running cache check for IP inst: bd_9997_bs_switch_1_0
Command: synth_design -top bd_9997_bs_switch_1_0 -part xcku15p-ffva1156-2LV-e -incremental_mode off -mode out_of_context
Starting synth_design
Attempting to get a license for feature 'Synthesis' and/or device 'xcku15p'
INFO: [Common 17-349] Got license for feature 'Synthesis' and/or device 'xcku15p'
INFO: [Device 21-403] Loading part xcku15p-ffva1156-2LV-e
INFO: [Synth 8-7079] Multithreading enabled for synth_design using a maximum of 1 processes.
INFO: [Synth 8-7078] Launching helper process for spawning children vivado processes
INFO: [Synth 8-7075] Helper process launched with PID 1961168
INFO: [Synth 8-11241] undeclared symbol 'REGCCE', assumed default net type 'wire' [/home/dess/workspace/Xilinx/Vivado/2022.2/data/verilog/src/unimacro/BRAM_SINGLE_MACRO.v:2170]
INFO: [Synth 8-11241] undeclared symbol 'bscanid_en_int', assumed default net type 'wire' [/home/uni/project/smartssd/add_two_numbers/_x/link/vivado/vpl/prj/prj.gen/my_rm/bd/ulp/ipshared/3a3b/hdl/bs_switch_v1_0_vl_rfs.v:362]
INFO: [Synth 8-11241] undeclared symbol 'bscanid_en_int', assumed default net type 'wire' [/home/uni/project/smartssd/add_two_numbers/_x/link/vivado/vpl/prj/prj.gen/my_rm/bd/ulp/ipshared/3a3b/hdl/bs_switch_v1_0_vl_rfs.v:397]
INFO: [Synth 8-11241] undeclared symbol 'bscanid_en_int', assumed default net type 'wire' [/home/uni/project/smartssd/add_two_numbers/_x/link/vivado/vpl/prj/prj.gen/my_rm/bd/ulp/ipshared/3a3b/hdl/verilog/bs_switch_v1_0_1_bs_ext.vh:31]
INFO: [Synth 8-11241] undeclared symbol 'bscanid_en_int', assumed default net type 'wire' [/home/uni/project/smartssd/add_two_numbers/_x/link/vivado/vpl/prj/prj.gen/my_rm/bd/ulp/ipshared/3a3b/hdl/verilog/bs_switch_v1_0_1_bs_ext.vh:68]
INFO: [Synth 8-11241] undeclared symbol 'bscanid_en_int', assumed default net type 'wire' [/home/uni/project/smartssd/add_two_numbers/_x/link/vivado/vpl/prj/prj.gen/my_rm/bd/ulp/ipshared/3a3b/hdl/verilog/bs_switch_v1_0_1_bs_ext.vh:106]
INFO: [Synth 8-11241] undeclared symbol 'bscanid_en_int', assumed default net type 'wire' [/home/uni/project/smartssd/add_two_numbers/_x/link/vivado/vpl/prj/prj.gen/my_rm/bd/ulp/ipshared/3a3b/hdl/verilog/bs_switch_v1_0_1_bs_ext.vh:145]
INFO: [Synth 8-11241] undeclared symbol 'bscanid_en_int', assumed default net type 'wire' [/home/uni/project/smartssd/add_two_numbers/_x/link/vivado/vpl/prj/prj.gen/my_rm/bd/ulp/ipshared/3a3b/hdl/verilog/bs_switch_v1_0_1_bs_ext.vh:185]
INFO: [Synth 8-11241] undeclared symbol 'bscanid_en_int', assumed default net type 'wire' [/home/uni/project/smartssd/add_two_numbers/_x/link/vivado/vpl/prj/prj.gen/my_rm/bd/ulp/ipshared/3a3b/hdl/verilog/bs_switch_v1_0_1_bs_ext.vh:226]
INFO: [Synth 8-11241] undeclared symbol 'bscanid_en_int', assumed default net type 'wire' [/home/uni/project/smartssd/add_two_numbers/_x/link/vivado/vpl/prj/prj.gen/my_rm/bd/ulp/ipshared/3a3b/hdl/verilog/bs_switch_v1_0_1_bs_ext.vh:268]
INFO: [Synth 8-11241] undeclared symbol 'bscanid_en_int', assumed default net type 'wire' [/home/uni/project/smartssd/add_two_numbers/_x/link/vivado/vpl/prj/prj.gen/my_rm/bd/ulp/ipshared/3a3b/hdl/verilog/bs_switch_v1_0_1_bs_ext.vh:311]
INFO: [Synth 8-11241] undeclared symbol 'bscanid_en_int', assumed default net type 'wire' [/home/uni/project/smartssd/add_two_numbers/_x/link/vivado/vpl/prj/prj.gen/my_rm/bd/ulp/ipshared/3a3b/hdl/verilog/bs_switch_v1_0_1_bs_ext.vh:355]
INFO: [Synth 8-11241] undeclared symbol 'bscanid_en_int', assumed default net type 'wire' [/home/uni/project/smartssd/add_two_numbers/_x/link/vivado/vpl/prj/prj.gen/my_rm/bd/ulp/ipshared/3a3b/hdl/verilog/bs_switch_v1_0_1_bs_ext.vh:400]
INFO: [Synth 8-11241] undeclared symbol 'bscanid_en_int', assumed default net type 'wire' [/home/uni/project/smartssd/add_two_numbers/_x/link/vivado/vpl/prj/prj.gen/my_rm/bd/ulp/ipshared/3a3b/hdl/verilog/bs_switch_v1_0_1_bs_ext.vh:446]
INFO: [Synth 8-11241] undeclared symbol 'bscanid_en_int', assumed default net type 'wire' [/home/uni/project/smartssd/add_two_numbers/_x/link/vivado/vpl/prj/prj.gen/my_rm/bd/ulp/ipshared/3a3b/hdl/verilog/bs_switch_v1_0_1_bs_ext.vh:493]
INFO: [Synth 8-11241] undeclared symbol 'bscanid_en_int', assumed default net type 'wire' [/home/uni/project/smartssd/add_two_numbers/_x/link/vivado/vpl/prj/prj.gen/my_rm/bd/ulp/ipshared/3a3b/hdl/verilog/bs_switch_v1_0_1_bs_ext.vh:541]
INFO: [Synth 8-11241] undeclared symbol 'bscanid_en_int', assumed default net type 'wire' [/home/uni/project/smartssd/add_two_numbers/_x/link/vivado/vpl/prj/prj.gen/my_rm/bd/ulp/ipshared/3a3b/hdl/verilog/bs_switch_v1_0_1_bs_ext.vh:590]
INFO: [Synth 8-11241] undeclared symbol 'bscanid_en_int', assumed default net type 'wire' [/home/uni/project/smartssd/add_two_numbers/_x/link/vivado/vpl/prj/prj.gen/my_rm/bd/ulp/ipshared/3a3b/hdl/verilog/bs_switch_v1_0_1_bs_ext.vh:640]
---------------------------------------------------------------------------------
Starting RTL Elaboration : Time (s): cpu = 00:00:06 ; elapsed = 00:00:07 . Memory (MB): peak = 3303.738 ; gain = 279.797 ; free physical = 104020 ; free virtual = 229697
Synthesis current peak Physical Memory [PSS] (MB): peak = 2528.418; parent = 2389.755; children = 138.663
Synthesis current peak Virtual Memory [VSS] (MB): peak = 4309.625; parent = 3309.680; children = 999.945
---------------------------------------------------------------------------------
INFO: [Synth 8-6157] synthesizing module 'bd_9997_bs_switch_1_0' [/home/uni/project/smartssd/add_two_numbers/_x/link/vivado/vpl/prj/prj.gen/my_rm/bd/ulp/ip/ulp_user_debug_bridge_0/bd_0/ip/ip_2/synth/bd_9997_bs_switch_1_0.v:53]
INFO: [Synth 8-6155] done synthesizing module 'bd_9997_bs_switch_1_0' (0#1) [/home/uni/project/smartssd/add_two_numbers/_x/link/vivado/vpl/prj/prj.gen/my_rm/bd/ulp/ip/ulp_user_debug_bridge_0/bd_0/ip/ip_2/synth/bd_9997_bs_switch_1_0.v:53]
WARNING: [Synth 8-7129] Port drck_1 in module bs_switch_v1_0_1_bs_switch is either unconnected or has no load
WARNING: [Synth 8-7129] Port reset_1 in module bs_switch_v1_0_1_bs_switch is either unconnected or has no load
WARNING: [Synth 8-7129] Port sel_1 in module bs_switch_v1_0_1_bs_switch is either unconnected or has no load
WARNING: [Synth 8-7129] Port capture_1 in module bs_switch_v1_0_1_bs_switch is either unconnected or has no load
WARNING: [Synth 8-7129] Port shift_1 in module bs_switch_v1_0_1_bs_switch is either unconnected or has no load
WARNING: [Synth 8-7129] Port update_1 in module bs_switch_v1_0_1_bs_switch is either unconnected or has no load
WARNING: [Synth 8-7129] Port tdi_1 in module bs_switch_v1_0_1_bs_switch is either unconnected or has no load
WARNING: [Synth 8-7129] Port runtest_1 in module bs_switch_v1_0_1_bs_switch is either unconnected or has no load
WARNING: [Synth 8-7129] Port tck_1 in module bs_switch_v1_0_1_bs_switch is either unconnected or has no load
WARNING: [Synth 8-7129] Port tms_1 in module bs_switch_v1_0_1_bs_switch is either unconnected or has no load
WARNING: [Synth 8-7129] Port bscanid_en_1 in module bs_switch_v1_0_1_bs_switch is either unconnected or has no load
WARNING: [Synth 8-7129] Port drck_2 in module bs_switch_v1_0_1_bs_switch is either unconnected or has no load
WARNING: [Synth 8-7129] Port reset_2 in module bs_switch_v1_0_1_bs_switch is either unconnected or has no load
WARNING: [Synth 8-7129] Port sel_2 in module bs_switch_v1_0_1_bs_switch is either unconnected or has no load
WARNING: [Synth 8-7129] Port capture_2 in module bs_switch_v1_0_1_bs_switch is either unconnected or has no load
WARNING: [Synth 8-7129] Port shift_2 in module bs_switch_v1_0_1_bs_switch is either unconnected or has no load
WARNING: [Synth 8-7129] Port update_2 in module bs_switch_v1_0_1_bs_switch is either unconnected or has no load
WARNING: [Synth 8-7129] Port tdi_2 in module bs_switch_v1_0_1_bs_switch is either unconnected or has no load
WARNING: [Synth 8-7129] Port runtest_2 in module bs_switch_v1_0_1_bs_switch is either unconnected or has no load
WARNING: [Synth 8-7129] Port tck_2 in module bs_switch_v1_0_1_bs_switch is either unconnected or has no load
WARNING: [Synth 8-7129] Port tms_2 in module bs_switch_v1_0_1_bs_switch is either unconnected or has no load
WARNING: [Synth 8-7129] Port bscanid_en_2 in module bs_switch_v1_0_1_bs_switch is either unconnected or has no load
WARNING: [Synth 8-7129] Port drck_3 in module bs_switch_v1_0_1_bs_switch is either unconnected or has no load
WARNING: [Synth 8-7129] Port reset_3 in module bs_switch_v1_0_1_bs_switch is either unconnected or has no load
WARNING: [Synth 8-7129] Port sel_3 in module bs_switch_v1_0_1_bs_switch is either unconnected or has no load
WARNING: [Synth 8-7129] Port capture_3 in module bs_switch_v1_0_1_bs_switch is either unconnected or has no load
WARNING: [Synth 8-7129] Port shift_3 in module bs_switch_v1_0_1_bs_switch is either unconnected or has no load
WARNING: [Synth 8-7129] Port update_3 in module bs_switch_v1_0_1_bs_switch is either unconnected or has no load
WARNING: [Synth 8-7129] Port tdi_3 in module bs_switch_v1_0_1_bs_switch is either unconnected or has no load
WARNING: [Synth 8-7129] Port runtest_3 in module bs_switch_v1_0_1_bs_switch is either unconnected or has no load
WARNING: [Synth 8-7129] Port tck_3 in module bs_switch_v1_0_1_bs_switch is either unconnected or has no load
WARNING: [Synth 8-7129] Port tms_3 in module bs_switch_v1_0_1_bs_switch is either unconnected or has no load
WARNING: [Synth 8-7129] Port bscanid_en_3 in module bs_switch_v1_0_1_bs_switch is either unconnected or has no load
WARNING: [Synth 8-7129] Port drck_4 in module bs_switch_v1_0_1_bs_switch is either unconnected or has no load
WARNING: [Synth 8-7129] Port reset_4 in module bs_switch_v1_0_1_bs_switch is either unconnected or has no load
WARNING: [Synth 8-7129] Port sel_4 in module bs_switch_v1_0_1_bs_switch is either unconnected or has no load
WARNING: [Synth 8-7129] Port capture_4 in module bs_switch_v1_0_1_bs_switch is either unconnected or has no load
WARNING: [Synth 8-7129] Port shift_4 in module bs_switch_v1_0_1_bs_switch is either unconnected or has no load
WARNING: [Synth 8-7129] Port update_4 in module bs_switch_v1_0_1_bs_switch is either unconnected or has no load
WARNING: [Synth 8-7129] Port tdi_4 in module bs_switch_v1_0_1_bs_switch is either unconnected or has no load
WARNING: [Synth 8-7129] Port runtest_4 in module bs_switch_v1_0_1_bs_switch is either unconnected or has no load
WARNING: [Synth 8-7129] Port tck_4 in module bs_switch_v1_0_1_bs_switch is either unconnected or has no load
WARNING: [Synth 8-7129] Port tms_4 in module bs_switch_v1_0_1_bs_switch is either unconnected or has no load
WARNING: [Synth 8-7129] Port bscanid_en_4 in module bs_switch_v1_0_1_bs_switch is either unconnected or has no load
WARNING: [Synth 8-7129] Port drck_5 in module bs_switch_v1_0_1_bs_switch is either unconnected or has no load
WARNING: [Synth 8-7129] Port reset_5 in module bs_switch_v1_0_1_bs_switch is either unconnected or has no load
WARNING: [Synth 8-7129] Port sel_5 in module bs_switch_v1_0_1_bs_switch is either unconnected or has no load
WARNING: [Synth 8-7129] Port capture_5 in module bs_switch_v1_0_1_bs_switch is either unconnected or has no load
WARNING: [Synth 8-7129] Port shift_5 in module bs_switch_v1_0_1_bs_switch is either unconnected or has no load
WARNING: [Synth 8-7129] Port update_5 in module bs_switch_v1_0_1_bs_switch is either unconnected or has no load
WARNING: [Synth 8-7129] Port tdi_5 in module bs_switch_v1_0_1_bs_switch is either unconnected or has no load
WARNING: [Synth 8-7129] Port runtest_5 in module bs_switch_v1_0_1_bs_switch is either unconnected or has no load
WARNING: [Synth 8-7129] Port tck_5 in module bs_switch_v1_0_1_bs_switch is either unconnected or has no load
WARNING: [Synth 8-7129] Port tms_5 in module bs_switch_v1_0_1_bs_switch is either unconnected or has no load
WARNING: [Synth 8-7129] Port bscanid_en_5 in module bs_switch_v1_0_1_bs_switch is either unconnected or has no load
WARNING: [Synth 8-7129] Port drck_6 in module bs_switch_v1_0_1_bs_switch is either unconnected or has no load
WARNING: [Synth 8-7129] Port reset_6 in module bs_switch_v1_0_1_bs_switch is either unconnected or has no load
WARNING: [Synth 8-7129] Port sel_6 in module bs_switch_v1_0_1_bs_switch is either unconnected or has no load
WARNING: [Synth 8-7129] Port capture_6 in module bs_switch_v1_0_1_bs_switch is either unconnected or has no load
WARNING: [Synth 8-7129] Port shift_6 in module bs_switch_v1_0_1_bs_switch is either unconnected or has no load
WARNING: [Synth 8-7129] Port update_6 in module bs_switch_v1_0_1_bs_switch is either unconnected or has no load
WARNING: [Synth 8-7129] Port tdi_6 in module bs_switch_v1_0_1_bs_switch is either unconnected or has no load
WARNING: [Synth 8-7129] Port runtest_6 in module bs_switch_v1_0_1_bs_switch is either unconnected or has no load
WARNING: [Synth 8-7129] Port tck_6 in module bs_switch_v1_0_1_bs_switch is either unconnected or has no load
WARNING: [Synth 8-7129] Port tms_6 in module bs_switch_v1_0_1_bs_switch is either unconnected or has no load
WARNING: [Synth 8-7129] Port bscanid_en_6 in module bs_switch_v1_0_1_bs_switch is either unconnected or has no load
WARNING: [Synth 8-7129] Port drck_7 in module bs_switch_v1_0_1_bs_switch is either unconnected or has no load
WARNING: [Synth 8-7129] Port reset_7 in module bs_switch_v1_0_1_bs_switch is either unconnected or has no load
WARNING: [Synth 8-7129] Port sel_7 in module bs_switch_v1_0_1_bs_switch is either unconnected or has no load
WARNING: [Synth 8-7129] Port capture_7 in module bs_switch_v1_0_1_bs_switch is either unconnected or has no load
WARNING: [Synth 8-7129] Port shift_7 in module bs_switch_v1_0_1_bs_switch is either unconnected or has no load
WARNING: [Synth 8-7129] Port update_7 in module bs_switch_v1_0_1_bs_switch is either unconnected or has no load
WARNING: [Synth 8-7129] Port tdi_7 in module bs_switch_v1_0_1_bs_switch is either unconnected or has no load
WARNING: [Synth 8-7129] Port runtest_7 in module bs_switch_v1_0_1_bs_switch is either unconnected or has no load
WARNING: [Synth 8-7129] Port tck_7 in module bs_switch_v1_0_1_bs_switch is either unconnected or has no load
WARNING: [Synth 8-7129] Port tms_7 in module bs_switch_v1_0_1_bs_switch is either unconnected or has no load
WARNING: [Synth 8-7129] Port bscanid_en_7 in module bs_switch_v1_0_1_bs_switch is either unconnected or has no load
WARNING: [Synth 8-7129] Port drck_8 in module bs_switch_v1_0_1_bs_switch is either unconnected or has no load
WARNING: [Synth 8-7129] Port reset_8 in module bs_switch_v1_0_1_bs_switch is either unconnected or has no load
WARNING: [Synth 8-7129] Port sel_8 in module bs_switch_v1_0_1_bs_switch is either unconnected or has no load
WARNING: [Synth 8-7129] Port capture_8 in module bs_switch_v1_0_1_bs_switch is either unconnected or has no load
WARNING: [Synth 8-7129] Port shift_8 in module bs_switch_v1_0_1_bs_switch is either unconnected or has no load
WARNING: [Synth 8-7129] Port update_8 in module bs_switch_v1_0_1_bs_switch is either unconnected or has no load
WARNING: [Synth 8-7129] Port tdi_8 in module bs_switch_v1_0_1_bs_switch is either unconnected or has no load
WARNING: [Synth 8-7129] Port runtest_8 in module bs_switch_v1_0_1_bs_switch is either unconnected or has no load
WARNING: [Synth 8-7129] Port tck_8 in module bs_switch_v1_0_1_bs_switch is either unconnected or has no load
WARNING: [Synth 8-7129] Port tms_8 in module bs_switch_v1_0_1_bs_switch is either unconnected or has no load
WARNING: [Synth 8-7129] Port bscanid_en_8 in module bs_switch_v1_0_1_bs_switch is either unconnected or has no load
WARNING: [Synth 8-7129] Port drck_9 in module bs_switch_v1_0_1_bs_switch is either unconnected or has no load
WARNING: [Synth 8-7129] Port reset_9 in module bs_switch_v1_0_1_bs_switch is either unconnected or has no load
WARNING: [Synth 8-7129] Port sel_9 in module bs_switch_v1_0_1_bs_switch is either unconnected or has no load
WARNING: [Synth 8-7129] Port capture_9 in module bs_switch_v1_0_1_bs_switch is either unconnected or has no load
WARNING: [Synth 8-7129] Port shift_9 in module bs_switch_v1_0_1_bs_switch is either unconnected or has no load
WARNING: [Synth 8-7129] Port update_9 in module bs_switch_v1_0_1_bs_switch is either unconnected or has no load
WARNING: [Synth 8-7129] Port tdi_9 in module bs_switch_v1_0_1_bs_switch is either unconnected or has no load
WARNING: [Synth 8-7129] Port runtest_9 in module bs_switch_v1_0_1_bs_switch is either unconnected or has no load
WARNING: [Synth 8-7129] Port tck_9 in module bs_switch_v1_0_1_bs_switch is either unconnected or has no load
WARNING: [Synth 8-7129] Port tms_9 in module bs_switch_v1_0_1_bs_switch is either unconnected or has no load
WARNING: [Synth 8-7129] Port bscanid_en_9 in module bs_switch_v1_0_1_bs_switch is either unconnected or has no load
WARNING: [Synth 8-7129] Port drck_10 in module bs_switch_v1_0_1_bs_switch is either unconnected or has no load
INFO: [Common 17-14] Message 'Synth 8-7129' appears 100 times and further instances of the messages will be disabled. Use the Tcl command set_msg_config to change the current settings.
---------------------------------------------------------------------------------
Finished RTL Elaboration : Time (s): cpu = 00:00:09 ; elapsed = 00:00:09 . Memory (MB): peak = 3377.645 ; gain = 353.703 ; free physical = 104124 ; free virtual = 229798
Synthesis current peak Physical Memory [PSS] (MB): peak = 2528.418; parent = 2389.755; children = 140.515
Synthesis current peak Virtual Memory [VSS] (MB): peak = 4377.594; parent = 3377.648; children = 999.945
---------------------------------------------------------------------------------
---------------------------------------------------------------------------------
Start Handling Custom Attributes
---------------------------------------------------------------------------------
---------------------------------------------------------------------------------
Finished Handling Custom Attributes : Time (s): cpu = 00:00:09 ; elapsed = 00:00:10 . Memory (MB): peak = 3392.488 ; gain = 368.547 ; free physical = 104339 ; free virtual = 230012
Synthesis current peak Physical Memory [PSS] (MB): peak = 2528.418; parent = 2389.755; children = 140.515
Synthesis current peak Virtual Memory [VSS] (MB): peak = 4392.438; parent = 3392.492; children = 999.945
---------------------------------------------------------------------------------
---------------------------------------------------------------------------------
Finished RTL Optimization Phase 1 : Time (s): cpu = 00:00:09 ; elapsed = 00:00:10 . Memory (MB): peak = 3392.488 ; gain = 368.547 ; free physical = 104425 ; free virtual = 230098
Synthesis current peak Physical Memory [PSS] (MB): peak = 2528.418; parent = 2389.755; children = 140.515
Synthesis current peak Virtual Memory [VSS] (MB): peak = 4392.438; parent = 3392.492; children = 999.945
---------------------------------------------------------------------------------
Netlist sorting complete. Time (s): cpu = 00:00:00 ; elapsed = 00:00:00 . Memory (MB): peak = 3392.488 ; gain = 0.000 ; free physical = 104484 ; free virtual = 230157
INFO: [Project 1-570] Preparing netlist for logic optimization

Processing XDC Constraints
Initializing timing engine
Parsing XDC File [/home/uni/project/smartssd/add_two_numbers/_x/link/vivado/vpl/prj/prj.gen/my_rm/bd/ulp/ip/ulp_user_debug_bridge_0/bd_0/ip/ip_2/bd_9997_bs_switch_1_0_ooc.xdc] for cell 'inst'
Finished Parsing XDC File [/home/uni/project/smartssd/add_two_numbers/_x/link/vivado/vpl/prj/prj.gen/my_rm/bd/ulp/ip/ulp_user_debug_bridge_0/bd_0/ip/ip_2/bd_9997_bs_switch_1_0_ooc.xdc] for cell 'inst'
Parsing XDC File [/home/uni/project/smartssd/add_two_numbers/_x/link/vivado/vpl/prj/prj.gen/my_rm/bd/ulp/ip/ulp_user_debug_bridge_0/bd_0/ip/ip_2/constraints/bs_switch.xdc] for cell 'inst'
Finished Parsing XDC File [/home/uni/project/smartssd/add_two_numbers/_x/link/vivado/vpl/prj/prj.gen/my_rm/bd/ulp/ip/ulp_user_debug_bridge_0/bd_0/ip/ip_2/constraints/bs_switch.xdc] for cell 'inst'
INFO: [Project 1-236] Implementation specific constraints were found while reading constraint file [/home/uni/project/smartssd/add_two_numbers/_x/link/vivado/vpl/prj/prj.gen/my_rm/bd/ulp/ip/ulp_user_debug_bridge_0/bd_0/ip/ip_2/constraints/bs_switch.xdc]. These constraints will be ignored for synthesis but will be used in implementation. Impacted constraints are listed in the file [.Xil/bd_9997_bs_switch_1_0_propImpl.xdc].
Resolution: To avoid this warning, move constraints listed in [.Xil/bd_9997_bs_switch_1_0_propImpl.xdc] to another XDC file and exclude this new file from synthesis with the used_in_synthesis property (File Properties dialog in GUI) and re-run elaboration/synthesis.
Parsing XDC File [/home/uni/project/smartssd/add_two_numbers/_x/link/vivado/vpl/prj/prj.runs/bd_9997_bs_switch_1_0_synth_1/dont_touch.xdc]
Finished Parsing XDC File [/home/uni/project/smartssd/add_two_numbers/_x/link/vivado/vpl/prj/prj.runs/bd_9997_bs_switch_1_0_synth_1/dont_touch.xdc]
Completed Processing XDC Constraints

Netlist sorting complete. Time (s): cpu = 00:00:00 ; elapsed = 00:00:00 . Memory (MB): peak = 3502.148 ; gain = 0.000 ; free physical = 106376 ; free virtual = 232049
INFO: [Project 1-111] Unisim Transformation Summary:
No Unisim elements were transformed.

Constraint Validation Runtime : Time (s): cpu = 00:00:00.02 ; elapsed = 00:00:00.02 . Memory (MB): peak = 3502.148 ; gain = 0.000 ; free physical = 106377 ; free virtual = 232050
INFO: [Designutils 20-5008] Incremental synthesis strategy off
INFO: [Synth 8-11241] undeclared symbol 'REGCCE', assumed default net type 'wire' [/home/dess/workspace/Xilinx/Vivado/2022.2/data/verilog/src/unimacro/BRAM_SINGLE_MACRO.v:2170]
---------------------------------------------------------------------------------
Finished Constraint Validation : Time (s): cpu = 00:00:19 ; elapsed = 00:00:20 . Memory (MB): peak = 3502.148 ; gain = 478.207 ; free physical = 106932 ; free virtual = 232601
Synthesis current peak Physical Memory [PSS] (MB): peak = 2528.418; parent = 2389.755; children = 141.853
Synthesis current peak Virtual Memory [VSS] (MB): peak = 4502.098; parent = 3502.152; children = 999.945
---------------------------------------------------------------------------------
---------------------------------------------------------------------------------
Start Loading Part and Timing Information
---------------------------------------------------------------------------------
Loading part: xcku15p-ffva1156-2LV-e
INFO: [Synth 8-6742] Reading net delay rules and data
---------------------------------------------------------------------------------
Finished Loading Part and Timing Information : Time (s): cpu = 00:00:19 ; elapsed = 00:00:20 . Memory (MB): peak = 3502.148 ; gain = 478.207 ; free physical = 106866 ; free virtual = 232535
Synthesis current peak Physical Memory [PSS] (MB): peak = 2528.418; parent = 2389.755; children = 141.853
Synthesis current peak Virtual Memory [VSS] (MB): peak = 4502.098; parent = 3502.152; children = 999.945
---------------------------------------------------------------------------------
---------------------------------------------------------------------------------
Start Applying 'set_property' XDC Constraints
---------------------------------------------------------------------------------
Applied set_property KEEP_HIERARCHY = SOFT for inst. (constraint file  /home/uni/project/smartssd/add_two_numbers/_x/link/vivado/vpl/prj/prj.runs/bd_9997_bs_switch_1_0_synth_1/dont_touch.xdc, line 6).
---------------------------------------------------------------------------------
Finished applying 'set_property' XDC Constraints : Time (s): cpu = 00:00:19 ; elapsed = 00:00:20 . Memory (MB): peak = 3502.148 ; gain = 478.207 ; free physical = 106795 ; free virtual = 232465
Synthesis current peak Physical Memory [PSS] (MB): peak = 2528.418; parent = 2389.755; children = 141.853
Synthesis current peak Virtual Memory [VSS] (MB): peak = 4502.098; parent = 3502.152; children = 999.945
---------------------------------------------------------------------------------
INFO: [Synth 8-802] inferred FSM for state register 'id_state_reg' in module 'bs_switch_v1_0_1_core'
INFO: [Synth 8-6159] Found Keep on FSM register 'id_state_reg' in module 'bs_switch_v1_0_1_core', re-encoding will not be performed
---------------------------------------------------------------------------------------------------
                   State |                     New Encoding |                Previous Encoding 
---------------------------------------------------------------------------------------------------
*
                  iSTATE |                               00 |                               00
                 iSTATE0 |                               01 |                               01
---------------------------------------------------------------------------------------------------
---------------------------------------------------------------------------------
Finished RTL Optimization Phase 2 : Time (s): cpu = 00:00:19 ; elapsed = 00:00:21 . Memory (MB): peak = 3502.148 ; gain = 478.207 ; free physical = 106370 ; free virtual = 232040
Synthesis current peak Physical Memory [PSS] (MB): peak = 2528.418; parent = 2389.755; children = 141.853
Synthesis current peak Virtual Memory [VSS] (MB): peak = 4502.098; parent = 3502.152; children = 999.945
---------------------------------------------------------------------------------
---------------------------------------------------------------------------------
Start RTL Component Statistics 
---------------------------------------------------------------------------------
Detailed RTL Component Info : 
+---Adders : 
	   2 Input    8 Bit       Adders := 1     
+---Registers : 
	               32 Bit    Registers := 3     
	                8 Bit    Registers := 1     
	                6 Bit    Registers := 2     
	                3 Bit    Registers := 2     
	                1 Bit    Registers := 1     
+---Muxes : 
	   2 Input   32 Bit        Muxes := 6     
	   2 Input    6 Bit        Muxes := 4     
	   6 Input    3 Bit        Muxes := 1     
	   2 Input    3 Bit        Muxes := 3     
	   3 Input    2 Bit        Muxes := 1     
	   2 Input    2 Bit        Muxes := 2     
	   2 Input    1 Bit        Muxes := 15    
	   3 Input    1 Bit        Muxes := 1     
---------------------------------------------------------------------------------
Finished RTL Component Statistics 
---------------------------------------------------------------------------------
---------------------------------------------------------------------------------
Start Part Resource Summary
---------------------------------------------------------------------------------
Part Resources:
DSPs: 1968 (col length:264)
BRAMs: 1968 (col length: RAMB18 264 RAMB36 132)
---------------------------------------------------------------------------------
Finished Part Resource Summary
---------------------------------------------------------------------------------
---------------------------------------------------------------------------------
Start Cross Boundary and Area Optimization
---------------------------------------------------------------------------------
WARNING: [Synth 8-7080] Parallel synthesis criteria is not met
---------------------------------------------------------------------------------
Finished Cross Boundary and Area Optimization : Time (s): cpu = 00:00:22 ; elapsed = 00:00:24 . Memory (MB): peak = 3502.148 ; gain = 478.207 ; free physical = 104714 ; free virtual = 230388
Synthesis current peak Physical Memory [PSS] (MB): peak = 2528.418; parent = 2389.755; children = 142.194
Synthesis current peak Virtual Memory [VSS] (MB): peak = 4502.098; parent = 3502.152; children = 999.945
---------------------------------------------------------------------------------
---------------------------------------------------------------------------------
Start Applying XDC Timing Constraints
---------------------------------------------------------------------------------
---------------------------------------------------------------------------------
Finished Applying XDC Timing Constraints : Time (s): cpu = 00:00:37 ; elapsed = 00:00:41 . Memory (MB): peak = 3839.594 ; gain = 815.652 ; free physical = 102458 ; free virtual = 228134
Synthesis current peak Physical Memory [PSS] (MB): peak = 3016.194; parent = 2880.611; children = 142.194
Synthesis current peak Virtual Memory [VSS] (MB): peak = 4839.543; parent = 3839.598; children = 999.945
---------------------------------------------------------------------------------
---------------------------------------------------------------------------------
Start Timing Optimization
---------------------------------------------------------------------------------
---------------------------------------------------------------------------------
Finished Timing Optimization : Time (s): cpu = 00:00:37 ; elapsed = 00:00:41 . Memory (MB): peak = 3839.594 ; gain = 815.652 ; free physical = 102392 ; free virtual = 228069
Synthesis current peak Physical Memory [PSS] (MB): peak = 3016.390; parent = 2880.809; children = 142.194
Synthesis current peak Virtual Memory [VSS] (MB): peak = 4839.543; parent = 3839.598; children = 999.945
---------------------------------------------------------------------------------
---------------------------------------------------------------------------------
Start Technology Mapping
---------------------------------------------------------------------------------
---------------------------------------------------------------------------------
Finished Technology Mapping : Time (s): cpu = 00:00:37 ; elapsed = 00:00:41 . Memory (MB): peak = 3858.625 ; gain = 834.684 ; free physical = 102266 ; free virtual = 227942
Synthesis current peak Physical Memory [PSS] (MB): peak = 3016.819; parent = 2881.242; children = 142.194
Synthesis current peak Virtual Memory [VSS] (MB): peak = 4858.574; parent = 3858.629; children = 999.945
---------------------------------------------------------------------------------
---------------------------------------------------------------------------------
Start IO Insertion
---------------------------------------------------------------------------------
---------------------------------------------------------------------------------
Start Flattening Before IO Insertion
---------------------------------------------------------------------------------
---------------------------------------------------------------------------------
Finished Flattening Before IO Insertion
---------------------------------------------------------------------------------
---------------------------------------------------------------------------------
Start Final Netlist Cleanup
---------------------------------------------------------------------------------
---------------------------------------------------------------------------------
Finished Final Netlist Cleanup
---------------------------------------------------------------------------------
---------------------------------------------------------------------------------
Finished IO Insertion : Time (s): cpu = 00:00:44 ; elapsed = 00:00:48 . Memory (MB): peak = 3864.562 ; gain = 840.621 ; free physical = 101148 ; free virtual = 226825
Synthesis current peak Physical Memory [PSS] (MB): peak = 3016.819; parent = 2881.242; children = 142.194
Synthesis current peak Virtual Memory [VSS] (MB): peak = 4864.512; parent = 3864.566; children = 999.945
---------------------------------------------------------------------------------
---------------------------------------------------------------------------------
Start Renaming Generated Instances
---------------------------------------------------------------------------------
---------------------------------------------------------------------------------
Finished Renaming Generated Instances : Time (s): cpu = 00:00:44 ; elapsed = 00:00:48 . Memory (MB): peak = 3864.562 ; gain = 840.621 ; free physical = 101113 ; free virtual = 226789
Synthesis current peak Physical Memory [PSS] (MB): peak = 3016.819; parent = 2881.242; children = 142.194
Synthesis current peak Virtual Memory [VSS] (MB): peak = 4864.512; parent = 3864.566; children = 999.945
---------------------------------------------------------------------------------
---------------------------------------------------------------------------------
Start Rebuilding User Hierarchy
---------------------------------------------------------------------------------
---------------------------------------------------------------------------------
Finished Rebuilding User Hierarchy : Time (s): cpu = 00:00:44 ; elapsed = 00:00:49 . Memory (MB): peak = 3864.562 ; gain = 840.621 ; free physical = 101079 ; free virtual = 226755
Synthesis current peak Physical Memory [PSS] (MB): peak = 3016.819; parent = 2881.242; children = 142.194
Synthesis current peak Virtual Memory [VSS] (MB): peak = 4864.512; parent = 3864.566; children = 999.945
---------------------------------------------------------------------------------
---------------------------------------------------------------------------------
Start Renaming Generated Ports
---------------------------------------------------------------------------------
---------------------------------------------------------------------------------
Finished Renaming Generated Ports : Time (s): cpu = 00:00:44 ; elapsed = 00:00:49 . Memory (MB): peak = 3864.562 ; gain = 840.621 ; free physical = 101063 ; free virtual = 226740
Synthesis current peak Physical Memory [PSS] (MB): peak = 3016.819; parent = 2881.242; children = 142.194
Synthesis current peak Virtual Memory [VSS] (MB): peak = 4864.512; parent = 3864.566; children = 999.945
---------------------------------------------------------------------------------
---------------------------------------------------------------------------------
Start Handling Custom Attributes
---------------------------------------------------------------------------------
---------------------------------------------------------------------------------
Finished Handling Custom Attributes : Time (s): cpu = 00:00:44 ; elapsed = 00:00:49 . Memory (MB): peak = 3864.562 ; gain = 840.621 ; free physical = 101030 ; free virtual = 226707
Synthesis current peak Physical Memory [PSS] (MB): peak = 3016.819; parent = 2881.242; children = 142.194
Synthesis current peak Virtual Memory [VSS] (MB): peak = 4864.512; parent = 3864.566; children = 999.945
---------------------------------------------------------------------------------
---------------------------------------------------------------------------------
Start Renaming Generated Nets
---------------------------------------------------------------------------------
---------------------------------------------------------------------------------
Finished Renaming Generated Nets : Time (s): cpu = 00:00:44 ; elapsed = 00:00:49 . Memory (MB): peak = 3864.562 ; gain = 840.621 ; free physical = 100999 ; free virtual = 226675
Synthesis current peak Physical Memory [PSS] (MB): peak = 3016.819; parent = 2881.242; children = 142.194
Synthesis current peak Virtual Memory [VSS] (MB): peak = 4864.512; parent = 3864.566; children = 999.945
---------------------------------------------------------------------------------
---------------------------------------------------------------------------------
Start Writing Synthesis Report
---------------------------------------------------------------------------------

Report BlackBoxes: 
+-+--------------+----------+
| |BlackBox name |Instances |
+-+--------------+----------+
+-+--------------+----------+

Report Cell Usage: 
+------+-------+------+
|      |Cell   |Count |
+------+-------+------+
|1     |CARRY8 |     1|
|2     |LUT1   |     1|
|3     |LUT2   |    34|
|4     |LUT3   |    12|
|5     |LUT4   |    36|
|6     |LUT5   |    43|
|7     |LUT6   |    21|
|8     |FDRE   |   120|
|9     |FDSE   |     5|
+------+-------+------+
---------------------------------------------------------------------------------
Finished Writing Synthesis Report : Time (s): cpu = 00:00:44 ; elapsed = 00:00:49 . Memory (MB): peak = 3864.562 ; gain = 840.621 ; free physical = 100971 ; free virtual = 226647
Synthesis current peak Physical Memory [PSS] (MB): peak = 3016.819; parent = 2881.242; children = 142.194
Synthesis current peak Virtual Memory [VSS] (MB): peak = 4864.512; parent = 3864.566; children = 999.945
---------------------------------------------------------------------------------
Synthesis finished with 0 errors, 0 critical warnings and 193 warnings.
Synthesis Optimization Runtime : Time (s): cpu = 00:00:41 ; elapsed = 00:00:47 . Memory (MB): peak = 3864.562 ; gain = 730.961 ; free physical = 100948 ; free virtual = 226624
Synthesis Optimization Complete : Time (s): cpu = 00:00:44 ; elapsed = 00:00:50 . Memory (MB): peak = 3864.570 ; gain = 840.621 ; free physical = 100921 ; free virtual = 226597
INFO: [Project 1-571] Translating synthesized netlist
Netlist sorting complete. Time (s): cpu = 00:00:00 ; elapsed = 00:00:00 . Memory (MB): peak = 3878.500 ; gain = 0.000 ; free physical = 101042 ; free virtual = 226718
INFO: [Netlist 29-17] Analyzing 1 Unisim elements for replacement
INFO: [Netlist 29-28] Unisim Transformation completed in 0 CPU seconds
INFO: [Project 1-570] Preparing netlist for logic optimization
INFO: [Opt 31-138] Pushed 0 inverter(s) to 0 load pin(s).
Netlist sorting complete. Time (s): cpu = 00:00:00 ; elapsed = 00:00:00.01 . Memory (MB): peak = 3911.219 ; gain = 0.000 ; free physical = 100664 ; free virtual = 226340
INFO: [Project 1-111] Unisim Transformation Summary:
No Unisim elements were transformed.

Synth Design complete, checksum: 4ec424c0
INFO: [Common 17-83] Releasing license: Synthesis
49 Infos, 147 Warnings, 0 Critical Warnings and 0 Errors encountered.
synth_design completed successfully
synth_design: Time (s): cpu = 00:01:00 ; elapsed = 00:01:03 . Memory (MB): peak = 3911.219 ; gain = 1971.965 ; free physical = 101001 ; free virtual = 226678
INFO: [Common 17-600] The following parameters have non-default value.
general.maxThreads
INFO: [Common 17-1381] The checkpoint '/home/uni/project/smartssd/add_two_numbers/_x/link/vivado/vpl/prj/prj.runs/bd_9997_bs_switch_1_0_synth_1/bd_9997_bs_switch_1_0.dcp' has been generated.
INFO: [Coretcl 2-1648] Added synthesis output to IP cache for IP bd_9997_bs_switch_1_0, cache-ID = 7958c08d4e20b99b
INFO: [Coretcl 2-1174] Renamed 2 cell refs.
INFO: [Common 17-1381] The checkpoint '/home/uni/project/smartssd/add_two_numbers/_x/link/vivado/vpl/prj/prj.runs/bd_9997_bs_switch_1_0_synth_1/bd_9997_bs_switch_1_0.dcp' has been generated.
INFO: [runtcl-4] Executing : report_utilization -file bd_9997_bs_switch_1_0_utilization_synth.rpt -pb bd_9997_bs_switch_1_0_utilization_synth.pb
INFO: [Common 17-206] Exiting Vivado at Tue Aug 18 01:06:23 2026...
