
*** Running vivado
    with args -log ulp_add_two_numbers_1_0.vds -m64 -product Vivado -mode batch -messageDb vivado.pb -notrace -source ulp_add_two_numbers_1_0.tcl


****** Vivado v2022.2.2 (64-bit)
  **** SW Build 3788238 on Tue Feb 21 19:59:23 MST 2023
  **** IP Build 3783773 on Tue Feb 21 23:41:56 MST 2023
    ** Copyright 1986-2023 Xilinx, Inc. All Rights Reserved.

source ulp_add_two_numbers_1_0.tcl -notrace
INFO: Dispatch client connection id - 44803
create_project: Time (s): cpu = 00:00:08 ; elapsed = 00:00:08 . Memory (MB): peak = 1831.621 ; gain = 89.992 ; free physical = 103493 ; free virtual = 229194
INFO: [IP_Flow 19-234] Refreshing IP repositories
WARNING: [IP_Flow 19-1694] Ignoring duplicate Bus Definition IP file 'xilinx.com:display_pcie4:pcie4_gt_if:1.0' found within IP repository '/home/uni/project/smartssd/add_two_numbers/_x/link/vivado/vpl/.local/hw_platform/iprepo'.
File in use: /home/uni/project/smartssd/add_two_numbers/_x/link/vivado/vpl/.local/hw_platform/iprepo/ipdefs/other_ipdefs/xdma_v4_1/interfaces/pcie4_gt_if.xml
File ignored: /home/uni/project/smartssd/add_two_numbers/_x/link/vivado/vpl/.local/hw_platform/iprepo/ipdefs/other_ipdefs/pcie4_uscale_plus_v1_3/interfaces/pcie4_gt_if.xml
WARNING: [IP_Flow 19-1694] Ignoring duplicate Bus Definition IP file 'xilinx.com:display_pcie4_uscaleplus:ext_gtcom:1.0' found within IP repository '/home/uni/project/smartssd/add_two_numbers/_x/link/vivado/vpl/.local/hw_platform/iprepo'.
File in use: /home/uni/project/smartssd/add_two_numbers/_x/link/vivado/vpl/.local/hw_platform/iprepo/ipdefs/other_ipdefs/xdma_v4_1/interfaces/pcie4_usp_ext_gtcom.xml
File ignored: /home/uni/project/smartssd/add_two_numbers/_x/link/vivado/vpl/.local/hw_platform/iprepo/ipdefs/other_ipdefs/pcie4_uscale_plus_v1_3/interfaces/pcie4_usp_ext_gtcom.xml
WARNING: [IP_Flow 19-1694] Ignoring duplicate Bus Abstraction IP file 'xilinx.com:display_pcie4:pcie4_gt_if_rtl:1.0' found within IP repository '/home/uni/project/smartssd/add_two_numbers/_x/link/vivado/vpl/.local/hw_platform/iprepo'.
File in use: /home/uni/project/smartssd/add_two_numbers/_x/link/vivado/vpl/.local/hw_platform/iprepo/ipdefs/other_ipdefs/xdma_v4_1/interfaces/pcie4_gt_if_rtl.xml
File ignored: /home/uni/project/smartssd/add_two_numbers/_x/link/vivado/vpl/.local/hw_platform/iprepo/ipdefs/other_ipdefs/pcie4_uscale_plus_v1_3/interfaces/pcie4_gt_if_rtl.xml
WARNING: [IP_Flow 19-1694] Ignoring duplicate Bus Abstraction IP file 'xilinx.com:display_pcie4_uscaleplus:int_gtcom_rtl:1.0' found within IP repository '/home/uni/project/smartssd/add_two_numbers/_x/link/vivado/vpl/.local/hw_platform/iprepo'.
File in use: /home/uni/project/smartssd/add_two_numbers/_x/link/vivado/vpl/.local/hw_platform/iprepo/ipdefs/other_ipdefs/xdma_v4_1/interfaces/pcie4_usp_int_gtcom_rtl.xml
File ignored: /home/uni/project/smartssd/add_two_numbers/_x/link/vivado/vpl/.local/hw_platform/iprepo/ipdefs/other_ipdefs/pcie4_uscale_plus_v1_3/interfaces/pcie4_usp_int_gtcom_rtl.xml
WARNING: [IP_Flow 19-1694] Ignoring duplicate Bus Abstraction IP file 'xilinx.com:display_pcie4_uscaleplus:ext_gtcom_rtl:1.0' found within IP repository '/home/uni/project/smartssd/add_two_numbers/_x/link/vivado/vpl/.local/hw_platform/iprepo'.
File in use: /home/uni/project/smartssd/add_two_numbers/_x/link/vivado/vpl/.local/hw_platform/iprepo/ipdefs/other_ipdefs/xdma_v4_1/interfaces/pcie4_usp_ext_gtcom_rtl.xml
File ignored: /home/uni/project/smartssd/add_two_numbers/_x/link/vivado/vpl/.local/hw_platform/iprepo/ipdefs/other_ipdefs/pcie4_uscale_plus_v1_3/interfaces/pcie4_usp_ext_gtcom_rtl.xml
WARNING: [IP_Flow 19-1694] Ignoring duplicate Bus Definition IP file 'xilinx.com:display_pcie4_uscaleplus:int_gtcom:1.0' found within IP repository '/home/uni/project/smartssd/add_two_numbers/_x/link/vivado/vpl/.local/hw_platform/iprepo'.
File in use: /home/uni/project/smartssd/add_two_numbers/_x/link/vivado/vpl/.local/hw_platform/iprepo/ipdefs/other_ipdefs/xdma_v4_1/interfaces/pcie4_usp_int_gtcom.xml
File ignored: /home/uni/project/smartssd/add_two_numbers/_x/link/vivado/vpl/.local/hw_platform/iprepo/ipdefs/other_ipdefs/pcie4_uscale_plus_v1_3/interfaces/pcie4_usp_int_gtcom.xml
INFO: [IP_Flow 19-1700] Loaded user IP repository '/home/uni/project/smartssd/add_two_numbers/_x/link/vivado/vpl/.local/hw_platform/iprepo'.
INFO: [IP_Flow 19-1700] Loaded user IP repository '/home/uni/project/smartssd/add_two_numbers/_x/link/int/xo/ip_repo/xilinx_com_hls_add_two_numbers_1_0'.
WARNING: [IP_Flow 19-2207] Repository '/home/uni/project/smartssd/add_two_numbers/_x/link/vivado/vpl/.local/hw_platform/iprepo' already exists; ignoring attempt to add it again.
INFO: [IP_Flow 19-1700] Loaded user IP repository '/home/uni/project/smartssd/add_two_numbers/_x/link/vivado/vpl/.local/hw_platform/iprepo'.
INFO: [IP_Flow 19-1700] Loaded user IP repository '/home/uni/project/smartssd/add_two_numbers/_x/link/vivado/vpl/.local/hw_platform/ipcache'.
INFO: [IP_Flow 19-1700] Loaded user IP repository '/home/dess/workspace/Xilinx/Vitis/2022.2/data/ip'.
INFO: [IP_Flow 19-2313] Loaded Vivado IP repository '/home/dess/workspace/Xilinx/Vivado/2022.2/data/ip'.
WARNING: [IP_Flow 19-1663] Duplicate IP found for 'xilinx.com:ip:icap_arb:1.0'. The one found in IP location '/home/uni/project/smartssd/add_two_numbers/_x/link/vivado/vpl/.local/hw_platform/iprepo/ipdefs/other_ipdefs/icap_arb_v1_0' will take precedence over the same IP in the Xilinx installed IP.
WARNING: [IP_Flow 19-1663] Duplicate IP found for 'xilinx.com:ip:axi_clk_metadata_adapter:1.0'. The one found in IP location '/home/uni/project/smartssd/add_two_numbers/_x/link/vivado/vpl/.local/hw_platform/iprepo/ipdefs/other_ipdefs/axi_clk_metadata_adapter_v1_0' will take precedence over the same IP in location /home/uni/project/smartssd/add_two_numbers/_x/link/vivado/vpl/.local/hw_platform/iprepo/ipdefs/ii_infra_ipdefs/axi_clk_metadata_adapter_v1_0
WARNING: [IP_Flow 19-1663] Duplicate IP found for 'xilinx.com:ip:axis_clk_metadata_adapter:1.0'. The one found in IP location '/home/uni/project/smartssd/add_two_numbers/_x/link/vivado/vpl/.local/hw_platform/iprepo/ipdefs/other_ipdefs/axis_clk_metadata_adapter_v1_0' will take precedence over the same IP in location /home/uni/project/smartssd/add_two_numbers/_x/link/vivado/vpl/.local/hw_platform/iprepo/ipdefs/ii_infra_ipdefs/axis_clk_metadata_adapter_v1_0
WARNING: [IP_Flow 19-1663] Duplicate IP found for 'xilinx.com:ip:hbm_memory_subsystem:2.0'. The one found in IP location '/home/uni/project/smartssd/add_two_numbers/_x/link/vivado/vpl/.local/hw_platform/iprepo/ipdefs/other_ipdefs/hbm_memory_subsystem_v2_0' will take precedence over the same IP in the Xilinx installed IP.
WARNING: [IP_Flow 19-1663] Duplicate IP found for 'xilinx.com:ip:shell_utils_build_info:1.0'. The one found in IP location '/home/uni/project/smartssd/add_two_numbers/_x/link/vivado/vpl/.local/hw_platform/iprepo/ipdefs/other_ipdefs/shell_utils_build_info_v1_0' will take precedence over the same IP in the Xilinx installed IP.
WARNING: [IP_Flow 19-1663] Duplicate IP found for 'xilinx.com:ip:xdma:4.1'. The one found in IP location '/home/uni/project/smartssd/add_two_numbers/_x/link/vivado/vpl/.local/hw_platform/iprepo/ipdefs/other_ipdefs/xdma_v4_1' will take precedence over the same IP in the Xilinx installed IP.
WARNING: [IP_Flow 19-1663] Duplicate IP found for 'xilinx.com:ip:shell_utils_msp432_bsl_crc_gen:1.0'. The one found in IP location '/home/uni/project/smartssd/add_two_numbers/_x/link/vivado/vpl/.local/hw_platform/iprepo/ipdefs/other_ipdefs/shell_utils_msp432_bsl_crc_gen_v1_0' will take precedence over the same IP in the Xilinx installed IP.
WARNING: [IP_Flow 19-1663] Duplicate IP found for 'xilinx.com:ip:axi_hwicap:3.0'. The one found in IP location '/home/uni/project/smartssd/add_two_numbers/_x/link/vivado/vpl/.local/hw_platform/iprepo/ipdefs/other_ipdefs/axi_hwicap_v3_0' will take precedence over the same IP in the Xilinx installed IP.
WARNING: [IP_Flow 19-1663] Duplicate IP found for 'xilinx.com:ip:pcie4_uscale_plus:1.3'. The one found in IP location '/home/uni/project/smartssd/add_two_numbers/_x/link/vivado/vpl/.local/hw_platform/iprepo/ipdefs/other_ipdefs/pcie4_uscale_plus_v1_3' will take precedence over the same IP in the Xilinx installed IP.
WARNING: [IP_Flow 19-1663] Duplicate IP found for 'xilinx.com:ip:mailbox:2.1'. The one found in IP location '/home/uni/project/smartssd/add_two_numbers/_x/link/vivado/vpl/.local/hw_platform/iprepo/ipdefs/other_ipdefs/mailbox_v2_1' will take precedence over the same IP in the Xilinx installed IP.
WARNING: [IP_Flow 19-1663] Duplicate IP found for 'xilinx.com:ip:clk_metadata_adapter:1.0'. The one found in IP location '/home/uni/project/smartssd/add_two_numbers/_x/link/vivado/vpl/.local/hw_platform/iprepo/ipdefs/other_ipdefs/clk_metadata_adapter_v1_0' will take precedence over the same IP in location /home/uni/project/smartssd/add_two_numbers/_x/link/vivado/vpl/.local/hw_platform/iprepo/ipdefs/ii_infra_ipdefs/clk_metadata_adapter_v1_0
WARNING: [IP_Flow 19-1663] Duplicate IP found for 'xilinx.com:ip:pipeline_reg:1.0'. The one found in IP location '/home/uni/project/smartssd/add_two_numbers/_x/link/vivado/vpl/.local/hw_platform/iprepo/ipdefs/other_ipdefs/pipeline_reg_v1_0' will take precedence over the same IP in location /home/uni/project/smartssd/add_two_numbers/_x/link/vivado/vpl/.local/hw_platform/iprepo/ipdefs/ii_infra_ipdefs/pipeline_reg_v1_0
WARNING: [IP_Flow 19-4830] Duplicate Interface found for 'xilinx.com:display_pcie3_ultrascale:pcie3_us_gt_if:1.0'. The one found in location '/home/uni/project/smartssd/add_two_numbers/_x/link/vivado/vpl/.local/hw_platform/iprepo/ipdefs/other_ipdefs/xdma_v4_1/interfaces/pcie3_us_gt_if.xml' will take precedence over the same Interface in location '/home/dess/workspace/Xilinx/Vivado/2022.2/data/ip/xilinx/pcie3_ultrascale_v4_4/interfaces/pcie3_us_gt_if.xml'
WARNING: [IP_Flow 19-4830] Duplicate Interface found for 'xilinx.com:display_pcie4:pcie4_gt_if:1.0'. The one found in location '/home/uni/project/smartssd/add_two_numbers/_x/link/vivado/vpl/.local/hw_platform/iprepo/ipdefs/other_ipdefs/xdma_v4_1/interfaces/pcie4_gt_if.xml' will take precedence over the same Interface in location '/home/dess/workspace/Xilinx/Vivado/2022.2/data/ip/xilinx/pcie4_uscale_plus_v1_3/interfaces/pcie4_gt_if.xml'
WARNING: [IP_Flow 19-4830] Duplicate Interface found for 'xilinx.com:display_xdma:pcie3_7x_transceiver_debug:1.0'. The one found in location '/home/uni/project/smartssd/add_two_numbers/_x/link/vivado/vpl/.local/hw_platform/iprepo/ipdefs/other_ipdefs/xdma_v4_1/interfaces/pcie3_7x_transceiver_debug.xml' will take precedence over the same Interface in location '/home/dess/workspace/Xilinx/Vivado/2022.2/data/ip/xilinx/qdma_v5_0/interfaces/pcie3_7x_transceiver_debug.xml'
WARNING: [IP_Flow 19-4830] Duplicate Interface found for 'xilinx.com:display_xdma:int_shared_logic:1.0'. The one found in location '/home/uni/project/smartssd/add_two_numbers/_x/link/vivado/vpl/.local/hw_platform/iprepo/ipdefs/other_ipdefs/xdma_v4_1/interfaces/pcie3_us_int_shared_logic.xml' will take precedence over the same Interface in location '/home/dess/workspace/Xilinx/Vivado/2022.2/data/ip/xilinx/qdma_v5_0/interfaces/pcie3_us_int_shared_logic.xml'
WARNING: [IP_Flow 19-4830] Duplicate Interface found for 'xilinx.com:display_pcie4_uscaleplus:ext_gtcom:1.0'. The one found in location '/home/uni/project/smartssd/add_two_numbers/_x/link/vivado/vpl/.local/hw_platform/iprepo/ipdefs/other_ipdefs/xdma_v4_1/interfaces/pcie4_usp_ext_gtcom.xml' will take precedence over the same Interface in location '/home/dess/workspace/Xilinx/Vivado/2022.2/data/ip/xilinx/pcie4_uscale_plus_v1_3/interfaces/pcie4_usp_ext_gtcom.xml'
WARNING: [IP_Flow 19-4830] Duplicate Interface found for 'xilinx.com:display_xdma:pcie_cfg_external_msix:1.0'. The one found in location '/home/uni/project/smartssd/add_two_numbers/_x/link/vivado/vpl/.local/hw_platform/iprepo/ipdefs/other_ipdefs/xdma_v4_1/interfaces/pcie_cfg_ext_msix.xml' will take precedence over the same Interface in location '/home/dess/workspace/Xilinx/Vivado/2022.2/data/ip/xilinx/xdma_v4_1/interfaces/pcie_cfg_ext_msix.xml'
WARNING: [IP_Flow 19-4830] Duplicate Interface found for 'xilinx.com:display_xdma:pcie3_us_transceiver_debug:1.0'. The one found in location '/home/uni/project/smartssd/add_two_numbers/_x/link/vivado/vpl/.local/hw_platform/iprepo/ipdefs/other_ipdefs/xdma_v4_1/interfaces/pcie3_us_transceiver_debug.xml' will take precedence over the same Interface in location '/home/dess/workspace/Xilinx/Vivado/2022.2/data/ip/xilinx/qdma_v5_0/interfaces/pcie3_us_transceiver_debug.xml'
WARNING: [IP_Flow 19-4830] Duplicate Interface found for 'xilinx.com:display_xdma:xdma_debug_ports:1.0'. The one found in location '/home/uni/project/smartssd/add_two_numbers/_x/link/vivado/vpl/.local/hw_platform/iprepo/ipdefs/other_ipdefs/xdma_v4_1/interfaces/xdma_debug_ports.xml' will take precedence over the same Interface in location '/home/dess/workspace/Xilinx/Vivado/2022.2/data/ip/xilinx/qdma_v5_0/interfaces/xdma_debug_ports.xml'
WARNING: [IP_Flow 19-4830] Duplicate Interface found for 'xilinx.com:display_xdma:pcie4_us_plus_transceiver_debug:1.0'. The one found in location '/home/uni/project/smartssd/add_two_numbers/_x/link/vivado/vpl/.local/hw_platform/iprepo/ipdefs/other_ipdefs/xdma_v4_1/interfaces/pcie4_us_plus_transceiver_debug.xml' will take precedence over the same Interface in location '/home/dess/workspace/Xilinx/Vivado/2022.2/data/ip/xilinx/qdma_v5_0/interfaces/pcie4_us_plus_transceiver_debug.xml'
WARNING: [IP_Flow 19-4830] Duplicate Interface found for 'xilinx.com:display_xdma:pcie_debug:1.0'. The one found in location '/home/uni/project/smartssd/add_two_numbers/_x/link/vivado/vpl/.local/hw_platform/iprepo/ipdefs/other_ipdefs/xdma_v4_1/interfaces/pcie_debug.xml' will take precedence over the same Interface in location '/home/dess/workspace/Xilinx/Vivado/2022.2/data/ip/xilinx/qdma_v5_0/interfaces/pcie_debug.xml'
WARNING: [IP_Flow 19-4830] Duplicate Interface found for 'xilinx.com:display_xdma:xdma_status_ports:1.0'. The one found in location '/home/uni/project/smartssd/add_two_numbers/_x/link/vivado/vpl/.local/hw_platform/iprepo/ipdefs/other_ipdefs/xdma_v4_1/interfaces/xdma_status_ports.xml' will take precedence over the same Interface in location '/home/dess/workspace/Xilinx/Vivado/2022.2/data/ip/xilinx/qdma_v5_0/interfaces/xdma_status_ports.xml'
WARNING: [IP_Flow 19-4830] Duplicate Interface found for 'xilinx.com:display_xdma:ext_shared_logic:1.0'. The one found in location '/home/uni/project/smartssd/add_two_numbers/_x/link/vivado/vpl/.local/hw_platform/iprepo/ipdefs/other_ipdefs/xdma_v4_1/interfaces/pcie3_us_ext_shared_logic.xml' will take precedence over the same Interface in location '/home/dess/workspace/Xilinx/Vivado/2022.2/data/ip/xilinx/xdma_v4_1/interfaces/pcie3_us_ext_shared_logic.xml'
WARNING: [IP_Flow 19-4830] Duplicate Interface found for 'xilinx.com:display_qdma:usr_flr:1.0'. The one found in location '/home/uni/project/smartssd/add_two_numbers/_x/link/vivado/vpl/.local/hw_platform/iprepo/ipdefs/other_ipdefs/xdma_v4_1/interfaces/usr_flr.xml' will take precedence over the same Interface in location '/home/dess/workspace/Xilinx/Vivado/2022.2/data/ip/xilinx/xdma_v4_1/interfaces/usr_flr.xml'
WARNING: [IP_Flow 19-4830] Duplicate Interface found for 'xilinx.com:display_pcie4_uscaleplus:int_gtcom:1.0'. The one found in location '/home/uni/project/smartssd/add_two_numbers/_x/link/vivado/vpl/.local/hw_platform/iprepo/ipdefs/other_ipdefs/xdma_v4_1/interfaces/pcie4_usp_int_gtcom.xml' will take precedence over the same Interface in location '/home/dess/workspace/Xilinx/Vivado/2022.2/data/ip/xilinx/pcie4_uscale_plus_v1_3/interfaces/pcie4_usp_int_gtcom.xml'
WARNING: [IP_Flow 19-4830] Duplicate Interface found for 'xilinx.com:display_xdma:dsc_bypass:1.0'. The one found in location '/home/uni/project/smartssd/add_two_numbers/_x/link/vivado/vpl/.local/hw_platform/iprepo/ipdefs/other_ipdefs/xdma_v4_1/interfaces/dsc_bypass.xml' will take precedence over the same Interface in location '/home/dess/workspace/Xilinx/Vivado/2022.2/data/ip/xilinx/xdma_v4_1/interfaces/dsc_bypass.xml'
WARNING: [IP_Flow 19-4830] Duplicate Interface found for 'xilinx.com:display_pcie4_uscaleplus:transceiver_debug:1.0'. The one found in location '/home/uni/project/smartssd/add_two_numbers/_x/link/vivado/vpl/.local/hw_platform/iprepo/ipdefs/other_ipdefs/pcie4_uscale_plus_v1_3/interfaces/transceiver_debug.xml' will take precedence over the same Interface in location '/home/dess/workspace/Xilinx/Vivado/2022.2/data/ip/xilinx/pcie4_uscale_plus_v1_3/interfaces/transceiver_debug.xml'
WARNING: [IP_Flow 19-4830] Duplicate Interface found for 'xilinx.com:display_pcie4:pcie4_cfg_external_msix:1.0'. The one found in location '/home/uni/project/smartssd/add_two_numbers/_x/link/vivado/vpl/.local/hw_platform/iprepo/ipdefs/other_ipdefs/pcie4_uscale_plus_v1_3/interfaces/pcie4_cfg_ext_msix.xml' will take precedence over the same Interface in location '/home/dess/workspace/Xilinx/Vivado/2022.2/data/ip/xilinx/pcie4_uscale_plus_v1_3/interfaces/pcie4_cfg_ext_msix.xml'
WARNING: [IP_Flow 19-4830] Duplicate Interface found for 'xilinx.com:display_pcie4:pcie4_cfg_msix_internal:1.0'. The one found in location '/home/uni/project/smartssd/add_two_numbers/_x/link/vivado/vpl/.local/hw_platform/iprepo/ipdefs/other_ipdefs/pcie4_uscale_plus_v1_3/interfaces/pcie4_cfg_msix_int.xml' will take precedence over the same Interface in location '/home/dess/workspace/Xilinx/Vivado/2022.2/data/ip/xilinx/pcie4_uscale_plus_v1_3/interfaces/pcie4_cfg_msix_int.xml'
WARNING: [IP_Flow 19-4830] Duplicate Interface found for 'xilinx.com:display_pcie4:pcie4_rbar:1.0'. The one found in location '/home/uni/project/smartssd/add_two_numbers/_x/link/vivado/vpl/.local/hw_platform/iprepo/ipdefs/other_ipdefs/pcie4_uscale_plus_v1_3/interfaces/pcie4_rbar.xml' will take precedence over the same Interface in location '/home/dess/workspace/Xilinx/Vivado/2022.2/data/ip/xilinx/pcie4_uscale_plus_v1_3/interfaces/pcie4_rbar.xml'
WARNING: [IP_Flow 19-4830] Duplicate Interface found for 'xilinx.com:display_pcie4:pcie4_cfg_control:1.0'. The one found in location '/home/uni/project/smartssd/add_two_numbers/_x/link/vivado/vpl/.local/hw_platform/iprepo/ipdefs/other_ipdefs/pcie4_uscale_plus_v1_3/interfaces/pcie4_cfg_control.xml' will take precedence over the same Interface in location '/home/dess/workspace/Xilinx/Vivado/2022.2/data/ip/xilinx/pcie4_uscale_plus_v1_3/interfaces/pcie4_cfg_control.xml'
WARNING: [IP_Flow 19-4830] Duplicate Interface found for 'xilinx.com:display_pcie4:pcie4_cfg_mgmt:1.0'. The one found in location '/home/uni/project/smartssd/add_two_numbers/_x/link/vivado/vpl/.local/hw_platform/iprepo/ipdefs/other_ipdefs/pcie4_uscale_plus_v1_3/interfaces/pcie4_cfg_mgmt.xml' will take precedence over the same Interface in location '/home/dess/workspace/Xilinx/Vivado/2022.2/data/ip/xilinx/pcie4_uscale_plus_v1_3/interfaces/pcie4_cfg_mgmt.xml'
WARNING: [IP_Flow 19-4830] Duplicate Interface found for 'xilinx.com:display_pcie4:pcie4_pl:1.0'. The one found in location '/home/uni/project/smartssd/add_two_numbers/_x/link/vivado/vpl/.local/hw_platform/iprepo/ipdefs/other_ipdefs/pcie4_uscale_plus_v1_3/interfaces/pcie4_pl.xml' will take precedence over the same Interface in location '/home/dess/workspace/Xilinx/Vivado/2022.2/data/ip/xilinx/pcie4_uscale_plus_v1_3/interfaces/pcie4_pl.xml'
WARNING: [IP_Flow 19-4830] Duplicate Interface found for 'xilinx.com:display_pcie4:pcie4_cfg_status:1.0'. The one found in location '/home/uni/project/smartssd/add_two_numbers/_x/link/vivado/vpl/.local/hw_platform/iprepo/ipdefs/other_ipdefs/pcie4_uscale_plus_v1_3/interfaces/pcie4_cfg_status.xml' will take precedence over the same Interface in location '/home/dess/workspace/Xilinx/Vivado/2022.2/data/ip/xilinx/pcie4_uscale_plus_v1_3/interfaces/pcie4_cfg_status.xml'
WARNING: [IP_Flow 19-4830] Duplicate Interface found for 'xilinx.com:display_pcie4:pcie4_pcie_id:1.0'. The one found in location '/home/uni/project/smartssd/add_two_numbers/_x/link/vivado/vpl/.local/hw_platform/iprepo/ipdefs/other_ipdefs/pcie4_uscale_plus_v1_3/interfaces/pcie4_pcie_id.xml' will take precedence over the same Interface in location '/home/dess/workspace/Xilinx/Vivado/2022.2/data/ip/xilinx/pcie4_uscale_plus_v1_3/interfaces/pcie4_pcie_id.xml'
WARNING: [IP_Flow 19-4830] Duplicate Interface found for 'xilinx.com:display_pcie4:pcie4_cfg_msix_external:1.0'. The one found in location '/home/uni/project/smartssd/add_two_numbers/_x/link/vivado/vpl/.local/hw_platform/iprepo/ipdefs/other_ipdefs/pcie4_uscale_plus_v1_3/interfaces/pcie4_cfg_msix.xml' will take precedence over the same Interface in location '/home/dess/workspace/Xilinx/Vivado/2022.2/data/ip/xilinx/pcie4_uscale_plus_v1_3/interfaces/pcie4_cfg_msix.xml'
WARNING: [IP_Flow 19-4830] Duplicate Interface found for 'xilinx.com:display_pcie4:pcie4_cfg_pm:1.0'. The one found in location '/home/uni/project/smartssd/add_two_numbers/_x/link/vivado/vpl/.local/hw_platform/iprepo/ipdefs/other_ipdefs/pcie4_uscale_plus_v1_3/interfaces/pcie4_cfg_pm.xml' will take precedence over the same Interface in location '/home/dess/workspace/Xilinx/Vivado/2022.2/data/ip/xilinx/pcie4_uscale_plus_v1_3/interfaces/pcie4_cfg_pm.xml'
WARNING: [IP_Flow 19-4830] Duplicate Interface found for 'xilinx.com:display_pcie4:pcie4_drp:1.0'. The one found in location '/home/uni/project/smartssd/add_two_numbers/_x/link/vivado/vpl/.local/hw_platform/iprepo/ipdefs/other_ipdefs/pcie4_uscale_plus_v1_3/interfaces/pcie4_drp.xml' will take precedence over the same Interface in location '/home/dess/workspace/Xilinx/Vivado/2022.2/data/ip/xilinx/pcie4_uscale_plus_v1_3/interfaces/pcie4_drp.xml'
INFO: [IP_Flow 19-6924] IPCACHE: Running cache check for IP inst: ulp_add_two_numbers_1_0
Command: synth_design -top ulp_add_two_numbers_1_0 -part xcku15p-ffva1156-2LV-e -directive sdx_optimization_effort_high -incremental_mode off -mode out_of_context
Starting synth_design
Attempting to get a license for feature 'Synthesis' and/or device 'xcku15p'
INFO: [Common 17-349] Got license for feature 'Synthesis' and/or device 'xcku15p'
INFO: [Device 21-403] Loading part xcku15p-ffva1156-2LV-e
INFO: [Synth 8-7079] Multithreading enabled for synth_design using a maximum of 1 processes.
INFO: [Synth 8-7078] Launching helper process for spawning children vivado processes
INFO: [Synth 8-7075] Helper process launched with PID 1962720
INFO: [Synth 8-11241] undeclared symbol 'REGCCE', assumed default net type 'wire' [/home/dess/workspace/Xilinx/Vivado/2022.2/data/verilog/src/unimacro/BRAM_SINGLE_MACRO.v:2170]
---------------------------------------------------------------------------------
Starting RTL Elaboration : Time (s): cpu = 00:00:06 ; elapsed = 00:00:07 . Memory (MB): peak = 3303.738 ; gain = 279.797 ; free physical = 104062 ; free virtual = 229766
Synthesis current peak Physical Memory [PSS] (MB): peak = 2521.585; parent = 2386.636; children = 134.949
Synthesis current peak Virtual Memory [VSS] (MB): peak = 4307.656; parent = 3307.711; children = 999.945
---------------------------------------------------------------------------------
INFO: [Synth 8-6157] synthesizing module 'ulp_add_two_numbers_1_0' [/home/uni/project/smartssd/add_two_numbers/_x/link/vivado/vpl/prj/prj.gen/my_rm/bd/ulp/ip/ulp_add_two_numbers_1_0/synth/ulp_add_two_numbers_1_0.v:53]
INFO: [Synth 8-6157] synthesizing module 'add_two_numbers' [/home/uni/project/smartssd/add_two_numbers/_x/link/vivado/vpl/prj/prj.gen/my_rm/bd/ulp/ipshared/e112/hdl/verilog/add_two_numbers.v:10]
INFO: [Synth 8-6157] synthesizing module 'add_two_numbers_control_s_axi' [/home/uni/project/smartssd/add_two_numbers/_x/link/vivado/vpl/prj/prj.gen/my_rm/bd/ulp/ipshared/e112/hdl/verilog/add_two_numbers_control_s_axi.v:7]
INFO: [Synth 8-155] case statement is not full and has no default [/home/uni/project/smartssd/add_two_numbers/_x/link/vivado/vpl/prj/prj.gen/my_rm/bd/ulp/ipshared/e112/hdl/verilog/add_two_numbers_control_s_axi.v:220]
INFO: [Synth 8-6155] done synthesizing module 'add_two_numbers_control_s_axi' (0#1) [/home/uni/project/smartssd/add_two_numbers/_x/link/vivado/vpl/prj/prj.gen/my_rm/bd/ulp/ipshared/e112/hdl/verilog/add_two_numbers_control_s_axi.v:7]
INFO: [Synth 8-6157] synthesizing module 'add_two_numbers_gmem_m_axi' [/home/uni/project/smartssd/add_two_numbers/_x/link/vivado/vpl/prj/prj.gen/my_rm/bd/ulp/ipshared/e112/hdl/verilog/add_two_numbers_gmem_m_axi.v:11]
INFO: [Synth 8-6157] synthesizing module 'add_two_numbers_gmem_m_axi_store' [/home/uni/project/smartssd/add_two_numbers/_x/link/vivado/vpl/prj/prj.gen/my_rm/bd/ulp/ipshared/e112/hdl/verilog/add_two_numbers_gmem_m_axi.v:781]
INFO: [Synth 8-6157] synthesizing module 'add_two_numbers_gmem_m_axi_fifo' [/home/uni/project/smartssd/add_two_numbers/_x/link/vivado/vpl/prj/prj.gen/my_rm/bd/ulp/ipshared/e112/hdl/verilog/add_two_numbers_gmem_m_axi.v:2551]
INFO: [Synth 8-6157] synthesizing module 'add_two_numbers_gmem_m_axi_srl' [/home/uni/project/smartssd/add_two_numbers/_x/link/vivado/vpl/prj/prj.gen/my_rm/bd/ulp/ipshared/e112/hdl/verilog/add_two_numbers_gmem_m_axi.v:2729]
INFO: [Synth 8-6155] done synthesizing module 'add_two_numbers_gmem_m_axi_srl' (0#1) [/home/uni/project/smartssd/add_two_numbers/_x/link/vivado/vpl/prj/prj.gen/my_rm/bd/ulp/ipshared/e112/hdl/verilog/add_two_numbers_gmem_m_axi.v:2729]
INFO: [Synth 8-6155] done synthesizing module 'add_two_numbers_gmem_m_axi_fifo' (0#1) [/home/uni/project/smartssd/add_two_numbers/_x/link/vivado/vpl/prj/prj.gen/my_rm/bd/ulp/ipshared/e112/hdl/verilog/add_two_numbers_gmem_m_axi.v:2551]
INFO: [Synth 8-6157] synthesizing module 'add_two_numbers_gmem_m_axi_fifo__parameterized0' [/home/uni/project/smartssd/add_two_numbers/_x/link/vivado/vpl/prj/prj.gen/my_rm/bd/ulp/ipshared/e112/hdl/verilog/add_two_numbers_gmem_m_axi.v:2551]
INFO: [Synth 8-6157] synthesizing module 'add_two_numbers_gmem_m_axi_mem' [/home/uni/project/smartssd/add_two_numbers/_x/link/vivado/vpl/prj/prj.gen/my_rm/bd/ulp/ipshared/e112/hdl/verilog/add_two_numbers_gmem_m_axi.v:2783]
INFO: [Synth 8-6155] done synthesizing module 'add_two_numbers_gmem_m_axi_mem' (0#1) [/home/uni/project/smartssd/add_two_numbers/_x/link/vivado/vpl/prj/prj.gen/my_rm/bd/ulp/ipshared/e112/hdl/verilog/add_two_numbers_gmem_m_axi.v:2783]
INFO: [Synth 8-6155] done synthesizing module 'add_two_numbers_gmem_m_axi_fifo__parameterized0' (0#1) [/home/uni/project/smartssd/add_two_numbers/_x/link/vivado/vpl/prj/prj.gen/my_rm/bd/ulp/ipshared/e112/hdl/verilog/add_two_numbers_gmem_m_axi.v:2551]
INFO: [Synth 8-6157] synthesizing module 'add_two_numbers_gmem_m_axi_fifo__parameterized1' [/home/uni/project/smartssd/add_two_numbers/_x/link/vivado/vpl/prj/prj.gen/my_rm/bd/ulp/ipshared/e112/hdl/verilog/add_two_numbers_gmem_m_axi.v:2551]
INFO: [Synth 8-6157] synthesizing module 'add_two_numbers_gmem_m_axi_srl__parameterized0' [/home/uni/project/smartssd/add_two_numbers/_x/link/vivado/vpl/prj/prj.gen/my_rm/bd/ulp/ipshared/e112/hdl/verilog/add_two_numbers_gmem_m_axi.v:2729]
INFO: [Synth 8-6155] done synthesizing module 'add_two_numbers_gmem_m_axi_srl__parameterized0' (0#1) [/home/uni/project/smartssd/add_two_numbers/_x/link/vivado/vpl/prj/prj.gen/my_rm/bd/ulp/ipshared/e112/hdl/verilog/add_two_numbers_gmem_m_axi.v:2729]
INFO: [Synth 8-6155] done synthesizing module 'add_two_numbers_gmem_m_axi_fifo__parameterized1' (0#1) [/home/uni/project/smartssd/add_two_numbers/_x/link/vivado/vpl/prj/prj.gen/my_rm/bd/ulp/ipshared/e112/hdl/verilog/add_two_numbers_gmem_m_axi.v:2551]
INFO: [Synth 8-6157] synthesizing module 'add_two_numbers_gmem_m_axi_fifo__parameterized2' [/home/uni/project/smartssd/add_two_numbers/_x/link/vivado/vpl/prj/prj.gen/my_rm/bd/ulp/ipshared/e112/hdl/verilog/add_two_numbers_gmem_m_axi.v:2551]
INFO: [Synth 8-6157] synthesizing module 'add_two_numbers_gmem_m_axi_srl__parameterized1' [/home/uni/project/smartssd/add_two_numbers/_x/link/vivado/vpl/prj/prj.gen/my_rm/bd/ulp/ipshared/e112/hdl/verilog/add_two_numbers_gmem_m_axi.v:2729]
INFO: [Synth 8-6155] done synthesizing module 'add_two_numbers_gmem_m_axi_srl__parameterized1' (0#1) [/home/uni/project/smartssd/add_two_numbers/_x/link/vivado/vpl/prj/prj.gen/my_rm/bd/ulp/ipshared/e112/hdl/verilog/add_two_numbers_gmem_m_axi.v:2729]
INFO: [Synth 8-6155] done synthesizing module 'add_two_numbers_gmem_m_axi_fifo__parameterized2' (0#1) [/home/uni/project/smartssd/add_two_numbers/_x/link/vivado/vpl/prj/prj.gen/my_rm/bd/ulp/ipshared/e112/hdl/verilog/add_two_numbers_gmem_m_axi.v:2551]
INFO: [Synth 8-6155] done synthesizing module 'add_two_numbers_gmem_m_axi_store' (0#1) [/home/uni/project/smartssd/add_two_numbers/_x/link/vivado/vpl/prj/prj.gen/my_rm/bd/ulp/ipshared/e112/hdl/verilog/add_two_numbers_gmem_m_axi.v:781]
INFO: [Synth 8-6157] synthesizing module 'add_two_numbers_gmem_m_axi_load' [/home/uni/project/smartssd/add_two_numbers/_x/link/vivado/vpl/prj/prj.gen/my_rm/bd/ulp/ipshared/e112/hdl/verilog/add_two_numbers_gmem_m_axi.v:325]
INFO: [Synth 8-6157] synthesizing module 'add_two_numbers_gmem_m_axi_fifo__parameterized3' [/home/uni/project/smartssd/add_two_numbers/_x/link/vivado/vpl/prj/prj.gen/my_rm/bd/ulp/ipshared/e112/hdl/verilog/add_two_numbers_gmem_m_axi.v:2551]
INFO: [Synth 8-6157] synthesizing module 'add_two_numbers_gmem_m_axi_mem__parameterized0' [/home/uni/project/smartssd/add_two_numbers/_x/link/vivado/vpl/prj/prj.gen/my_rm/bd/ulp/ipshared/e112/hdl/verilog/add_two_numbers_gmem_m_axi.v:2783]
INFO: [Synth 8-6155] done synthesizing module 'add_two_numbers_gmem_m_axi_mem__parameterized0' (0#1) [/home/uni/project/smartssd/add_two_numbers/_x/link/vivado/vpl/prj/prj.gen/my_rm/bd/ulp/ipshared/e112/hdl/verilog/add_two_numbers_gmem_m_axi.v:2783]
INFO: [Synth 8-6155] done synthesizing module 'add_two_numbers_gmem_m_axi_fifo__parameterized3' (0#1) [/home/uni/project/smartssd/add_two_numbers/_x/link/vivado/vpl/prj/prj.gen/my_rm/bd/ulp/ipshared/e112/hdl/verilog/add_two_numbers_gmem_m_axi.v:2551]
INFO: [Synth 8-6155] done synthesizing module 'add_two_numbers_gmem_m_axi_load' (0#1) [/home/uni/project/smartssd/add_two_numbers/_x/link/vivado/vpl/prj/prj.gen/my_rm/bd/ulp/ipshared/e112/hdl/verilog/add_two_numbers_gmem_m_axi.v:325]
INFO: [Synth 8-6157] synthesizing module 'add_two_numbers_gmem_m_axi_write' [/home/uni/project/smartssd/add_two_numbers/_x/link/vivado/vpl/prj/prj.gen/my_rm/bd/ulp/ipshared/e112/hdl/verilog/add_two_numbers_gmem_m_axi.v:1716]
INFO: [Synth 8-6157] synthesizing module 'add_two_numbers_gmem_m_axi_reg_slice' [/home/uni/project/smartssd/add_two_numbers/_x/link/vivado/vpl/prj/prj.gen/my_rm/bd/ulp/ipshared/e112/hdl/verilog/add_two_numbers_gmem_m_axi.v:2449]
INFO: [Synth 8-6155] done synthesizing module 'add_two_numbers_gmem_m_axi_reg_slice' (0#1) [/home/uni/project/smartssd/add_two_numbers/_x/link/vivado/vpl/prj/prj.gen/my_rm/bd/ulp/ipshared/e112/hdl/verilog/add_two_numbers_gmem_m_axi.v:2449]
INFO: [Synth 8-6157] synthesizing module 'add_two_numbers_gmem_m_axi_fifo__parameterized4' [/home/uni/project/smartssd/add_two_numbers/_x/link/vivado/vpl/prj/prj.gen/my_rm/bd/ulp/ipshared/e112/hdl/verilog/add_two_numbers_gmem_m_axi.v:2551]
INFO: [Synth 8-6157] synthesizing module 'add_two_numbers_gmem_m_axi_srl__parameterized2' [/home/uni/project/smartssd/add_two_numbers/_x/link/vivado/vpl/prj/prj.gen/my_rm/bd/ulp/ipshared/e112/hdl/verilog/add_two_numbers_gmem_m_axi.v:2729]
INFO: [Synth 8-6155] done synthesizing module 'add_two_numbers_gmem_m_axi_srl__parameterized2' (0#1) [/home/uni/project/smartssd/add_two_numbers/_x/link/vivado/vpl/prj/prj.gen/my_rm/bd/ulp/ipshared/e112/hdl/verilog/add_two_numbers_gmem_m_axi.v:2729]
INFO: [Synth 8-6155] done synthesizing module 'add_two_numbers_gmem_m_axi_fifo__parameterized4' (0#1) [/home/uni/project/smartssd/add_two_numbers/_x/link/vivado/vpl/prj/prj.gen/my_rm/bd/ulp/ipshared/e112/hdl/verilog/add_two_numbers_gmem_m_axi.v:2551]
INFO: [Synth 8-6157] synthesizing module 'add_two_numbers_gmem_m_axi_throttle' [/home/uni/project/smartssd/add_two_numbers/_x/link/vivado/vpl/prj/prj.gen/my_rm/bd/ulp/ipshared/e112/hdl/verilog/add_two_numbers_gmem_m_axi.v:2224]
INFO: [Synth 8-6157] synthesizing module 'add_two_numbers_gmem_m_axi_reg_slice__parameterized0' [/home/uni/project/smartssd/add_two_numbers/_x/link/vivado/vpl/prj/prj.gen/my_rm/bd/ulp/ipshared/e112/hdl/verilog/add_two_numbers_gmem_m_axi.v:2449]
INFO: [Synth 8-6155] done synthesizing module 'add_two_numbers_gmem_m_axi_reg_slice__parameterized0' (0#1) [/home/uni/project/smartssd/add_two_numbers/_x/link/vivado/vpl/prj/prj.gen/my_rm/bd/ulp/ipshared/e112/hdl/verilog/add_two_numbers_gmem_m_axi.v:2449]
INFO: [Synth 8-6157] synthesizing module 'add_two_numbers_gmem_m_axi_fifo__parameterized5' [/home/uni/project/smartssd/add_two_numbers/_x/link/vivado/vpl/prj/prj.gen/my_rm/bd/ulp/ipshared/e112/hdl/verilog/add_two_numbers_gmem_m_axi.v:2551]
INFO: [Synth 8-6157] synthesizing module 'add_two_numbers_gmem_m_axi_srl__parameterized3' [/home/uni/project/smartssd/add_two_numbers/_x/link/vivado/vpl/prj/prj.gen/my_rm/bd/ulp/ipshared/e112/hdl/verilog/add_two_numbers_gmem_m_axi.v:2729]
INFO: [Synth 8-6155] done synthesizing module 'add_two_numbers_gmem_m_axi_srl__parameterized3' (0#1) [/home/uni/project/smartssd/add_two_numbers/_x/link/vivado/vpl/prj/prj.gen/my_rm/bd/ulp/ipshared/e112/hdl/verilog/add_two_numbers_gmem_m_axi.v:2729]
INFO: [Synth 8-6155] done synthesizing module 'add_two_numbers_gmem_m_axi_fifo__parameterized5' (0#1) [/home/uni/project/smartssd/add_two_numbers/_x/link/vivado/vpl/prj/prj.gen/my_rm/bd/ulp/ipshared/e112/hdl/verilog/add_two_numbers_gmem_m_axi.v:2551]
INFO: [Synth 8-6157] synthesizing module 'add_two_numbers_gmem_m_axi_fifo__parameterized6' [/home/uni/project/smartssd/add_two_numbers/_x/link/vivado/vpl/prj/prj.gen/my_rm/bd/ulp/ipshared/e112/hdl/verilog/add_two_numbers_gmem_m_axi.v:2551]
INFO: [Synth 8-6157] synthesizing module 'add_two_numbers_gmem_m_axi_srl__parameterized4' [/home/uni/project/smartssd/add_two_numbers/_x/link/vivado/vpl/prj/prj.gen/my_rm/bd/ulp/ipshared/e112/hdl/verilog/add_two_numbers_gmem_m_axi.v:2729]
INFO: [Synth 8-6155] done synthesizing module 'add_two_numbers_gmem_m_axi_srl__parameterized4' (0#1) [/home/uni/project/smartssd/add_two_numbers/_x/link/vivado/vpl/prj/prj.gen/my_rm/bd/ulp/ipshared/e112/hdl/verilog/add_two_numbers_gmem_m_axi.v:2729]
INFO: [Synth 8-6155] done synthesizing module 'add_two_numbers_gmem_m_axi_fifo__parameterized6' (0#1) [/home/uni/project/smartssd/add_two_numbers/_x/link/vivado/vpl/prj/prj.gen/my_rm/bd/ulp/ipshared/e112/hdl/verilog/add_two_numbers_gmem_m_axi.v:2551]
INFO: [Synth 8-6155] done synthesizing module 'add_two_numbers_gmem_m_axi_throttle' (0#1) [/home/uni/project/smartssd/add_two_numbers/_x/link/vivado/vpl/prj/prj.gen/my_rm/bd/ulp/ipshared/e112/hdl/verilog/add_two_numbers_gmem_m_axi.v:2224]
INFO: [Synth 8-6157] synthesizing module 'add_two_numbers_gmem_m_axi_reg_slice__parameterized1' [/home/uni/project/smartssd/add_two_numbers/_x/link/vivado/vpl/prj/prj.gen/my_rm/bd/ulp/ipshared/e112/hdl/verilog/add_two_numbers_gmem_m_axi.v:2449]
INFO: [Synth 8-6155] done synthesizing module 'add_two_numbers_gmem_m_axi_reg_slice__parameterized1' (0#1) [/home/uni/project/smartssd/add_two_numbers/_x/link/vivado/vpl/prj/prj.gen/my_rm/bd/ulp/ipshared/e112/hdl/verilog/add_two_numbers_gmem_m_axi.v:2449]
WARNING: [Synth 8-589] replacing case/wildcard equality operator === with logical equality operator == [/home/uni/project/smartssd/add_two_numbers/_x/link/vivado/vpl/prj/prj.gen/my_rm/bd/ulp/ipshared/e112/hdl/verilog/add_two_numbers_gmem_m_axi.v:2216]
WARNING: [Synth 8-589] replacing case/wildcard equality operator === with logical equality operator == [/home/uni/project/smartssd/add_two_numbers/_x/link/vivado/vpl/prj/prj.gen/my_rm/bd/ulp/ipshared/e112/hdl/verilog/add_two_numbers_gmem_m_axi.v:2219]
INFO: [Synth 8-6155] done synthesizing module 'add_two_numbers_gmem_m_axi_write' (0#1) [/home/uni/project/smartssd/add_two_numbers/_x/link/vivado/vpl/prj/prj.gen/my_rm/bd/ulp/ipshared/e112/hdl/verilog/add_two_numbers_gmem_m_axi.v:1716]
INFO: [Synth 8-6157] synthesizing module 'add_two_numbers_gmem_m_axi_read' [/home/uni/project/smartssd/add_two_numbers/_x/link/vivado/vpl/prj/prj.gen/my_rm/bd/ulp/ipshared/e112/hdl/verilog/add_two_numbers_gmem_m_axi.v:1332]
INFO: [Synth 8-6157] synthesizing module 'add_two_numbers_gmem_m_axi_reg_slice__parameterized2' [/home/uni/project/smartssd/add_two_numbers/_x/link/vivado/vpl/prj/prj.gen/my_rm/bd/ulp/ipshared/e112/hdl/verilog/add_two_numbers_gmem_m_axi.v:2449]
INFO: [Synth 8-6155] done synthesizing module 'add_two_numbers_gmem_m_axi_reg_slice__parameterized2' (0#1) [/home/uni/project/smartssd/add_two_numbers/_x/link/vivado/vpl/prj/prj.gen/my_rm/bd/ulp/ipshared/e112/hdl/verilog/add_two_numbers_gmem_m_axi.v:2449]
WARNING: [Synth 8-589] replacing case/wildcard equality operator === with logical equality operator == [/home/uni/project/smartssd/add_two_numbers/_x/link/vivado/vpl/prj/prj.gen/my_rm/bd/ulp/ipshared/e112/hdl/verilog/add_two_numbers_gmem_m_axi.v:1708]
INFO: [Synth 8-6155] done synthesizing module 'add_two_numbers_gmem_m_axi_read' (0#1) [/home/uni/project/smartssd/add_two_numbers/_x/link/vivado/vpl/prj/prj.gen/my_rm/bd/ulp/ipshared/e112/hdl/verilog/add_two_numbers_gmem_m_axi.v:1332]
INFO: [Synth 8-6155] done synthesizing module 'add_two_numbers_gmem_m_axi' (0#1) [/home/uni/project/smartssd/add_two_numbers/_x/link/vivado/vpl/prj/prj.gen/my_rm/bd/ulp/ipshared/e112/hdl/verilog/add_two_numbers_gmem_m_axi.v:11]
INFO: [Synth 8-6155] done synthesizing module 'add_two_numbers' (0#1) [/home/uni/project/smartssd/add_two_numbers/_x/link/vivado/vpl/prj/prj.gen/my_rm/bd/ulp/ipshared/e112/hdl/verilog/add_two_numbers.v:10]
INFO: [Synth 8-6155] done synthesizing module 'ulp_add_two_numbers_1_0' (0#1) [/home/uni/project/smartssd/add_two_numbers/_x/link/vivado/vpl/prj/prj.gen/my_rm/bd/ulp/ip/ulp_add_two_numbers_1_0/synth/ulp_add_two_numbers_1_0.v:53]
WARNING: [Synth 8-6014] Unused sequential element int_ap_done_reg was removed.  [/home/uni/project/smartssd/add_two_numbers/_x/link/vivado/vpl/prj/prj.gen/my_rm/bd/ulp/ipshared/e112/hdl/verilog/add_two_numbers_control_s_axi.v:293]
WARNING: [Synth 8-7129] Port in_BUS_RID[0] in module add_two_numbers_gmem_m_axi_read is either unconnected or has no load
WARNING: [Synth 8-7129] Port in_BUS_RRESP[1] in module add_two_numbers_gmem_m_axi_read is either unconnected or has no load
WARNING: [Synth 8-7129] Port in_BUS_RRESP[0] in module add_two_numbers_gmem_m_axi_read is either unconnected or has no load
WARNING: [Synth 8-7129] Port in_BUS_RUSER[0] in module add_two_numbers_gmem_m_axi_read is either unconnected or has no load
WARNING: [Synth 8-7129] Port in_BUS_BID[0] in module add_two_numbers_gmem_m_axi_write is either unconnected or has no load
WARNING: [Synth 8-7129] Port in_BUS_BRESP[1] in module add_two_numbers_gmem_m_axi_write is either unconnected or has no load
WARNING: [Synth 8-7129] Port in_BUS_BRESP[0] in module add_two_numbers_gmem_m_axi_write is either unconnected or has no load
WARNING: [Synth 8-7129] Port in_BUS_BUSER[0] in module add_two_numbers_gmem_m_axi_write is either unconnected or has no load
---------------------------------------------------------------------------------
Finished RTL Elaboration : Time (s): cpu = 00:00:09 ; elapsed = 00:00:10 . Memory (MB): peak = 3397.676 ; gain = 373.734 ; free physical = 103942 ; free virtual = 229643
Synthesis current peak Physical Memory [PSS] (MB): peak = 2521.585; parent = 2386.636; children = 136.531
Synthesis current peak Virtual Memory [VSS] (MB): peak = 4397.625; parent = 3397.680; children = 999.945
---------------------------------------------------------------------------------
---------------------------------------------------------------------------------
Start Handling Custom Attributes
---------------------------------------------------------------------------------
---------------------------------------------------------------------------------
Finished Handling Custom Attributes : Time (s): cpu = 00:00:10 ; elapsed = 00:00:10 . Memory (MB): peak = 3415.488 ; gain = 391.547 ; free physical = 103872 ; free virtual = 229572
Synthesis current peak Physical Memory [PSS] (MB): peak = 2521.585; parent = 2386.636; children = 136.559
Synthesis current peak Virtual Memory [VSS] (MB): peak = 4415.438; parent = 3415.492; children = 999.945
---------------------------------------------------------------------------------
---------------------------------------------------------------------------------
Finished RTL Optimization Phase 1 : Time (s): cpu = 00:00:10 ; elapsed = 00:00:10 . Memory (MB): peak = 3415.488 ; gain = 391.547 ; free physical = 103854 ; free virtual = 229554
Synthesis current peak Physical Memory [PSS] (MB): peak = 2521.585; parent = 2386.636; children = 136.559
Synthesis current peak Virtual Memory [VSS] (MB): peak = 4415.438; parent = 3415.492; children = 999.945
---------------------------------------------------------------------------------
Netlist sorting complete. Time (s): cpu = 00:00:00.21 ; elapsed = 00:00:00.21 . Memory (MB): peak = 3415.488 ; gain = 0.000 ; free physical = 103645 ; free virtual = 229345
INFO: [Project 1-570] Preparing netlist for logic optimization

Processing XDC Constraints
Initializing timing engine
Parsing XDC File [/home/uni/project/smartssd/add_two_numbers/_x/link/vivado/vpl/prj/prj.gen/my_rm/bd/ulp/ip/ulp_add_two_numbers_1_0/constraints/add_two_numbers_ooc.xdc] for cell 'inst'
create_clock: Time (s): cpu = 00:00:06 ; elapsed = 00:00:06 . Memory (MB): peak = 3532.148 ; gain = 0.000 ; free physical = 103108 ; free virtual = 228803
Finished Parsing XDC File [/home/uni/project/smartssd/add_two_numbers/_x/link/vivado/vpl/prj/prj.gen/my_rm/bd/ulp/ip/ulp_add_two_numbers_1_0/constraints/add_two_numbers_ooc.xdc] for cell 'inst'
Parsing XDC File [/home/uni/project/smartssd/add_two_numbers/_x/link/vivado/vpl/prj/prj.runs/ulp_add_two_numbers_1_0_synth_1/dont_touch.xdc]
Finished Parsing XDC File [/home/uni/project/smartssd/add_two_numbers/_x/link/vivado/vpl/prj/prj.runs/ulp_add_two_numbers_1_0_synth_1/dont_touch.xdc]
Completed Processing XDC Constraints

Netlist sorting complete. Time (s): cpu = 00:00:00 ; elapsed = 00:00:00.01 . Memory (MB): peak = 3532.148 ; gain = 0.000 ; free physical = 103083 ; free virtual = 228778
INFO: [Project 1-111] Unisim Transformation Summary:
No Unisim elements were transformed.

Constraint Validation Runtime : Time (s): cpu = 00:00:00.41 ; elapsed = 00:00:00.41 . Memory (MB): peak = 3532.148 ; gain = 0.000 ; free physical = 102950 ; free virtual = 228645
INFO: [Designutils 20-5008] Incremental synthesis strategy off
INFO: [Synth 8-11241] undeclared symbol 'REGCCE', assumed default net type 'wire' [/home/dess/workspace/Xilinx/Vivado/2022.2/data/verilog/src/unimacro/BRAM_SINGLE_MACRO.v:2170]
---------------------------------------------------------------------------------
Finished Constraint Validation : Time (s): cpu = 00:00:28 ; elapsed = 00:00:30 . Memory (MB): peak = 3532.148 ; gain = 508.207 ; free physical = 101246 ; free virtual = 226949
Synthesis current peak Physical Memory [PSS] (MB): peak = 2596.122; parent = 2459.062; children = 137.060
Synthesis current peak Virtual Memory [VSS] (MB): peak = 4532.098; parent = 3532.152; children = 999.945
---------------------------------------------------------------------------------
---------------------------------------------------------------------------------
Start Loading Part and Timing Information
---------------------------------------------------------------------------------
Loading part: xcku15p-ffva1156-2LV-e
INFO: [Synth 8-6742] Reading net delay rules and data
---------------------------------------------------------------------------------
Finished Loading Part and Timing Information : Time (s): cpu = 00:00:28 ; elapsed = 00:00:30 . Memory (MB): peak = 3532.148 ; gain = 508.207 ; free physical = 101229 ; free virtual = 226932
Synthesis current peak Physical Memory [PSS] (MB): peak = 2596.122; parent = 2459.062; children = 137.060
Synthesis current peak Virtual Memory [VSS] (MB): peak = 4532.098; parent = 3532.152; children = 999.945
---------------------------------------------------------------------------------
---------------------------------------------------------------------------------
Start Applying 'set_property' XDC Constraints
---------------------------------------------------------------------------------
Applied set_property KEEP_HIERARCHY = SOFT for inst. (constraint file  /home/uni/project/smartssd/add_two_numbers/_x/link/vivado/vpl/prj/prj.runs/ulp_add_two_numbers_1_0_synth_1/dont_touch.xdc, line 9).
---------------------------------------------------------------------------------
Finished applying 'set_property' XDC Constraints : Time (s): cpu = 00:00:28 ; elapsed = 00:00:30 . Memory (MB): peak = 3532.148 ; gain = 508.207 ; free physical = 101208 ; free virtual = 226911
Synthesis current peak Physical Memory [PSS] (MB): peak = 2596.122; parent = 2459.062; children = 137.060
Synthesis current peak Virtual Memory [VSS] (MB): peak = 4532.098; parent = 3532.152; children = 999.945
---------------------------------------------------------------------------------
INFO: [Synth 8-802] inferred FSM for state register 'wstate_reg' in module 'add_two_numbers_control_s_axi'
INFO: [Synth 8-802] inferred FSM for state register 'rstate_reg' in module 'add_two_numbers_control_s_axi'
INFO: [Synth 8-802] inferred FSM for state register 'state_reg' in module 'add_two_numbers_gmem_m_axi_reg_slice'
INFO: [Synth 8-802] inferred FSM for state register 'state_reg' in module 'add_two_numbers_gmem_m_axi_reg_slice__parameterized0'
INFO: [Synth 8-802] inferred FSM for state register 'state_reg' in module 'add_two_numbers_gmem_m_axi_reg_slice__parameterized1'
INFO: [Synth 8-802] inferred FSM for state register 'state_reg' in module 'add_two_numbers_gmem_m_axi_reg_slice__parameterized2'
INFO: [Synth 8-4490] FSM extraction disabled for register 'ap_CS_fsm_reg' through user attribute
---------------------------------------------------------------------------------------------------
                   State |                     New Encoding |                Previous Encoding 
---------------------------------------------------------------------------------------------------
                  iSTATE |                             0001 |                               11
*
                  WRIDLE |                             0010 |                               00
                  WRDATA |                             0100 |                               01
                  WRRESP |                             1000 |                               10
---------------------------------------------------------------------------------------------------
INFO: [Synth 8-3354] encoded FSM with state register 'wstate_reg' using encoding 'one-hot' in module 'add_two_numbers_control_s_axi'
---------------------------------------------------------------------------------------------------
                   State |                     New Encoding |                Previous Encoding 
---------------------------------------------------------------------------------------------------
                  iSTATE |                              001 |                               10
*
                  RDIDLE |                              010 |                               00
                  RDDATA |                              100 |                               01
---------------------------------------------------------------------------------------------------
INFO: [Synth 8-3354] encoded FSM with state register 'rstate_reg' using encoding 'one-hot' in module 'add_two_numbers_control_s_axi'
INFO: [Synth 8-7082] The signal mem_reg is implemented as Block RAM but is better mapped onto distributed LUT RAM for the following reason(s): The depth (4 address bits) is shallow. Please use attribute (* ram_style = "distributed" *) to instruct Vivado to infer distributed LUT RAM.
---------------------------------------------------------------------------------------------------
                   State |                     New Encoding |                Previous Encoding 
---------------------------------------------------------------------------------------------------
                    ZERO |                               00 |                               10
                     ONE |                               10 |                               11
                     TWO |                               01 |                               01
---------------------------------------------------------------------------------------------------
INFO: [Synth 8-3354] encoded FSM with state register 'state_reg' using encoding 'sequential' in module 'add_two_numbers_gmem_m_axi_reg_slice'
---------------------------------------------------------------------------------------------------
                   State |                     New Encoding |                Previous Encoding 
---------------------------------------------------------------------------------------------------
                    ZERO |                               00 |                               10
                     ONE |                               10 |                               11
                     TWO |                               01 |                               01
---------------------------------------------------------------------------------------------------
INFO: [Synth 8-3354] encoded FSM with state register 'state_reg' using encoding 'sequential' in module 'add_two_numbers_gmem_m_axi_reg_slice__parameterized0'
---------------------------------------------------------------------------------------------------
                   State |                     New Encoding |                Previous Encoding 
---------------------------------------------------------------------------------------------------
                    ZERO |                               00 |                               10
                     ONE |                               10 |                               11
                     TWO |                               01 |                               01
---------------------------------------------------------------------------------------------------
INFO: [Synth 8-3354] encoded FSM with state register 'state_reg' using encoding 'sequential' in module 'add_two_numbers_gmem_m_axi_reg_slice__parameterized1'
---------------------------------------------------------------------------------------------------
                   State |                     New Encoding |                Previous Encoding 
---------------------------------------------------------------------------------------------------
                    ZERO |                               00 |                               10
                     ONE |                               10 |                               11
                     TWO |                               01 |                               01
---------------------------------------------------------------------------------------------------
INFO: [Synth 8-3354] encoded FSM with state register 'state_reg' using encoding 'sequential' in module 'add_two_numbers_gmem_m_axi_reg_slice__parameterized2'
---------------------------------------------------------------------------------
Finished RTL Optimization Phase 2 : Time (s): cpu = 00:00:31 ; elapsed = 00:00:33 . Memory (MB): peak = 3532.148 ; gain = 508.207 ; free physical = 100806 ; free virtual = 226505
Synthesis current peak Physical Memory [PSS] (MB): peak = 2596.122; parent = 2459.062; children = 137.060
Synthesis current peak Virtual Memory [VSS] (MB): peak = 4532.098; parent = 3532.152; children = 999.945
---------------------------------------------------------------------------------
---------------------------------------------------------------------------------
Start RTL Component Statistics 
---------------------------------------------------------------------------------
Detailed RTL Component Info : 
+---Adders : 
	   2 Input   64 Bit       Adders := 4     
	   2 Input   52 Bit       Adders := 2     
	   2 Input   32 Bit       Adders := 3     
	   2 Input   12 Bit       Adders := 2     
	   2 Input    9 Bit       Adders := 4     
	   2 Input    8 Bit       Adders := 9     
	   2 Input    7 Bit       Adders := 3     
	   2 Input    6 Bit       Adders := 2     
	   2 Input    5 Bit       Adders := 17    
	   2 Input    4 Bit       Adders := 9     
+---XORs : 
	   2 Input      1 Bit         XORs := 2     
+---Registers : 
	               96 Bit    Registers := 6     
	               72 Bit    Registers := 3     
	               71 Bit    Registers := 1     
	               64 Bit    Registers := 10    
	               63 Bit    Registers := 1     
	               52 Bit    Registers := 2     
	               37 Bit    Registers := 1     
	               36 Bit    Registers := 1     
	               34 Bit    Registers := 1     
	               33 Bit    Registers := 2     
	               32 Bit    Registers := 9     
	               10 Bit    Registers := 4     
	                9 Bit    Registers := 1     
	                8 Bit    Registers := 9     
	                7 Bit    Registers := 3     
	                6 Bit    Registers := 3     
	                5 Bit    Registers := 9     
	                4 Bit    Registers := 10    
	                2 Bit    Registers := 6     
	                1 Bit    Registers := 78    
+---RAMs : 
	               8K Bit	(255 X 34 bit)          RAMs := 1     
	              540 Bit	(15 X 36 bit)          RAMs := 1     
+---Muxes : 
	   2 Input   96 Bit        Muxes := 2     
	   2 Input   72 Bit        Muxes := 1     
	   2 Input   71 Bit        Muxes := 1     
	  72 Input   71 Bit        Muxes := 1     
	   2 Input   64 Bit        Muxes := 8     
	   2 Input   52 Bit        Muxes := 2     
	   2 Input   33 Bit        Muxes := 1     
	   9 Input   32 Bit        Muxes := 1     
	   2 Input   32 Bit        Muxes := 2     
	   4 Input   12 Bit        Muxes := 2     
	   2 Input   10 Bit        Muxes := 4     
	   2 Input    9 Bit        Muxes := 2     
	   2 Input    8 Bit        Muxes := 12    
	   4 Input    8 Bit        Muxes := 2     
	   2 Input    5 Bit        Muxes := 17    
	   4 Input    4 Bit        Muxes := 1     
	   2 Input    4 Bit        Muxes := 11    
	   3 Input    3 Bit        Muxes := 1     
	   2 Input    3 Bit        Muxes := 3     
	   2 Input    2 Bit        Muxes := 66    
	   3 Input    2 Bit        Muxes := 15    
	   4 Input    2 Bit        Muxes := 5     
	   2 Input    1 Bit        Muxes := 87    
---------------------------------------------------------------------------------
Finished RTL Component Statistics 
---------------------------------------------------------------------------------
---------------------------------------------------------------------------------
Start Part Resource Summary
---------------------------------------------------------------------------------
Part Resources:
DSPs: 1968 (col length:264)
BRAMs: 1968 (col length: RAMB18 264 RAMB36 132)
---------------------------------------------------------------------------------
Finished Part Resource Summary
---------------------------------------------------------------------------------
---------------------------------------------------------------------------------
Start Cross Boundary and Area Optimization
---------------------------------------------------------------------------------
WARNING: [Synth 8-7080] Parallel synthesis criteria is not met
WARNING: [Synth 8-7129] Port in_BUS_RID[0] in module add_two_numbers_gmem_m_axi_read is either unconnected or has no load
WARNING: [Synth 8-7129] Port in_BUS_RRESP[1] in module add_two_numbers_gmem_m_axi_read is either unconnected or has no load
WARNING: [Synth 8-7129] Port in_BUS_RRESP[0] in module add_two_numbers_gmem_m_axi_read is either unconnected or has no load
WARNING: [Synth 8-7129] Port in_BUS_RUSER[0] in module add_two_numbers_gmem_m_axi_read is either unconnected or has no load
WARNING: [Synth 8-7129] Port in_BUS_BID[0] in module add_two_numbers_gmem_m_axi_write is either unconnected or has no load
WARNING: [Synth 8-7129] Port in_BUS_BRESP[1] in module add_two_numbers_gmem_m_axi_write is either unconnected or has no load
WARNING: [Synth 8-7129] Port in_BUS_BRESP[0] in module add_two_numbers_gmem_m_axi_write is either unconnected or has no load
WARNING: [Synth 8-7129] Port in_BUS_BUSER[0] in module add_two_numbers_gmem_m_axi_write is either unconnected or has no load
INFO: [Synth 8-7082] The signal gmem_m_axi_U/store_unit/buff_wdata/U_fifo_mem/mem_reg is implemented as Block RAM but is better mapped onto distributed LUT RAM for the following reason(s): The depth (4 address bits) is shallow. Please use attribute (* ram_style = "distributed" *) to instruct Vivado to infer distributed LUT RAM.
WARNING: [Synth 8-3332] Sequential element (control_s_axi_U/FSM_onehot_wstate_reg[0]) is unused and will be removed from module add_two_numbers.
WARNING: [Synth 8-3332] Sequential element (control_s_axi_U/FSM_onehot_rstate_reg[0]) is unused and will be removed from module add_two_numbers.
WARNING: [Synth 8-3332] Sequential element (gmem_m_axi_U/bus_read/rs_rreq/FSM_sequential_state_reg[1]) is unused and will be removed from module add_two_numbers.
WARNING: [Synth 8-3332] Sequential element (gmem_m_axi_U/bus_read/rs_rreq/FSM_sequential_state_reg[0]) is unused and will be removed from module add_two_numbers.
---------------------------------------------------------------------------------
Finished Cross Boundary and Area Optimization : Time (s): cpu = 00:00:40 ; elapsed = 00:00:43 . Memory (MB): peak = 3532.148 ; gain = 508.207 ; free physical = 101519 ; free virtual = 227228
Synthesis current peak Physical Memory [PSS] (MB): peak = 2596.122; parent = 2459.062; children = 137.060
Synthesis current peak Virtual Memory [VSS] (MB): peak = 4532.098; parent = 3532.152; children = 999.945
---------------------------------------------------------------------------------
---------------------------------------------------------------------------------
Start ROM, RAM, DSP, Shift Register and Retiming Reporting
---------------------------------------------------------------------------------

Block RAM: Preliminary Mapping Report (see note below)
+------------+-------------------------------------------------------+------------------------+---+---+------------------------+---+---+------------------+--------+--------+-----------------+
|Module Name | RTL Object                                            | PORT A (Depth x Width) | W | R | PORT B (Depth x Width) | W | R | Ports driving FF | RAMB18 | RAMB36 | Cascade Heights | 
+------------+-------------------------------------------------------+------------------------+---+---+------------------------+---+---+------------------+--------+--------+-----------------+
|inst        | gmem_m_axi_U/store_unit/buff_wdata/U_fifo_mem/mem_reg | 15 x 36(READ_FIRST)    | W |   | 15 x 36(WRITE_FIRST)   |   | R | Port A and B     | 1      | 0      |                 | 
+------------+-------------------------------------------------------+------------------------+---+---+------------------------+---+---+------------------+--------+--------+-----------------+

Note: The table above is a preliminary report that shows the Block RAMs at the current stage of the synthesis flow. Some Block RAMs may be reimplemented as non Block RAM primitives later in the synthesis flow. Multiple instantiated Block RAMs are reported only once. 
---------------------------------------------------------------------------------
Finished ROM, RAM, DSP, Shift Register and Retiming Reporting
---------------------------------------------------------------------------------
---------------------------------------------------------------------------------
Start Applying XDC Timing Constraints
---------------------------------------------------------------------------------
---------------------------------------------------------------------------------
Finished Applying XDC Timing Constraints : Time (s): cpu = 00:00:55 ; elapsed = 00:01:00 . Memory (MB): peak = 3851.781 ; gain = 827.840 ; free physical = 98817 ; free virtual = 224544
Synthesis current peak Physical Memory [PSS] (MB): peak = 3004.177; parent = 2872.207; children = 137.060
Synthesis current peak Virtual Memory [VSS] (MB): peak = 4851.730; parent = 3851.785; children = 999.945
---------------------------------------------------------------------------------
---------------------------------------------------------------------------------
Start Timing Optimization
---------------------------------------------------------------------------------
---------------------------------------------------------------------------------
Finished Timing Optimization : Time (s): cpu = 00:00:59 ; elapsed = 00:01:05 . Memory (MB): peak = 3908.219 ; gain = 884.277 ; free physical = 98394 ; free virtual = 224121
Synthesis current peak Physical Memory [PSS] (MB): peak = 3043.245; parent = 2910.089; children = 137.060
Synthesis current peak Virtual Memory [VSS] (MB): peak = 4908.168; parent = 3908.223; children = 999.945
---------------------------------------------------------------------------------
---------------------------------------------------------------------------------
Start ROM, RAM, DSP, Shift Register and Retiming Reporting
---------------------------------------------------------------------------------

Block RAM: Final Mapping Report
+------------+-------------------------------------------------------+------------------------+---+---+------------------------+---+---+------------------+--------+--------+-----------------+
|Module Name | RTL Object                                            | PORT A (Depth x Width) | W | R | PORT B (Depth x Width) | W | R | Ports driving FF | RAMB18 | RAMB36 | Cascade Heights | 
+------------+-------------------------------------------------------+------------------------+---+---+------------------------+---+---+------------------+--------+--------+-----------------+
|inst        | gmem_m_axi_U/store_unit/buff_wdata/U_fifo_mem/mem_reg | 15 x 36(READ_FIRST)    | W |   | 15 x 36(WRITE_FIRST)   |   | R | Port A and B     | 1      | 0      |                 | 
+------------+-------------------------------------------------------+------------------------+---+---+------------------------+---+---+------------------+--------+--------+-----------------+

---------------------------------------------------------------------------------
Finished ROM, RAM, DSP, Shift Register and Retiming Reporting
---------------------------------------------------------------------------------
---------------------------------------------------------------------------------
Start Technology Mapping
---------------------------------------------------------------------------------
---------------------------------------------------------------------------------
Finished Technology Mapping : Time (s): cpu = 00:01:00 ; elapsed = 00:01:06 . Memory (MB): peak = 3924.234 ; gain = 900.293 ; free physical = 98463 ; free virtual = 224190
Synthesis current peak Physical Memory [PSS] (MB): peak = 3043.245; parent = 2910.089; children = 137.060
Synthesis current peak Virtual Memory [VSS] (MB): peak = 4924.184; parent = 3924.238; children = 999.945
---------------------------------------------------------------------------------
---------------------------------------------------------------------------------
Start IO Insertion
---------------------------------------------------------------------------------
---------------------------------------------------------------------------------
Start Flattening Before IO Insertion
---------------------------------------------------------------------------------
---------------------------------------------------------------------------------
Finished Flattening Before IO Insertion
---------------------------------------------------------------------------------
---------------------------------------------------------------------------------
Start Final Netlist Cleanup
---------------------------------------------------------------------------------
---------------------------------------------------------------------------------
Finished Final Netlist Cleanup
---------------------------------------------------------------------------------
---------------------------------------------------------------------------------
Finished IO Insertion : Time (s): cpu = 00:01:08 ; elapsed = 00:01:14 . Memory (MB): peak = 3924.234 ; gain = 900.293 ; free physical = 99275 ; free virtual = 225009
Synthesis current peak Physical Memory [PSS] (MB): peak = 3047.775; parent = 2914.478; children = 137.060
Synthesis current peak Virtual Memory [VSS] (MB): peak = 4924.184; parent = 3924.238; children = 999.945
---------------------------------------------------------------------------------
---------------------------------------------------------------------------------
Start Renaming Generated Instances
---------------------------------------------------------------------------------
---------------------------------------------------------------------------------
Finished Renaming Generated Instances : Time (s): cpu = 00:01:08 ; elapsed = 00:01:14 . Memory (MB): peak = 3924.234 ; gain = 900.293 ; free physical = 99990 ; free virtual = 225724
Synthesis current peak Physical Memory [PSS] (MB): peak = 3047.807; parent = 2914.510; children = 137.060
Synthesis current peak Virtual Memory [VSS] (MB): peak = 4924.184; parent = 3924.238; children = 999.945
---------------------------------------------------------------------------------
---------------------------------------------------------------------------------
Start Rebuilding User Hierarchy
---------------------------------------------------------------------------------
---------------------------------------------------------------------------------
Finished Rebuilding User Hierarchy : Time (s): cpu = 00:01:08 ; elapsed = 00:01:14 . Memory (MB): peak = 3924.234 ; gain = 900.293 ; free physical = 99972 ; free virtual = 225705
Synthesis current peak Physical Memory [PSS] (MB): peak = 3047.807; parent = 2914.510; children = 137.060
Synthesis current peak Virtual Memory [VSS] (MB): peak = 4924.184; parent = 3924.238; children = 999.945
---------------------------------------------------------------------------------
---------------------------------------------------------------------------------
Start Renaming Generated Ports
---------------------------------------------------------------------------------
---------------------------------------------------------------------------------
Finished Renaming Generated Ports : Time (s): cpu = 00:01:08 ; elapsed = 00:01:14 . Memory (MB): peak = 3924.234 ; gain = 900.293 ; free physical = 100021 ; free virtual = 225755
Synthesis current peak Physical Memory [PSS] (MB): peak = 3047.807; parent = 2914.510; children = 137.060
Synthesis current peak Virtual Memory [VSS] (MB): peak = 4924.184; parent = 3924.238; children = 999.945
---------------------------------------------------------------------------------
---------------------------------------------------------------------------------
Start Handling Custom Attributes
---------------------------------------------------------------------------------
---------------------------------------------------------------------------------
Finished Handling Custom Attributes : Time (s): cpu = 00:01:08 ; elapsed = 00:01:14 . Memory (MB): peak = 3924.234 ; gain = 900.293 ; free physical = 100147 ; free virtual = 225883
Synthesis current peak Physical Memory [PSS] (MB): peak = 3047.807; parent = 2914.510; children = 137.060
Synthesis current peak Virtual Memory [VSS] (MB): peak = 4924.184; parent = 3924.238; children = 999.945
---------------------------------------------------------------------------------
---------------------------------------------------------------------------------
Start Renaming Generated Nets
---------------------------------------------------------------------------------
---------------------------------------------------------------------------------
Finished Renaming Generated Nets : Time (s): cpu = 00:01:08 ; elapsed = 00:01:14 . Memory (MB): peak = 3924.234 ; gain = 900.293 ; free physical = 100146 ; free virtual = 225881
Synthesis current peak Physical Memory [PSS] (MB): peak = 3047.807; parent = 2914.510; children = 137.060
Synthesis current peak Virtual Memory [VSS] (MB): peak = 4924.184; parent = 3924.238; children = 999.945
---------------------------------------------------------------------------------
---------------------------------------------------------------------------------
Start ROM, RAM, DSP, Shift Register and Retiming Reporting
---------------------------------------------------------------------------------

Dynamic Shift Register Report:
+------------+-------------+--------+------------+--------+---------+--------+--------+--------+
|Module Name | RTL Name    | Length | Data Width | SRL16E | SRLC32E | Mux F7 | Mux F8 | Mux F9 | 
+------------+-------------+--------+------------+--------+---------+--------+--------+--------+
|dsrl        | mem_reg[67] | 96     | 96         | 0      | 288     | 192    | 96     | 0      | 
|dsrl__1     | mem_reg[14] | 1      | 1          | 1      | 0       | 0      | 0      | 0      | 
|dsrl__2     | mem_reg[67] | 1      | 1          | 0      | 3       | 2      | 1      | 0      | 
|dsrl__3     | mem_reg[14] | 8      | 8          | 8      | 0       | 0      | 0      | 0      | 
|dsrl__4     | mem_reg[14] | 72     | 72         | 72     | 0       | 0      | 0      | 0      | 
|dsrl__5     | mem_reg[14] | 37     | 37         | 37     | 0       | 0      | 0      | 0      | 
+------------+-------------+--------+------------+--------+---------+--------+--------+--------+

---------------------------------------------------------------------------------
Finished ROM, RAM, DSP, Shift Register and Retiming Reporting
---------------------------------------------------------------------------------
---------------------------------------------------------------------------------
Start Writing Synthesis Report
---------------------------------------------------------------------------------

Report BlackBoxes: 
+-+--------------+----------+
| |BlackBox name |Instances |
+-+--------------+----------+
+-+--------------+----------+

Report Cell Usage: 
+------+---------+------+
|      |Cell     |Count |
+------+---------+------+
|1     |CARRY8   |    35|
|2     |LUT1     |    22|
|3     |LUT2     |   108|
|4     |LUT3     |   337|
|5     |LUT4     |   289|
|6     |LUT5     |   136|
|7     |LUT6     |   134|
|8     |MUXF7    |    63|
|9     |RAMB18E2 |     1|
|10    |SRL16E   |   109|
|11    |SRLC32E  |   189|
|12    |FDRE     |  1332|
|13    |FDSE     |     5|
+------+---------+------+
---------------------------------------------------------------------------------
Finished Writing Synthesis Report : Time (s): cpu = 00:01:08 ; elapsed = 00:01:15 . Memory (MB): peak = 3924.234 ; gain = 900.293 ; free physical = 100129 ; free virtual = 225864
Synthesis current peak Physical Memory [PSS] (MB): peak = 3047.807; parent = 2914.510; children = 137.060
Synthesis current peak Virtual Memory [VSS] (MB): peak = 4924.184; parent = 3924.238; children = 999.945
---------------------------------------------------------------------------------
Synthesis finished with 0 errors, 0 critical warnings and 13 warnings.
Synthesis Optimization Runtime : Time (s): cpu = 00:00:57 ; elapsed = 00:01:04 . Memory (MB): peak = 3924.234 ; gain = 783.633 ; free physical = 100140 ; free virtual = 225875
Synthesis Optimization Complete : Time (s): cpu = 00:01:08 ; elapsed = 00:01:15 . Memory (MB): peak = 3924.242 ; gain = 900.293 ; free physical = 100143 ; free virtual = 225878
INFO: [Project 1-571] Translating synthesized netlist
Netlist sorting complete. Time (s): cpu = 00:00:00.04 ; elapsed = 00:00:00.05 . Memory (MB): peak = 3932.234 ; gain = 0.000 ; free physical = 100222 ; free virtual = 225956
INFO: [Netlist 29-17] Analyzing 98 Unisim elements for replacement
INFO: [Netlist 29-28] Unisim Transformation completed in 0 CPU seconds
INFO: [Project 1-570] Preparing netlist for logic optimization
INFO: [Opt 31-138] Pushed 0 inverter(s) to 0 load pin(s).
Netlist sorting complete. Time (s): cpu = 00:00:00 ; elapsed = 00:00:00.01 . Memory (MB): peak = 3958.984 ; gain = 0.000 ; free physical = 100071 ; free virtual = 225806
INFO: [Project 1-111] Unisim Transformation Summary:
No Unisim elements were transformed.

Synth Design complete, checksum: 711dfa47
INFO: [Common 17-83] Releasing license: Synthesis
100 Infos, 71 Warnings, 0 Critical Warnings and 0 Errors encountered.
synth_design completed successfully
synth_design: Time (s): cpu = 00:01:25 ; elapsed = 00:01:29 . Memory (MB): peak = 3958.984 ; gain = 2019.730 ; free physical = 100248 ; free virtual = 225983
INFO: [Common 17-600] The following parameters have non-default value.
general.maxThreads
INFO: [Common 17-1381] The checkpoint '/home/uni/project/smartssd/add_two_numbers/_x/link/vivado/vpl/prj/prj.runs/ulp_add_two_numbers_1_0_synth_1/ulp_add_two_numbers_1_0.dcp' has been generated.
INFO: [Coretcl 2-1648] Added synthesis output to IP cache for IP ulp_add_two_numbers_1_0, cache-ID = 05efec962c9d766c
INFO: [Coretcl 2-1174] Renamed 28 cell refs.
INFO: [Common 17-1381] The checkpoint '/home/uni/project/smartssd/add_two_numbers/_x/link/vivado/vpl/prj/prj.runs/ulp_add_two_numbers_1_0_synth_1/ulp_add_two_numbers_1_0.dcp' has been generated.
INFO: [runtcl-4] Executing : report_utilization -file ulp_add_two_numbers_1_0_utilization_synth.rpt -pb ulp_add_two_numbers_1_0_utilization_synth.pb
INFO: [Common 17-206] Exiting Vivado at Tue Aug 18 01:08:30 2026...
