
*** Running vivado
    with args -log ulp_freq_counter_0_0.vds -m64 -product Vivado -mode batch -messageDb vivado.pb -notrace -source ulp_freq_counter_0_0.tcl


****** Vivado v2022.2.2 (64-bit)
  **** SW Build 3788238 on Tue Feb 21 19:59:23 MST 2023
  **** IP Build 3783773 on Tue Feb 21 23:41:56 MST 2023
    ** Copyright 1986-2023 Xilinx, Inc. All Rights Reserved.

source ulp_freq_counter_0_0.tcl -notrace
INFO: Dispatch client connection id - 44803
create_project: Time (s): cpu = 00:00:08 ; elapsed = 00:00:08 . Memory (MB): peak = 1831.691 ; gain = 88.992 ; free physical = 107651 ; free virtual = 233370
INFO: [IP_Flow 19-234] Refreshing IP repositories
WARNING: [IP_Flow 19-1694] Ignoring duplicate Bus Definition IP file 'xilinx.com:display_pcie4:pcie4_gt_if:1.0' found within IP repository '/home/uni/project/smartssd/add_two_numbers/_x/link/vivado/vpl/.local/hw_platform/iprepo'.
File in use: /home/uni/project/smartssd/add_two_numbers/_x/link/vivado/vpl/.local/hw_platform/iprepo/ipdefs/other_ipdefs/xdma_v4_1/interfaces/pcie4_gt_if.xml
File ignored: /home/uni/project/smartssd/add_two_numbers/_x/link/vivado/vpl/.local/hw_platform/iprepo/ipdefs/other_ipdefs/pcie4_uscale_plus_v1_3/interfaces/pcie4_gt_if.xml
WARNING: [IP_Flow 19-1694] Ignoring duplicate Bus Definition IP file 'xilinx.com:display_pcie4_uscaleplus:ext_gtcom:1.0' found within IP repository '/home/uni/project/smartssd/add_two_numbers/_x/link/vivado/vpl/.local/hw_platform/iprepo'.
File in use: /home/uni/project/smartssd/add_two_numbers/_x/link/vivado/vpl/.local/hw_platform/iprepo/ipdefs/other_ipdefs/xdma_v4_1/interfaces/pcie4_usp_ext_gtcom.xml
File ignored: /home/uni/project/smartssd/add_two_numbers/_x/link/vivado/vpl/.local/hw_platform/iprepo/ipdefs/other_ipdefs/pcie4_uscale_plus_v1_3/interfaces/pcie4_usp_ext_gtcom.xml
WARNING: [IP_Flow 19-1694] Ignoring duplicate Bus Abstraction IP file 'xilinx.com:display_pcie4:pcie4_gt_if_rtl:1.0' found within IP repository '/home/uni/project/smartssd/add_two_numbers/_x/link/vivado/vpl/.local/hw_platform/iprepo'.
File in use: /home/uni/project/smartssd/add_two_numbers/_x/link/vivado/vpl/.local/hw_platform/iprepo/ipdefs/other_ipdefs/xdma_v4_1/interfaces/pcie4_gt_if_rtl.xml
File ignored: /home/uni/project/smartssd/add_two_numbers/_x/link/vivado/vpl/.local/hw_platform/iprepo/ipdefs/other_ipdefs/pcie4_uscale_plus_v1_3/interfaces/pcie4_gt_if_rtl.xml
WARNING: [IP_Flow 19-1694] Ignoring duplicate Bus Abstraction IP file 'xilinx.com:display_pcie4_uscaleplus:int_gtcom_rtl:1.0' found within IP repository '/home/uni/project/smartssd/add_two_numbers/_x/link/vivado/vpl/.local/hw_platform/iprepo'.
File in use: /home/uni/project/smartssd/add_two_numbers/_x/link/vivado/vpl/.local/hw_platform/iprepo/ipdefs/other_ipdefs/xdma_v4_1/interfaces/pcie4_usp_int_gtcom_rtl.xml
File ignored: /home/uni/project/smartssd/add_two_numbers/_x/link/vivado/vpl/.local/hw_platform/iprepo/ipdefs/other_ipdefs/pcie4_uscale_plus_v1_3/interfaces/pcie4_usp_int_gtcom_rtl.xml
WARNING: [IP_Flow 19-1694] Ignoring duplicate Bus Abstraction IP file 'xilinx.com:display_pcie4_uscaleplus:ext_gtcom_rtl:1.0' found within IP repository '/home/uni/project/smartssd/add_two_numbers/_x/link/vivado/vpl/.local/hw_platform/iprepo'.
File in use: /home/uni/project/smartssd/add_two_numbers/_x/link/vivado/vpl/.local/hw_platform/iprepo/ipdefs/other_ipdefs/xdma_v4_1/interfaces/pcie4_usp_ext_gtcom_rtl.xml
File ignored: /home/uni/project/smartssd/add_two_numbers/_x/link/vivado/vpl/.local/hw_platform/iprepo/ipdefs/other_ipdefs/pcie4_uscale_plus_v1_3/interfaces/pcie4_usp_ext_gtcom_rtl.xml
WARNING: [IP_Flow 19-1694] Ignoring duplicate Bus Definition IP file 'xilinx.com:display_pcie4_uscaleplus:int_gtcom:1.0' found within IP repository '/home/uni/project/smartssd/add_two_numbers/_x/link/vivado/vpl/.local/hw_platform/iprepo'.
File in use: /home/uni/project/smartssd/add_two_numbers/_x/link/vivado/vpl/.local/hw_platform/iprepo/ipdefs/other_ipdefs/xdma_v4_1/interfaces/pcie4_usp_int_gtcom.xml
File ignored: /home/uni/project/smartssd/add_two_numbers/_x/link/vivado/vpl/.local/hw_platform/iprepo/ipdefs/other_ipdefs/pcie4_uscale_plus_v1_3/interfaces/pcie4_usp_int_gtcom.xml
INFO: [IP_Flow 19-1700] Loaded user IP repository '/home/uni/project/smartssd/add_two_numbers/_x/link/vivado/vpl/.local/hw_platform/iprepo'.
INFO: [IP_Flow 19-1700] Loaded user IP repository '/home/uni/project/smartssd/add_two_numbers/_x/link/int/xo/ip_repo/xilinx_com_hls_add_two_numbers_1_0'.
WARNING: [IP_Flow 19-2207] Repository '/home/uni/project/smartssd/add_two_numbers/_x/link/vivado/vpl/.local/hw_platform/iprepo' already exists; ignoring attempt to add it again.
INFO: [IP_Flow 19-1700] Loaded user IP repository '/home/uni/project/smartssd/add_two_numbers/_x/link/vivado/vpl/.local/hw_platform/iprepo'.
INFO: [IP_Flow 19-1700] Loaded user IP repository '/home/uni/project/smartssd/add_two_numbers/_x/link/vivado/vpl/.local/hw_platform/ipcache'.
INFO: [IP_Flow 19-1700] Loaded user IP repository '/home/dess/workspace/Xilinx/Vitis/2022.2/data/ip'.
INFO: [IP_Flow 19-2313] Loaded Vivado IP repository '/home/dess/workspace/Xilinx/Vivado/2022.2/data/ip'.
WARNING: [IP_Flow 19-1663] Duplicate IP found for 'xilinx.com:ip:icap_arb:1.0'. The one found in IP location '/home/uni/project/smartssd/add_two_numbers/_x/link/vivado/vpl/.local/hw_platform/iprepo/ipdefs/other_ipdefs/icap_arb_v1_0' will take precedence over the same IP in the Xilinx installed IP.
WARNING: [IP_Flow 19-1663] Duplicate IP found for 'xilinx.com:ip:axi_clk_metadata_adapter:1.0'. The one found in IP location '/home/uni/project/smartssd/add_two_numbers/_x/link/vivado/vpl/.local/hw_platform/iprepo/ipdefs/other_ipdefs/axi_clk_metadata_adapter_v1_0' will take precedence over the same IP in location /home/uni/project/smartssd/add_two_numbers/_x/link/vivado/vpl/.local/hw_platform/iprepo/ipdefs/ii_infra_ipdefs/axi_clk_metadata_adapter_v1_0
WARNING: [IP_Flow 19-1663] Duplicate IP found for 'xilinx.com:ip:axis_clk_metadata_adapter:1.0'. The one found in IP location '/home/uni/project/smartssd/add_two_numbers/_x/link/vivado/vpl/.local/hw_platform/iprepo/ipdefs/other_ipdefs/axis_clk_metadata_adapter_v1_0' will take precedence over the same IP in location /home/uni/project/smartssd/add_two_numbers/_x/link/vivado/vpl/.local/hw_platform/iprepo/ipdefs/ii_infra_ipdefs/axis_clk_metadata_adapter_v1_0
WARNING: [IP_Flow 19-1663] Duplicate IP found for 'xilinx.com:ip:hbm_memory_subsystem:2.0'. The one found in IP location '/home/uni/project/smartssd/add_two_numbers/_x/link/vivado/vpl/.local/hw_platform/iprepo/ipdefs/other_ipdefs/hbm_memory_subsystem_v2_0' will take precedence over the same IP in the Xilinx installed IP.
WARNING: [IP_Flow 19-1663] Duplicate IP found for 'xilinx.com:ip:shell_utils_build_info:1.0'. The one found in IP location '/home/uni/project/smartssd/add_two_numbers/_x/link/vivado/vpl/.local/hw_platform/iprepo/ipdefs/other_ipdefs/shell_utils_build_info_v1_0' will take precedence over the same IP in the Xilinx installed IP.
WARNING: [IP_Flow 19-1663] Duplicate IP found for 'xilinx.com:ip:xdma:4.1'. The one found in IP location '/home/uni/project/smartssd/add_two_numbers/_x/link/vivado/vpl/.local/hw_platform/iprepo/ipdefs/other_ipdefs/xdma_v4_1' will take precedence over the same IP in the Xilinx installed IP.
WARNING: [IP_Flow 19-1663] Duplicate IP found for 'xilinx.com:ip:shell_utils_msp432_bsl_crc_gen:1.0'. The one found in IP location '/home/uni/project/smartssd/add_two_numbers/_x/link/vivado/vpl/.local/hw_platform/iprepo/ipdefs/other_ipdefs/shell_utils_msp432_bsl_crc_gen_v1_0' will take precedence over the same IP in the Xilinx installed IP.
WARNING: [IP_Flow 19-1663] Duplicate IP found for 'xilinx.com:ip:axi_hwicap:3.0'. The one found in IP location '/home/uni/project/smartssd/add_two_numbers/_x/link/vivado/vpl/.local/hw_platform/iprepo/ipdefs/other_ipdefs/axi_hwicap_v3_0' will take precedence over the same IP in the Xilinx installed IP.
WARNING: [IP_Flow 19-1663] Duplicate IP found for 'xilinx.com:ip:pcie4_uscale_plus:1.3'. The one found in IP location '/home/uni/project/smartssd/add_two_numbers/_x/link/vivado/vpl/.local/hw_platform/iprepo/ipdefs/other_ipdefs/pcie4_uscale_plus_v1_3' will take precedence over the same IP in the Xilinx installed IP.
WARNING: [IP_Flow 19-1663] Duplicate IP found for 'xilinx.com:ip:mailbox:2.1'. The one found in IP location '/home/uni/project/smartssd/add_two_numbers/_x/link/vivado/vpl/.local/hw_platform/iprepo/ipdefs/other_ipdefs/mailbox_v2_1' will take precedence over the same IP in the Xilinx installed IP.
WARNING: [IP_Flow 19-1663] Duplicate IP found for 'xilinx.com:ip:clk_metadata_adapter:1.0'. The one found in IP location '/home/uni/project/smartssd/add_two_numbers/_x/link/vivado/vpl/.local/hw_platform/iprepo/ipdefs/other_ipdefs/clk_metadata_adapter_v1_0' will take precedence over the same IP in location /home/uni/project/smartssd/add_two_numbers/_x/link/vivado/vpl/.local/hw_platform/iprepo/ipdefs/ii_infra_ipdefs/clk_metadata_adapter_v1_0
WARNING: [IP_Flow 19-1663] Duplicate IP found for 'xilinx.com:ip:pipeline_reg:1.0'. The one found in IP location '/home/uni/project/smartssd/add_two_numbers/_x/link/vivado/vpl/.local/hw_platform/iprepo/ipdefs/other_ipdefs/pipeline_reg_v1_0' will take precedence over the same IP in location /home/uni/project/smartssd/add_two_numbers/_x/link/vivado/vpl/.local/hw_platform/iprepo/ipdefs/ii_infra_ipdefs/pipeline_reg_v1_0
WARNING: [IP_Flow 19-4830] Duplicate Interface found for 'xilinx.com:display_pcie3_ultrascale:pcie3_us_gt_if:1.0'. The one found in location '/home/uni/project/smartssd/add_two_numbers/_x/link/vivado/vpl/.local/hw_platform/iprepo/ipdefs/other_ipdefs/xdma_v4_1/interfaces/pcie3_us_gt_if.xml' will take precedence over the same Interface in location '/home/dess/workspace/Xilinx/Vivado/2022.2/data/ip/xilinx/pcie3_ultrascale_v4_4/interfaces/pcie3_us_gt_if.xml'
WARNING: [IP_Flow 19-4830] Duplicate Interface found for 'xilinx.com:display_pcie4:pcie4_gt_if:1.0'. The one found in location '/home/uni/project/smartssd/add_two_numbers/_x/link/vivado/vpl/.local/hw_platform/iprepo/ipdefs/other_ipdefs/xdma_v4_1/interfaces/pcie4_gt_if.xml' will take precedence over the same Interface in location '/home/dess/workspace/Xilinx/Vivado/2022.2/data/ip/xilinx/pcie4_uscale_plus_v1_3/interfaces/pcie4_gt_if.xml'
WARNING: [IP_Flow 19-4830] Duplicate Interface found for 'xilinx.com:display_xdma:pcie3_7x_transceiver_debug:1.0'. The one found in location '/home/uni/project/smartssd/add_two_numbers/_x/link/vivado/vpl/.local/hw_platform/iprepo/ipdefs/other_ipdefs/xdma_v4_1/interfaces/pcie3_7x_transceiver_debug.xml' will take precedence over the same Interface in location '/home/dess/workspace/Xilinx/Vivado/2022.2/data/ip/xilinx/qdma_v5_0/interfaces/pcie3_7x_transceiver_debug.xml'
WARNING: [IP_Flow 19-4830] Duplicate Interface found for 'xilinx.com:display_xdma:int_shared_logic:1.0'. The one found in location '/home/uni/project/smartssd/add_two_numbers/_x/link/vivado/vpl/.local/hw_platform/iprepo/ipdefs/other_ipdefs/xdma_v4_1/interfaces/pcie3_us_int_shared_logic.xml' will take precedence over the same Interface in location '/home/dess/workspace/Xilinx/Vivado/2022.2/data/ip/xilinx/qdma_v5_0/interfaces/pcie3_us_int_shared_logic.xml'
WARNING: [IP_Flow 19-4830] Duplicate Interface found for 'xilinx.com:display_pcie4_uscaleplus:ext_gtcom:1.0'. The one found in location '/home/uni/project/smartssd/add_two_numbers/_x/link/vivado/vpl/.local/hw_platform/iprepo/ipdefs/other_ipdefs/xdma_v4_1/interfaces/pcie4_usp_ext_gtcom.xml' will take precedence over the same Interface in location '/home/dess/workspace/Xilinx/Vivado/2022.2/data/ip/xilinx/pcie4_uscale_plus_v1_3/interfaces/pcie4_usp_ext_gtcom.xml'
WARNING: [IP_Flow 19-4830] Duplicate Interface found for 'xilinx.com:display_xdma:pcie_cfg_external_msix:1.0'. The one found in location '/home/uni/project/smartssd/add_two_numbers/_x/link/vivado/vpl/.local/hw_platform/iprepo/ipdefs/other_ipdefs/xdma_v4_1/interfaces/pcie_cfg_ext_msix.xml' will take precedence over the same Interface in location '/home/dess/workspace/Xilinx/Vivado/2022.2/data/ip/xilinx/xdma_v4_1/interfaces/pcie_cfg_ext_msix.xml'
WARNING: [IP_Flow 19-4830] Duplicate Interface found for 'xilinx.com:display_xdma:pcie3_us_transceiver_debug:1.0'. The one found in location '/home/uni/project/smartssd/add_two_numbers/_x/link/vivado/vpl/.local/hw_platform/iprepo/ipdefs/other_ipdefs/xdma_v4_1/interfaces/pcie3_us_transceiver_debug.xml' will take precedence over the same Interface in location '/home/dess/workspace/Xilinx/Vivado/2022.2/data/ip/xilinx/qdma_v5_0/interfaces/pcie3_us_transceiver_debug.xml'
WARNING: [IP_Flow 19-4830] Duplicate Interface found for 'xilinx.com:display_xdma:xdma_debug_ports:1.0'. The one found in location '/home/uni/project/smartssd/add_two_numbers/_x/link/vivado/vpl/.local/hw_platform/iprepo/ipdefs/other_ipdefs/xdma_v4_1/interfaces/xdma_debug_ports.xml' will take precedence over the same Interface in location '/home/dess/workspace/Xilinx/Vivado/2022.2/data/ip/xilinx/qdma_v5_0/interfaces/xdma_debug_ports.xml'
WARNING: [IP_Flow 19-4830] Duplicate Interface found for 'xilinx.com:display_xdma:pcie4_us_plus_transceiver_debug:1.0'. The one found in location '/home/uni/project/smartssd/add_two_numbers/_x/link/vivado/vpl/.local/hw_platform/iprepo/ipdefs/other_ipdefs/xdma_v4_1/interfaces/pcie4_us_plus_transceiver_debug.xml' will take precedence over the same Interface in location '/home/dess/workspace/Xilinx/Vivado/2022.2/data/ip/xilinx/qdma_v5_0/interfaces/pcie4_us_plus_transceiver_debug.xml'
WARNING: [IP_Flow 19-4830] Duplicate Interface found for 'xilinx.com:display_xdma:pcie_debug:1.0'. The one found in location '/home/uni/project/smartssd/add_two_numbers/_x/link/vivado/vpl/.local/hw_platform/iprepo/ipdefs/other_ipdefs/xdma_v4_1/interfaces/pcie_debug.xml' will take precedence over the same Interface in location '/home/dess/workspace/Xilinx/Vivado/2022.2/data/ip/xilinx/qdma_v5_0/interfaces/pcie_debug.xml'
WARNING: [IP_Flow 19-4830] Duplicate Interface found for 'xilinx.com:display_xdma:xdma_status_ports:1.0'. The one found in location '/home/uni/project/smartssd/add_two_numbers/_x/link/vivado/vpl/.local/hw_platform/iprepo/ipdefs/other_ipdefs/xdma_v4_1/interfaces/xdma_status_ports.xml' will take precedence over the same Interface in location '/home/dess/workspace/Xilinx/Vivado/2022.2/data/ip/xilinx/qdma_v5_0/interfaces/xdma_status_ports.xml'
WARNING: [IP_Flow 19-4830] Duplicate Interface found for 'xilinx.com:display_xdma:ext_shared_logic:1.0'. The one found in location '/home/uni/project/smartssd/add_two_numbers/_x/link/vivado/vpl/.local/hw_platform/iprepo/ipdefs/other_ipdefs/xdma_v4_1/interfaces/pcie3_us_ext_shared_logic.xml' will take precedence over the same Interface in location '/home/dess/workspace/Xilinx/Vivado/2022.2/data/ip/xilinx/xdma_v4_1/interfaces/pcie3_us_ext_shared_logic.xml'
WARNING: [IP_Flow 19-4830] Duplicate Interface found for 'xilinx.com:display_qdma:usr_flr:1.0'. The one found in location '/home/uni/project/smartssd/add_two_numbers/_x/link/vivado/vpl/.local/hw_platform/iprepo/ipdefs/other_ipdefs/xdma_v4_1/interfaces/usr_flr.xml' will take precedence over the same Interface in location '/home/dess/workspace/Xilinx/Vivado/2022.2/data/ip/xilinx/xdma_v4_1/interfaces/usr_flr.xml'
WARNING: [IP_Flow 19-4830] Duplicate Interface found for 'xilinx.com:display_pcie4_uscaleplus:int_gtcom:1.0'. The one found in location '/home/uni/project/smartssd/add_two_numbers/_x/link/vivado/vpl/.local/hw_platform/iprepo/ipdefs/other_ipdefs/xdma_v4_1/interfaces/pcie4_usp_int_gtcom.xml' will take precedence over the same Interface in location '/home/dess/workspace/Xilinx/Vivado/2022.2/data/ip/xilinx/pcie4_uscale_plus_v1_3/interfaces/pcie4_usp_int_gtcom.xml'
WARNING: [IP_Flow 19-4830] Duplicate Interface found for 'xilinx.com:display_xdma:dsc_bypass:1.0'. The one found in location '/home/uni/project/smartssd/add_two_numbers/_x/link/vivado/vpl/.local/hw_platform/iprepo/ipdefs/other_ipdefs/xdma_v4_1/interfaces/dsc_bypass.xml' will take precedence over the same Interface in location '/home/dess/workspace/Xilinx/Vivado/2022.2/data/ip/xilinx/xdma_v4_1/interfaces/dsc_bypass.xml'
WARNING: [IP_Flow 19-4830] Duplicate Interface found for 'xilinx.com:display_pcie4_uscaleplus:transceiver_debug:1.0'. The one found in location '/home/uni/project/smartssd/add_two_numbers/_x/link/vivado/vpl/.local/hw_platform/iprepo/ipdefs/other_ipdefs/pcie4_uscale_plus_v1_3/interfaces/transceiver_debug.xml' will take precedence over the same Interface in location '/home/dess/workspace/Xilinx/Vivado/2022.2/data/ip/xilinx/pcie4_uscale_plus_v1_3/interfaces/transceiver_debug.xml'
WARNING: [IP_Flow 19-4830] Duplicate Interface found for 'xilinx.com:display_pcie4:pcie4_cfg_external_msix:1.0'. The one found in location '/home/uni/project/smartssd/add_two_numbers/_x/link/vivado/vpl/.local/hw_platform/iprepo/ipdefs/other_ipdefs/pcie4_uscale_plus_v1_3/interfaces/pcie4_cfg_ext_msix.xml' will take precedence over the same Interface in location '/home/dess/workspace/Xilinx/Vivado/2022.2/data/ip/xilinx/pcie4_uscale_plus_v1_3/interfaces/pcie4_cfg_ext_msix.xml'
WARNING: [IP_Flow 19-4830] Duplicate Interface found for 'xilinx.com:display_pcie4:pcie4_cfg_msix_internal:1.0'. The one found in location '/home/uni/project/smartssd/add_two_numbers/_x/link/vivado/vpl/.local/hw_platform/iprepo/ipdefs/other_ipdefs/pcie4_uscale_plus_v1_3/interfaces/pcie4_cfg_msix_int.xml' will take precedence over the same Interface in location '/home/dess/workspace/Xilinx/Vivado/2022.2/data/ip/xilinx/pcie4_uscale_plus_v1_3/interfaces/pcie4_cfg_msix_int.xml'
WARNING: [IP_Flow 19-4830] Duplicate Interface found for 'xilinx.com:display_pcie4:pcie4_rbar:1.0'. The one found in location '/home/uni/project/smartssd/add_two_numbers/_x/link/vivado/vpl/.local/hw_platform/iprepo/ipdefs/other_ipdefs/pcie4_uscale_plus_v1_3/interfaces/pcie4_rbar.xml' will take precedence over the same Interface in location '/home/dess/workspace/Xilinx/Vivado/2022.2/data/ip/xilinx/pcie4_uscale_plus_v1_3/interfaces/pcie4_rbar.xml'
WARNING: [IP_Flow 19-4830] Duplicate Interface found for 'xilinx.com:display_pcie4:pcie4_cfg_control:1.0'. The one found in location '/home/uni/project/smartssd/add_two_numbers/_x/link/vivado/vpl/.local/hw_platform/iprepo/ipdefs/other_ipdefs/pcie4_uscale_plus_v1_3/interfaces/pcie4_cfg_control.xml' will take precedence over the same Interface in location '/home/dess/workspace/Xilinx/Vivado/2022.2/data/ip/xilinx/pcie4_uscale_plus_v1_3/interfaces/pcie4_cfg_control.xml'
WARNING: [IP_Flow 19-4830] Duplicate Interface found for 'xilinx.com:display_pcie4:pcie4_cfg_mgmt:1.0'. The one found in location '/home/uni/project/smartssd/add_two_numbers/_x/link/vivado/vpl/.local/hw_platform/iprepo/ipdefs/other_ipdefs/pcie4_uscale_plus_v1_3/interfaces/pcie4_cfg_mgmt.xml' will take precedence over the same Interface in location '/home/dess/workspace/Xilinx/Vivado/2022.2/data/ip/xilinx/pcie4_uscale_plus_v1_3/interfaces/pcie4_cfg_mgmt.xml'
WARNING: [IP_Flow 19-4830] Duplicate Interface found for 'xilinx.com:display_pcie4:pcie4_pl:1.0'. The one found in location '/home/uni/project/smartssd/add_two_numbers/_x/link/vivado/vpl/.local/hw_platform/iprepo/ipdefs/other_ipdefs/pcie4_uscale_plus_v1_3/interfaces/pcie4_pl.xml' will take precedence over the same Interface in location '/home/dess/workspace/Xilinx/Vivado/2022.2/data/ip/xilinx/pcie4_uscale_plus_v1_3/interfaces/pcie4_pl.xml'
WARNING: [IP_Flow 19-4830] Duplicate Interface found for 'xilinx.com:display_pcie4:pcie4_cfg_status:1.0'. The one found in location '/home/uni/project/smartssd/add_two_numbers/_x/link/vivado/vpl/.local/hw_platform/iprepo/ipdefs/other_ipdefs/pcie4_uscale_plus_v1_3/interfaces/pcie4_cfg_status.xml' will take precedence over the same Interface in location '/home/dess/workspace/Xilinx/Vivado/2022.2/data/ip/xilinx/pcie4_uscale_plus_v1_3/interfaces/pcie4_cfg_status.xml'
WARNING: [IP_Flow 19-4830] Duplicate Interface found for 'xilinx.com:display_pcie4:pcie4_pcie_id:1.0'. The one found in location '/home/uni/project/smartssd/add_two_numbers/_x/link/vivado/vpl/.local/hw_platform/iprepo/ipdefs/other_ipdefs/pcie4_uscale_plus_v1_3/interfaces/pcie4_pcie_id.xml' will take precedence over the same Interface in location '/home/dess/workspace/Xilinx/Vivado/2022.2/data/ip/xilinx/pcie4_uscale_plus_v1_3/interfaces/pcie4_pcie_id.xml'
WARNING: [IP_Flow 19-4830] Duplicate Interface found for 'xilinx.com:display_pcie4:pcie4_cfg_msix_external:1.0'. The one found in location '/home/uni/project/smartssd/add_two_numbers/_x/link/vivado/vpl/.local/hw_platform/iprepo/ipdefs/other_ipdefs/pcie4_uscale_plus_v1_3/interfaces/pcie4_cfg_msix.xml' will take precedence over the same Interface in location '/home/dess/workspace/Xilinx/Vivado/2022.2/data/ip/xilinx/pcie4_uscale_plus_v1_3/interfaces/pcie4_cfg_msix.xml'
WARNING: [IP_Flow 19-4830] Duplicate Interface found for 'xilinx.com:display_pcie4:pcie4_cfg_pm:1.0'. The one found in location '/home/uni/project/smartssd/add_two_numbers/_x/link/vivado/vpl/.local/hw_platform/iprepo/ipdefs/other_ipdefs/pcie4_uscale_plus_v1_3/interfaces/pcie4_cfg_pm.xml' will take precedence over the same Interface in location '/home/dess/workspace/Xilinx/Vivado/2022.2/data/ip/xilinx/pcie4_uscale_plus_v1_3/interfaces/pcie4_cfg_pm.xml'
WARNING: [IP_Flow 19-4830] Duplicate Interface found for 'xilinx.com:display_pcie4:pcie4_drp:1.0'. The one found in location '/home/uni/project/smartssd/add_two_numbers/_x/link/vivado/vpl/.local/hw_platform/iprepo/ipdefs/other_ipdefs/pcie4_uscale_plus_v1_3/interfaces/pcie4_drp.xml' will take precedence over the same Interface in location '/home/dess/workspace/Xilinx/Vivado/2022.2/data/ip/xilinx/pcie4_uscale_plus_v1_3/interfaces/pcie4_drp.xml'
INFO: [IP_Flow 19-6924] IPCACHE: Running cache check for IP inst: ulp_freq_counter_0_0
Command: synth_design -top ulp_freq_counter_0_0 -part xcku15p-ffva1156-2LV-e -incremental_mode off -mode out_of_context
Starting synth_design
Attempting to get a license for feature 'Synthesis' and/or device 'xcku15p'
INFO: [Common 17-349] Got license for feature 'Synthesis' and/or device 'xcku15p'
INFO: [Device 21-403] Loading part xcku15p-ffva1156-2LV-e
INFO: [Synth 8-7079] Multithreading enabled for synth_design using a maximum of 1 processes.
INFO: [Synth 8-7078] Launching helper process for spawning children vivado processes
INFO: [Synth 8-7075] Helper process launched with PID 1964849
INFO: [Synth 8-11241] undeclared symbol 'REGCCE', assumed default net type 'wire' [/home/dess/workspace/Xilinx/Vivado/2022.2/data/verilog/src/unimacro/BRAM_SINGLE_MACRO.v:2170]
INFO: [Synth 8-11241] undeclared symbol 'user_rst0_ack', assumed default net type 'wire' [/home/uni/project/smartssd/add_two_numbers/_x/link/vivado/vpl/prj/prj.gen/my_rm/bd/ulp/ipshared/5634/src/freq_counter.v:145]
---------------------------------------------------------------------------------
Starting RTL Elaboration : Time (s): cpu = 00:00:07 ; elapsed = 00:00:07 . Memory (MB): peak = 3303.809 ; gain = 279.797 ; free physical = 102004 ; free virtual = 227741
Synthesis current peak Physical Memory [PSS] (MB): peak = 2516.949; parent = 2383.525; children = 133.424
Synthesis current peak Virtual Memory [VSS] (MB): peak = 4306.727; parent = 3306.781; children = 999.945
---------------------------------------------------------------------------------
INFO: [Synth 8-6157] synthesizing module 'ulp_freq_counter_0_0' [/home/uni/project/smartssd/add_two_numbers/_x/link/vivado/vpl/prj/prj.gen/my_rm/bd/ulp/ip/ulp_freq_counter_0_0/synth/ulp_freq_counter_0_0.v:53]
INFO: [Synth 8-6157] synthesizing module 'freq_counter' [/home/uni/project/smartssd/add_two_numbers/_x/link/vivado/vpl/prj/prj.gen/my_rm/bd/ulp/ipshared/5634/src/freq_counter.v:52]
INFO: [Synth 8-6157] synthesizing module 'xpm_cdc_array_single' [/home/dess/workspace/Xilinx/Vivado/2022.2/data/ip/xpm/xpm_cdc/hdl/xpm_cdc.sv:902]
INFO: [Synth 8-6155] done synthesizing module 'xpm_cdc_array_single' (0#1) [/home/dess/workspace/Xilinx/Vivado/2022.2/data/ip/xpm/xpm_cdc/hdl/xpm_cdc.sv:902]
INFO: [Synth 8-6157] synthesizing module 'xpm_cdc_array_single__parameterized0' [/home/dess/workspace/Xilinx/Vivado/2022.2/data/ip/xpm/xpm_cdc/hdl/xpm_cdc.sv:902]
INFO: [Synth 8-6155] done synthesizing module 'xpm_cdc_array_single__parameterized0' (0#1) [/home/dess/workspace/Xilinx/Vivado/2022.2/data/ip/xpm/xpm_cdc/hdl/xpm_cdc.sv:902]
INFO: [Synth 8-155] case statement is not full and has no default [/home/uni/project/smartssd/add_two_numbers/_x/link/vivado/vpl/prj/prj.gen/my_rm/bd/ulp/ipshared/5634/src/freq_counter.v:256]
INFO: [Synth 8-155] case statement is not full and has no default [/home/uni/project/smartssd/add_two_numbers/_x/link/vivado/vpl/prj/prj.gen/my_rm/bd/ulp/ipshared/5634/src/freq_counter.v:303]
INFO: [Synth 8-6155] done synthesizing module 'freq_counter' (0#1) [/home/uni/project/smartssd/add_two_numbers/_x/link/vivado/vpl/prj/prj.gen/my_rm/bd/ulp/ipshared/5634/src/freq_counter.v:52]
INFO: [Synth 8-6155] done synthesizing module 'ulp_freq_counter_0_0' (0#1) [/home/uni/project/smartssd/add_two_numbers/_x/link/vivado/vpl/prj/prj.gen/my_rm/bd/ulp/ip/ulp_freq_counter_0_0/synth/ulp_freq_counter_0_0.v:53]
WARNING: [Synth 8-7129] Port src_clk in module xpm_cdc_array_single__parameterized0 is either unconnected or has no load
WARNING: [Synth 8-7129] Port src_clk in module xpm_cdc_array_single is either unconnected or has no load
WARNING: [Synth 8-7129] Port axil_awaddr[31] in module freq_counter is either unconnected or has no load
WARNING: [Synth 8-7129] Port axil_awaddr[30] in module freq_counter is either unconnected or has no load
WARNING: [Synth 8-7129] Port axil_awaddr[29] in module freq_counter is either unconnected or has no load
WARNING: [Synth 8-7129] Port axil_awaddr[28] in module freq_counter is either unconnected or has no load
WARNING: [Synth 8-7129] Port axil_awaddr[27] in module freq_counter is either unconnected or has no load
WARNING: [Synth 8-7129] Port axil_awaddr[26] in module freq_counter is either unconnected or has no load
WARNING: [Synth 8-7129] Port axil_awaddr[25] in module freq_counter is either unconnected or has no load
WARNING: [Synth 8-7129] Port axil_awaddr[24] in module freq_counter is either unconnected or has no load
WARNING: [Synth 8-7129] Port axil_awaddr[23] in module freq_counter is either unconnected or has no load
WARNING: [Synth 8-7129] Port axil_awaddr[22] in module freq_counter is either unconnected or has no load
WARNING: [Synth 8-7129] Port axil_awaddr[21] in module freq_counter is either unconnected or has no load
WARNING: [Synth 8-7129] Port axil_awaddr[20] in module freq_counter is either unconnected or has no load
WARNING: [Synth 8-7129] Port axil_awaddr[19] in module freq_counter is either unconnected or has no load
WARNING: [Synth 8-7129] Port axil_awaddr[18] in module freq_counter is either unconnected or has no load
WARNING: [Synth 8-7129] Port axil_awaddr[17] in module freq_counter is either unconnected or has no load
WARNING: [Synth 8-7129] Port axil_awaddr[16] in module freq_counter is either unconnected or has no load
WARNING: [Synth 8-7129] Port axil_awaddr[15] in module freq_counter is either unconnected or has no load
WARNING: [Synth 8-7129] Port axil_awaddr[14] in module freq_counter is either unconnected or has no load
WARNING: [Synth 8-7129] Port axil_awaddr[13] in module freq_counter is either unconnected or has no load
WARNING: [Synth 8-7129] Port axil_awaddr[12] in module freq_counter is either unconnected or has no load
WARNING: [Synth 8-7129] Port axil_awaddr[11] in module freq_counter is either unconnected or has no load
WARNING: [Synth 8-7129] Port axil_awaddr[10] in module freq_counter is either unconnected or has no load
WARNING: [Synth 8-7129] Port axil_awaddr[9] in module freq_counter is either unconnected or has no load
WARNING: [Synth 8-7129] Port axil_awaddr[8] in module freq_counter is either unconnected or has no load
WARNING: [Synth 8-7129] Port axil_awaddr[7] in module freq_counter is either unconnected or has no load
WARNING: [Synth 8-7129] Port axil_awaddr[6] in module freq_counter is either unconnected or has no load
WARNING: [Synth 8-7129] Port axil_awaddr[5] in module freq_counter is either unconnected or has no load
WARNING: [Synth 8-7129] Port axil_awaddr[4] in module freq_counter is either unconnected or has no load
WARNING: [Synth 8-7129] Port axil_awprot[2] in module freq_counter is either unconnected or has no load
WARNING: [Synth 8-7129] Port axil_awprot[1] in module freq_counter is either unconnected or has no load
WARNING: [Synth 8-7129] Port axil_awprot[0] in module freq_counter is either unconnected or has no load
WARNING: [Synth 8-7129] Port axil_wstrb[3] in module freq_counter is either unconnected or has no load
WARNING: [Synth 8-7129] Port axil_wstrb[2] in module freq_counter is either unconnected or has no load
WARNING: [Synth 8-7129] Port axil_wstrb[1] in module freq_counter is either unconnected or has no load
WARNING: [Synth 8-7129] Port axil_wstrb[0] in module freq_counter is either unconnected or has no load
WARNING: [Synth 8-7129] Port axil_araddr[31] in module freq_counter is either unconnected or has no load
WARNING: [Synth 8-7129] Port axil_araddr[30] in module freq_counter is either unconnected or has no load
WARNING: [Synth 8-7129] Port axil_araddr[29] in module freq_counter is either unconnected or has no load
WARNING: [Synth 8-7129] Port axil_araddr[28] in module freq_counter is either unconnected or has no load
WARNING: [Synth 8-7129] Port axil_araddr[27] in module freq_counter is either unconnected or has no load
WARNING: [Synth 8-7129] Port axil_araddr[26] in module freq_counter is either unconnected or has no load
WARNING: [Synth 8-7129] Port axil_araddr[25] in module freq_counter is either unconnected or has no load
WARNING: [Synth 8-7129] Port axil_araddr[24] in module freq_counter is either unconnected or has no load
WARNING: [Synth 8-7129] Port axil_araddr[23] in module freq_counter is either unconnected or has no load
WARNING: [Synth 8-7129] Port axil_araddr[22] in module freq_counter is either unconnected or has no load
WARNING: [Synth 8-7129] Port axil_araddr[21] in module freq_counter is either unconnected or has no load
WARNING: [Synth 8-7129] Port axil_araddr[20] in module freq_counter is either unconnected or has no load
WARNING: [Synth 8-7129] Port axil_araddr[19] in module freq_counter is either unconnected or has no load
WARNING: [Synth 8-7129] Port axil_araddr[18] in module freq_counter is either unconnected or has no load
WARNING: [Synth 8-7129] Port axil_araddr[17] in module freq_counter is either unconnected or has no load
WARNING: [Synth 8-7129] Port axil_araddr[16] in module freq_counter is either unconnected or has no load
WARNING: [Synth 8-7129] Port axil_araddr[15] in module freq_counter is either unconnected or has no load
WARNING: [Synth 8-7129] Port axil_araddr[14] in module freq_counter is either unconnected or has no load
WARNING: [Synth 8-7129] Port axil_araddr[13] in module freq_counter is either unconnected or has no load
WARNING: [Synth 8-7129] Port axil_araddr[12] in module freq_counter is either unconnected or has no load
WARNING: [Synth 8-7129] Port axil_araddr[11] in module freq_counter is either unconnected or has no load
WARNING: [Synth 8-7129] Port axil_araddr[10] in module freq_counter is either unconnected or has no load
WARNING: [Synth 8-7129] Port axil_araddr[9] in module freq_counter is either unconnected or has no load
WARNING: [Synth 8-7129] Port axil_araddr[8] in module freq_counter is either unconnected or has no load
WARNING: [Synth 8-7129] Port axil_araddr[7] in module freq_counter is either unconnected or has no load
WARNING: [Synth 8-7129] Port axil_araddr[6] in module freq_counter is either unconnected or has no load
WARNING: [Synth 8-7129] Port axil_araddr[5] in module freq_counter is either unconnected or has no load
WARNING: [Synth 8-7129] Port axil_araddr[4] in module freq_counter is either unconnected or has no load
WARNING: [Synth 8-7129] Port axil_arprot[2] in module freq_counter is either unconnected or has no load
WARNING: [Synth 8-7129] Port axil_arprot[1] in module freq_counter is either unconnected or has no load
WARNING: [Synth 8-7129] Port axil_arprot[0] in module freq_counter is either unconnected or has no load
---------------------------------------------------------------------------------
Finished RTL Elaboration : Time (s): cpu = 00:00:09 ; elapsed = 00:00:10 . Memory (MB): peak = 3375.746 ; gain = 351.734 ; free physical = 101460 ; free virtual = 227198
Synthesis current peak Physical Memory [PSS] (MB): peak = 2516.949; parent = 2383.525; children = 133.424
Synthesis current peak Virtual Memory [VSS] (MB): peak = 4375.695; parent = 3375.750; children = 999.945
---------------------------------------------------------------------------------
---------------------------------------------------------------------------------
Start Handling Custom Attributes
---------------------------------------------------------------------------------
---------------------------------------------------------------------------------
Finished Handling Custom Attributes : Time (s): cpu = 00:00:09 ; elapsed = 00:00:10 . Memory (MB): peak = 3390.590 ; gain = 366.578 ; free physical = 101442 ; free virtual = 227180
Synthesis current peak Physical Memory [PSS] (MB): peak = 2516.949; parent = 2383.525; children = 133.424
Synthesis current peak Virtual Memory [VSS] (MB): peak = 4390.539; parent = 3390.594; children = 999.945
---------------------------------------------------------------------------------
---------------------------------------------------------------------------------
Finished RTL Optimization Phase 1 : Time (s): cpu = 00:00:09 ; elapsed = 00:00:10 . Memory (MB): peak = 3390.590 ; gain = 366.578 ; free physical = 101481 ; free virtual = 227219
Synthesis current peak Physical Memory [PSS] (MB): peak = 2516.949; parent = 2383.525; children = 133.424
Synthesis current peak Virtual Memory [VSS] (MB): peak = 4390.539; parent = 3390.594; children = 999.945
---------------------------------------------------------------------------------
Netlist sorting complete. Time (s): cpu = 00:00:00.01 ; elapsed = 00:00:00.01 . Memory (MB): peak = 3390.590 ; gain = 0.000 ; free physical = 101509 ; free virtual = 227247
INFO: [Project 1-570] Preparing netlist for logic optimization

Processing XDC Constraints
Initializing timing engine
INFO: [Project 1-236] Implementation specific constraints were found while reading constraint file [/home/dess/workspace/Xilinx/Vivado/2022.2/data/ip/xpm/xpm_cdc/tcl/xpm_cdc_array_single.tcl]. These constraints will be ignored for synthesis but will be used in implementation. Impacted constraints are listed in the file [.Xil/ulp_freq_counter_0_0_propImpl.xdc].
Resolution: To avoid this warning, move constraints listed in [.Xil/ulp_freq_counter_0_0_propImpl.xdc] to another XDC file and exclude this new file from synthesis with the used_in_synthesis property (File Properties dialog in GUI) and re-run elaboration/synthesis.
INFO: [Project 1-1714] 8 XPM XDC files have been applied to the design.
Completed Processing XDC Constraints

Netlist sorting complete. Time (s): cpu = 00:00:00 ; elapsed = 00:00:00 . Memory (MB): peak = 3486.438 ; gain = 0.000 ; free physical = 100644 ; free virtual = 226382
INFO: [Project 1-111] Unisim Transformation Summary:
No Unisim elements were transformed.

Constraint Validation Runtime : Time (s): cpu = 00:00:00.02 ; elapsed = 00:00:00.02 . Memory (MB): peak = 3509.250 ; gain = 22.812 ; free physical = 100631 ; free virtual = 226369
INFO: [Designutils 20-5008] Incremental synthesis strategy off
INFO: [Synth 8-11241] undeclared symbol 'REGCCE', assumed default net type 'wire' [/home/dess/workspace/Xilinx/Vivado/2022.2/data/verilog/src/unimacro/BRAM_SINGLE_MACRO.v:2170]
---------------------------------------------------------------------------------
Finished Constraint Validation : Time (s): cpu = 00:00:19 ; elapsed = 00:00:21 . Memory (MB): peak = 3509.250 ; gain = 485.238 ; free physical = 99841 ; free virtual = 225574
Synthesis current peak Physical Memory [PSS] (MB): peak = 2516.949; parent = 2383.525; children = 133.424
Synthesis current peak Virtual Memory [VSS] (MB): peak = 4509.199; parent = 3509.254; children = 999.945
---------------------------------------------------------------------------------
---------------------------------------------------------------------------------
Start Loading Part and Timing Information
---------------------------------------------------------------------------------
Loading part: xcku15p-ffva1156-2LV-e
INFO: [Synth 8-6742] Reading net delay rules and data
---------------------------------------------------------------------------------
Finished Loading Part and Timing Information : Time (s): cpu = 00:00:19 ; elapsed = 00:00:21 . Memory (MB): peak = 3509.250 ; gain = 485.238 ; free physical = 99857 ; free virtual = 225591
Synthesis current peak Physical Memory [PSS] (MB): peak = 2516.949; parent = 2383.525; children = 133.424
Synthesis current peak Virtual Memory [VSS] (MB): peak = 4509.199; parent = 3509.254; children = 999.945
---------------------------------------------------------------------------------
---------------------------------------------------------------------------------
Start Applying 'set_property' XDC Constraints
---------------------------------------------------------------------------------
Applied set_property KEEP_HIERARCHY = SOFT for inst/xpm_cdc_array_single_inst. (constraint file  auto generated constraint).
Applied set_property KEEP_HIERARCHY = SOFT for inst/xpm_cdc_array_single_inst1. (constraint file  auto generated constraint).
Applied set_property KEEP_HIERARCHY = SOFT for inst/xpm_cdc_array_single_inst2. (constraint file  auto generated constraint).
Applied set_property KEEP_HIERARCHY = SOFT for inst/xpm_cdc_array_single_inst5. (constraint file  auto generated constraint).
Applied set_property KEEP_HIERARCHY = SOFT for inst/xpm_cdc_array_single_inst6. (constraint file  auto generated constraint).
Applied set_property KEEP_HIERARCHY = SOFT for inst/xpm_cdc_array_single_inst7. (constraint file  auto generated constraint).
Applied set_property KEEP_HIERARCHY = SOFT for inst/xpm_cdc_array_single_inst3. (constraint file  auto generated constraint).
Applied set_property KEEP_HIERARCHY = SOFT for inst/xpm_cdc_array_single_inst4. (constraint file  auto generated constraint).
---------------------------------------------------------------------------------
Finished applying 'set_property' XDC Constraints : Time (s): cpu = 00:00:19 ; elapsed = 00:00:21 . Memory (MB): peak = 3509.250 ; gain = 485.238 ; free physical = 99895 ; free virtual = 225628
Synthesis current peak Physical Memory [PSS] (MB): peak = 2516.949; parent = 2383.525; children = 133.424
Synthesis current peak Virtual Memory [VSS] (MB): peak = 4509.199; parent = 3509.254; children = 999.945
---------------------------------------------------------------------------------
INFO: [Synth 8-802] inferred FSM for state register 'state_write_reg' in module 'freq_counter'
INFO: [Synth 8-802] inferred FSM for state register 'state_read_reg' in module 'freq_counter'
---------------------------------------------------------------------------------------------------
                   State |                     New Encoding |                Previous Encoding 
---------------------------------------------------------------------------------------------------
*
              IDLE_WRITE |                              001 |                              001
   WAIT_FOR_WVALID_WRITE |                              010 |                              010
   WAIT_FOR_BREADY_WRITE |                              100 |                              100
---------------------------------------------------------------------------------------------------
INFO: [Synth 8-3898] No Re-encoding of one hot register 'state_write_reg' in module 'freq_counter'
---------------------------------------------------------------------------------------------------
                   State |                     New Encoding |                Previous Encoding 
---------------------------------------------------------------------------------------------------
*
               IDLE_READ |                               01 |                               01
    WAIT_FOR_RVALID_READ |                               10 |                               10
---------------------------------------------------------------------------------------------------
INFO: [Synth 8-3898] No Re-encoding of one hot register 'state_read_reg' in module 'freq_counter'
---------------------------------------------------------------------------------
Finished RTL Optimization Phase 2 : Time (s): cpu = 00:00:20 ; elapsed = 00:00:22 . Memory (MB): peak = 3509.250 ; gain = 485.238 ; free physical = 100035 ; free virtual = 225769
Synthesis current peak Physical Memory [PSS] (MB): peak = 2516.949; parent = 2383.525; children = 133.424
Synthesis current peak Virtual Memory [VSS] (MB): peak = 4509.199; parent = 3509.254; children = 999.945
---------------------------------------------------------------------------------
---------------------------------------------------------------------------------
Start RTL Component Statistics 
---------------------------------------------------------------------------------
Detailed RTL Component Info : 
+---Registers : 
	               32 Bit    Registers := 5     
	                2 Bit    Registers := 1     
	                1 Bit    Registers := 18    
+---Muxes : 
	   2 Input   32 Bit        Muxes := 1     
	   4 Input    3 Bit        Muxes := 1     
	   3 Input    2 Bit        Muxes := 1     
	   4 Input    1 Bit        Muxes := 6     
	   3 Input    1 Bit        Muxes := 4     
	   2 Input    1 Bit        Muxes := 1     
---------------------------------------------------------------------------------
Finished RTL Component Statistics 
---------------------------------------------------------------------------------
---------------------------------------------------------------------------------
Start Part Resource Summary
---------------------------------------------------------------------------------
Part Resources:
DSPs: 1968 (col length:264)
BRAMs: 1968 (col length: RAMB18 264 RAMB36 132)
---------------------------------------------------------------------------------
Finished Part Resource Summary
---------------------------------------------------------------------------------
---------------------------------------------------------------------------------
Start Cross Boundary and Area Optimization
---------------------------------------------------------------------------------
WARNING: [Synth 8-7080] Parallel synthesis criteria is not met
INFO: [Synth 8-3917] design ulp_freq_counter_0_0 has port axil_bresp[1] driven by constant 0
INFO: [Synth 8-3917] design ulp_freq_counter_0_0 has port axil_bresp[0] driven by constant 0
INFO: [Synth 8-3917] design ulp_freq_counter_0_0 has port axil_rresp[1] driven by constant 0
INFO: [Synth 8-3917] design ulp_freq_counter_0_0 has port axil_rresp[0] driven by constant 0
WARNING: [Synth 8-7129] Port src_clk in module xpm_cdc_array_single__parameterized0 is either unconnected or has no load
WARNING: [Synth 8-7129] Port src_clk in module xpm_cdc_array_single is either unconnected or has no load
WARNING: [Synth 8-7129] Port axil_awaddr[31] in module ulp_freq_counter_0_0 is either unconnected or has no load
WARNING: [Synth 8-7129] Port axil_awaddr[30] in module ulp_freq_counter_0_0 is either unconnected or has no load
WARNING: [Synth 8-7129] Port axil_awaddr[29] in module ulp_freq_counter_0_0 is either unconnected or has no load
WARNING: [Synth 8-7129] Port axil_awaddr[28] in module ulp_freq_counter_0_0 is either unconnected or has no load
WARNING: [Synth 8-7129] Port axil_awaddr[27] in module ulp_freq_counter_0_0 is either unconnected or has no load
WARNING: [Synth 8-7129] Port axil_awaddr[26] in module ulp_freq_counter_0_0 is either unconnected or has no load
WARNING: [Synth 8-7129] Port axil_awaddr[25] in module ulp_freq_counter_0_0 is either unconnected or has no load
WARNING: [Synth 8-7129] Port axil_awaddr[24] in module ulp_freq_counter_0_0 is either unconnected or has no load
WARNING: [Synth 8-7129] Port axil_awaddr[23] in module ulp_freq_counter_0_0 is either unconnected or has no load
WARNING: [Synth 8-7129] Port axil_awaddr[22] in module ulp_freq_counter_0_0 is either unconnected or has no load
WARNING: [Synth 8-7129] Port axil_awaddr[21] in module ulp_freq_counter_0_0 is either unconnected or has no load
WARNING: [Synth 8-7129] Port axil_awaddr[20] in module ulp_freq_counter_0_0 is either unconnected or has no load
WARNING: [Synth 8-7129] Port axil_awaddr[19] in module ulp_freq_counter_0_0 is either unconnected or has no load
WARNING: [Synth 8-7129] Port axil_awaddr[18] in module ulp_freq_counter_0_0 is either unconnected or has no load
WARNING: [Synth 8-7129] Port axil_awaddr[17] in module ulp_freq_counter_0_0 is either unconnected or has no load
WARNING: [Synth 8-7129] Port axil_awaddr[16] in module ulp_freq_counter_0_0 is either unconnected or has no load
WARNING: [Synth 8-7129] Port axil_awaddr[15] in module ulp_freq_counter_0_0 is either unconnected or has no load
WARNING: [Synth 8-7129] Port axil_awaddr[14] in module ulp_freq_counter_0_0 is either unconnected or has no load
WARNING: [Synth 8-7129] Port axil_awaddr[13] in module ulp_freq_counter_0_0 is either unconnected or has no load
WARNING: [Synth 8-7129] Port axil_awaddr[12] in module ulp_freq_counter_0_0 is either unconnected or has no load
WARNING: [Synth 8-7129] Port axil_awaddr[11] in module ulp_freq_counter_0_0 is either unconnected or has no load
WARNING: [Synth 8-7129] Port axil_awaddr[10] in module ulp_freq_counter_0_0 is either unconnected or has no load
WARNING: [Synth 8-7129] Port axil_awaddr[9] in module ulp_freq_counter_0_0 is either unconnected or has no load
WARNING: [Synth 8-7129] Port axil_awaddr[8] in module ulp_freq_counter_0_0 is either unconnected or has no load
WARNING: [Synth 8-7129] Port axil_awaddr[7] in module ulp_freq_counter_0_0 is either unconnected or has no load
WARNING: [Synth 8-7129] Port axil_awaddr[6] in module ulp_freq_counter_0_0 is either unconnected or has no load
WARNING: [Synth 8-7129] Port axil_awaddr[5] in module ulp_freq_counter_0_0 is either unconnected or has no load
WARNING: [Synth 8-7129] Port axil_awaddr[4] in module ulp_freq_counter_0_0 is either unconnected or has no load
WARNING: [Synth 8-7129] Port axil_awprot[2] in module ulp_freq_counter_0_0 is either unconnected or has no load
WARNING: [Synth 8-7129] Port axil_awprot[1] in module ulp_freq_counter_0_0 is either unconnected or has no load
INFO: [Common 17-14] Message 'Synth 8-7129' appears 100 times and further instances of the messages will be disabled. Use the Tcl command set_msg_config to change the current settings.
---------------------------------------------------------------------------------
Finished Cross Boundary and Area Optimization : Time (s): cpu = 00:00:22 ; elapsed = 00:00:24 . Memory (MB): peak = 3509.250 ; gain = 485.238 ; free physical = 101646 ; free virtual = 227385
Synthesis current peak Physical Memory [PSS] (MB): peak = 2516.949; parent = 2383.525; children = 133.424
Synthesis current peak Virtual Memory [VSS] (MB): peak = 4509.199; parent = 3509.254; children = 999.945
---------------------------------------------------------------------------------
---------------------------------------------------------------------------------
Start Applying XDC Timing Constraints
---------------------------------------------------------------------------------
---------------------------------------------------------------------------------
Finished Applying XDC Timing Constraints : Time (s): cpu = 00:00:37 ; elapsed = 00:00:41 . Memory (MB): peak = 3837.758 ; gain = 813.746 ; free physical = 100119 ; free virtual = 225873
Synthesis current peak Physical Memory [PSS] (MB): peak = 2995.920; parent = 2861.498; children = 134.428
Synthesis current peak Virtual Memory [VSS] (MB): peak = 4837.707; parent = 3837.762; children = 999.945
---------------------------------------------------------------------------------
---------------------------------------------------------------------------------
Start Timing Optimization
---------------------------------------------------------------------------------
---------------------------------------------------------------------------------
Finished Timing Optimization : Time (s): cpu = 00:00:37 ; elapsed = 00:00:41 . Memory (MB): peak = 3837.758 ; gain = 813.746 ; free physical = 100113 ; free virtual = 225861
Synthesis current peak Physical Memory [PSS] (MB): peak = 2996.259; parent = 2861.838; children = 134.428
Synthesis current peak Virtual Memory [VSS] (MB): peak = 4837.707; parent = 3837.762; children = 999.945
---------------------------------------------------------------------------------
---------------------------------------------------------------------------------
Start Technology Mapping
---------------------------------------------------------------------------------
---------------------------------------------------------------------------------
Finished Technology Mapping : Time (s): cpu = 00:00:37 ; elapsed = 00:00:41 . Memory (MB): peak = 3866.805 ; gain = 842.793 ; free physical = 100216 ; free virtual = 225973
Synthesis current peak Physical Memory [PSS] (MB): peak = 2997.332; parent = 2862.924; children = 134.428
Synthesis current peak Virtual Memory [VSS] (MB): peak = 4866.754; parent = 3866.809; children = 999.945
---------------------------------------------------------------------------------
---------------------------------------------------------------------------------
Start IO Insertion
---------------------------------------------------------------------------------
---------------------------------------------------------------------------------
Start Flattening Before IO Insertion
---------------------------------------------------------------------------------
---------------------------------------------------------------------------------
Finished Flattening Before IO Insertion
---------------------------------------------------------------------------------
---------------------------------------------------------------------------------
Start Final Netlist Cleanup
---------------------------------------------------------------------------------
---------------------------------------------------------------------------------
Finished Final Netlist Cleanup
---------------------------------------------------------------------------------
---------------------------------------------------------------------------------
Finished IO Insertion : Time (s): cpu = 00:00:44 ; elapsed = 00:00:48 . Memory (MB): peak = 3866.805 ; gain = 842.793 ; free physical = 103835 ; free virtual = 229587
Synthesis current peak Physical Memory [PSS] (MB): peak = 3009.683; parent = 2873.236; children = 136.446
Synthesis current peak Virtual Memory [VSS] (MB): peak = 4866.754; parent = 3866.809; children = 999.945
---------------------------------------------------------------------------------
---------------------------------------------------------------------------------
Start Renaming Generated Instances
---------------------------------------------------------------------------------
---------------------------------------------------------------------------------
Finished Renaming Generated Instances : Time (s): cpu = 00:00:44 ; elapsed = 00:00:48 . Memory (MB): peak = 3866.805 ; gain = 842.793 ; free physical = 103798 ; free virtual = 229550
Synthesis current peak Physical Memory [PSS] (MB): peak = 3009.683; parent = 2873.236; children = 136.446
Synthesis current peak Virtual Memory [VSS] (MB): peak = 4866.754; parent = 3866.809; children = 999.945
---------------------------------------------------------------------------------
---------------------------------------------------------------------------------
Start Rebuilding User Hierarchy
---------------------------------------------------------------------------------
---------------------------------------------------------------------------------
Finished Rebuilding User Hierarchy : Time (s): cpu = 00:00:44 ; elapsed = 00:00:49 . Memory (MB): peak = 3866.805 ; gain = 842.793 ; free physical = 103764 ; free virtual = 229516
Synthesis current peak Physical Memory [PSS] (MB): peak = 3009.688; parent = 2873.275; children = 136.446
Synthesis current peak Virtual Memory [VSS] (MB): peak = 4866.754; parent = 3866.809; children = 999.945
---------------------------------------------------------------------------------
---------------------------------------------------------------------------------
Start Renaming Generated Ports
---------------------------------------------------------------------------------
---------------------------------------------------------------------------------
Finished Renaming Generated Ports : Time (s): cpu = 00:00:44 ; elapsed = 00:00:49 . Memory (MB): peak = 3866.805 ; gain = 842.793 ; free physical = 103722 ; free virtual = 229474
Synthesis current peak Physical Memory [PSS] (MB): peak = 3009.688; parent = 2873.275; children = 136.446
Synthesis current peak Virtual Memory [VSS] (MB): peak = 4866.754; parent = 3866.809; children = 999.945
---------------------------------------------------------------------------------
---------------------------------------------------------------------------------
Start Handling Custom Attributes
---------------------------------------------------------------------------------
---------------------------------------------------------------------------------
Finished Handling Custom Attributes : Time (s): cpu = 00:00:44 ; elapsed = 00:00:49 . Memory (MB): peak = 3866.805 ; gain = 842.793 ; free physical = 103631 ; free virtual = 229383
Synthesis current peak Physical Memory [PSS] (MB): peak = 3009.688; parent = 2873.275; children = 136.446
Synthesis current peak Virtual Memory [VSS] (MB): peak = 4866.754; parent = 3866.809; children = 999.945
---------------------------------------------------------------------------------
---------------------------------------------------------------------------------
Start Renaming Generated Nets
---------------------------------------------------------------------------------
---------------------------------------------------------------------------------
Finished Renaming Generated Nets : Time (s): cpu = 00:00:44 ; elapsed = 00:00:49 . Memory (MB): peak = 3866.805 ; gain = 842.793 ; free physical = 103554 ; free virtual = 229307
Synthesis current peak Physical Memory [PSS] (MB): peak = 3009.688; parent = 2873.275; children = 136.446
Synthesis current peak Virtual Memory [VSS] (MB): peak = 4866.754; parent = 3866.809; children = 999.945
---------------------------------------------------------------------------------
---------------------------------------------------------------------------------
Start Writing Synthesis Report
---------------------------------------------------------------------------------

Report BlackBoxes: 
+-+--------------+----------+
| |BlackBox name |Instances |
+-+--------------+----------+
+-+--------------+----------+

Report Cell Usage: 
+------+-------+------+
|      |Cell   |Count |
+------+-------+------+
|1     |CARRY8 |    12|
|2     |LUT1   |     7|
|3     |LUT2   |     4|
|4     |LUT3   |     2|
|5     |LUT4   |    10|
|6     |LUT5   |     8|
|7     |LUT6   |    69|
|8     |FDRE   |   279|
|9     |FDSE   |     2|
+------+-------+------+
---------------------------------------------------------------------------------
Finished Writing Synthesis Report : Time (s): cpu = 00:00:44 ; elapsed = 00:00:49 . Memory (MB): peak = 3866.805 ; gain = 842.793 ; free physical = 103700 ; free virtual = 229452
Synthesis current peak Physical Memory [PSS] (MB): peak = 3009.688; parent = 2873.275; children = 136.446
Synthesis current peak Virtual Memory [VSS] (MB): peak = 4866.754; parent = 3866.809; children = 999.945
---------------------------------------------------------------------------------
Synthesis finished with 0 errors, 0 critical warnings and 69 warnings.
Synthesis Optimization Runtime : Time (s): cpu = 00:00:41 ; elapsed = 00:00:46 . Memory (MB): peak = 3866.805 ; gain = 724.133 ; free physical = 103843 ; free virtual = 229596
Synthesis Optimization Complete : Time (s): cpu = 00:00:44 ; elapsed = 00:00:49 . Memory (MB): peak = 3866.812 ; gain = 842.793 ; free physical = 103822 ; free virtual = 229575
INFO: [Project 1-571] Translating synthesized netlist
Netlist sorting complete. Time (s): cpu = 00:00:00.01 ; elapsed = 00:00:00 . Memory (MB): peak = 3877.773 ; gain = 0.000 ; free physical = 103904 ; free virtual = 229656
INFO: [Netlist 29-17] Analyzing 12 Unisim elements for replacement
INFO: [Netlist 29-28] Unisim Transformation completed in 0 CPU seconds
INFO: [Project 1-570] Preparing netlist for logic optimization
INFO: [Opt 31-138] Pushed 0 inverter(s) to 0 load pin(s).
Netlist sorting complete. Time (s): cpu = 00:00:00 ; elapsed = 00:00:00 . Memory (MB): peak = 3910.461 ; gain = 0.000 ; free physical = 103275 ; free virtual = 229027
INFO: [Project 1-111] Unisim Transformation Summary:
No Unisim elements were transformed.

Synth Design complete, checksum: cd59a1ee
INFO: [Common 17-83] Releasing license: Synthesis
48 Infos, 147 Warnings, 0 Critical Warnings and 0 Errors encountered.
synth_design completed successfully
synth_design: Time (s): cpu = 00:01:00 ; elapsed = 00:01:02 . Memory (MB): peak = 3910.461 ; gain = 1971.137 ; free physical = 103284 ; free virtual = 229036
INFO: [Common 17-600] The following parameters have non-default value.
general.maxThreads
INFO: [Common 17-1381] The checkpoint '/home/uni/project/smartssd/add_two_numbers/_x/link/vivado/vpl/prj/prj.runs/ulp_freq_counter_0_0_synth_1/ulp_freq_counter_0_0.dcp' has been generated.
INFO: [Coretcl 2-1648] Added synthesis output to IP cache for IP ulp_freq_counter_0_0, cache-ID = bcdbd25f350ca612
INFO: [Coretcl 2-1174] Renamed 9 cell refs.
INFO: [Common 17-1381] The checkpoint '/home/uni/project/smartssd/add_two_numbers/_x/link/vivado/vpl/prj/prj.runs/ulp_freq_counter_0_0_synth_1/ulp_freq_counter_0_0.dcp' has been generated.
INFO: [runtcl-4] Executing : report_utilization -file ulp_freq_counter_0_0_utilization_synth.rpt -pb ulp_freq_counter_0_0_utilization_synth.pb
INFO: [Common 17-206] Exiting Vivado at Tue Aug 18 01:10:19 2026...
