Copyright 1986-2023 Xilinx, Inc. All Rights Reserved.
---------------------------------------------------------------------------------------------------------------------------------------------------------------------------------
| Tool Version : Vivado v.2022.2.2 (lin64) Build 3788238 Tue Feb 21 19:59:23 MST 2023
| Date         : Fri Aug 21 02:40:18 2026
| Host         : tan10 running 64-bit Ubuntu 20.04.6 LTS
| Command      : report_accelerator_utilization -kernels { file_sum64:level0_i/ulp/file_sum64_1/inst:file_sum64_1} -file kernel_util_synthed.rpt -name kernel_util_synthed -json
| Design       : level0_wrapper
| Device       : xcku15p
| Design State : Synthesized
---------------------------------------------------------------------------------------------------------------------------------------------------------------------------------

Accelerator Utilization Design Information

Table of Contents
-----------------
1. System Utilization

1. System Utilization
---------------------

+---------------------+------------------+------------------+------------------+---------------+---------------+----------------+
| Name                | LUT              | LUTAsMem         | REG              | BRAM          | URAM          | DSP            |
+---------------------+------------------+------------------+------------------+---------------+---------------+----------------+
| Platform            | 146580 [ 28.04%] |   8911 [  5.53%] | 197115 [ 18.85%] | 249 [ 25.30%] |  12 [  9.38%] |    9 [  0.46%] |
| User Budget         | 376140 [100.00%] | 152369 [100.00%] | 848325 [100.00%] | 735 [100.00%] | 116 [100.00%] | 1959 [100.00%] |
|    Used Resources   |   2781 [  0.74%] |    539 [  0.35%] |   3247 [  0.38%] |   1 [  0.14%] |   0 [  0.00%] |    0 [  0.00%] |
|    Unused Resources | 373359 [ 99.26%] | 151830 [ 99.65%] | 845078 [ 99.62%] | 734 [ 99.86%] | 116 [100.00%] | 1959 [100.00%] |
| file_sum64          |   2781 [  0.74%] |    539 [  0.35%] |   3247 [  0.38%] |   1 [  0.14%] |   0 [  0.00%] |    0 [  0.00%] |
|    file_sum64_1     |   2781 [  0.74%] |    539 [  0.35%] |   3247 [  0.38%] |   1 [  0.14%] |   0 [  0.00%] |    0 [  0.00%] |
+---------------------+------------------+------------------+------------------+---------------+---------------+----------------+


