Copyright 1986-2023 Xilinx, Inc. All Rights Reserved.
-------------------------------------------------------------------------------------------------------------------------------------------------------------------------------
| Tool Version : Vivado v.2022.2.2 (lin64) Build 3788238 Tue Feb 21 19:59:23 MST 2023
| Date         : Fri Aug 21 03:51:10 2026
| Host         : tan10 running 64-bit Ubuntu 20.04.6 LTS
| Command      : report_accelerator_utilization -kernels { file_sum64:level0_i/ulp/file_sum64_1/inst:file_sum64_1} -file kernel_util_routed.rpt -name kernel_util_routed -json
| Design       : level0_wrapper
| Device       : xcku15p
| Design State : Routed
-------------------------------------------------------------------------------------------------------------------------------------------------------------------------------

Accelerator Utilization Design Information

Table of Contents
-----------------
1. System Utilization

1. System Utilization
---------------------

+---------------------+------------------+------------------+------------------+---------------+---------------+----------------+
| Name                | LUT              | LUTAsMem         | REG              | BRAM          | URAM          | DSP            |
+---------------------+------------------+------------------+------------------+---------------+---------------+----------------+
| Platform            | 128225 [ 24.53%] |   8576 [  5.32%] | 188949 [ 18.07%] | 249 [ 25.30%] |  12 [  9.38%] |    9 [  0.46%] |
| User Budget         | 394399 [100.00%] | 152688 [100.00%] | 856491 [100.00%] | 735 [100.00%] | 116 [100.00%] | 1959 [100.00%] |
|    Used Resources   |   2664 [  0.68%] |    474 [  0.31%] |   3245 [  0.38%] |   1 [  0.14%] |   0 [  0.00%] |    0 [  0.00%] |
|    Unused Resources | 391735 [ 99.32%] | 152214 [ 99.69%] | 853246 [ 99.62%] | 734 [ 99.86%] | 116 [100.00%] | 1959 [100.00%] |
| file_sum64          |   2664 [  0.68%] |    474 [  0.31%] |   3245 [  0.38%] |   1 [  0.14%] |   0 [  0.00%] |    0 [  0.00%] |
|    file_sum64_1     |   2664 [  0.68%] |    474 [  0.31%] |   3245 [  0.38%] |   1 [  0.14%] |   0 [  0.00%] |    0 [  0.00%] |
+---------------------+------------------+------------------+------------------+---------------+---------------+----------------+


