Copyright 1986-2023 Xilinx, Inc. All Rights Reserved.
------------------------------------------------------------------------------------------------------------------------------------------------------------------------------------------------
| Tool Version : Vivado v.2022.2.2 (lin64) Build 3788238 Tue Feb 21 19:59:23 MST 2023
| Date         : Tue Aug 18 01:31:21 2026
| Host         : tan10 running 64-bit Ubuntu 20.04.6 LTS
| Command      : report_accelerator_utilization -kernels { add_two_numbers:level0_i/ulp/add_two_numbers_1/inst:add_two_numbers_1} -file kernel_util_synthed.rpt -name kernel_util_synthed -json
| Design       : level0_wrapper
| Device       : xcku15p
| Design State : Synthesized
------------------------------------------------------------------------------------------------------------------------------------------------------------------------------------------------

Accelerator Utilization Design Information

Table of Contents
-----------------
1. System Utilization

1. System Utilization
---------------------

+----------------------+------------------+------------------+------------------+---------------+---------------+----------------+
| Name                 | LUT              | LUTAsMem         | REG              | BRAM          | URAM          | DSP            |
+----------------------+------------------+------------------+------------------+---------------+---------------+----------------+
| Platform             | 145491 [ 27.83%] |   8787 [  5.45%] | 195922 [ 18.74%] | 241 [ 24.49%] |  12 [  9.38%] |    9 [  0.46%] |
| User Budget          | 377229 [100.00%] | 152493 [100.00%] | 849518 [100.00%] | 743 [100.00%] | 116 [100.00%] | 1959 [100.00%] |
|    Used Resources    |   1095 [  0.29%] |    298 [  0.20%] |   1337 [  0.16%] |   0 [  0.00%] |   0 [  0.00%] |    0 [  0.00%] |
|    Unused Resources  | 376134 [ 99.71%] | 152195 [ 99.80%] | 848181 [ 99.84%] | 743 [100.00%] | 116 [100.00%] | 1959 [100.00%] |
| add_two_numbers      |   1095 [  0.29%] |    298 [  0.20%] |   1337 [  0.16%] |   0 [  0.00%] |   0 [  0.00%] |    0 [  0.00%] |
|    add_two_numbers_1 |   1095 [  0.29%] |    298 [  0.20%] |   1337 [  0.16%] |   0 [  0.00%] |   0 [  0.00%] |    0 [  0.00%] |
+----------------------+------------------+------------------+------------------+---------------+---------------+----------------+


