Copyright 1986-2023 Xilinx, Inc. All Rights Reserved.
----------------------------------------------------------------------------------------------------------------------------------------------------------------------------------------------
| Tool Version : Vivado v.2022.2.2 (lin64) Build 3788238 Tue Feb 21 19:59:23 MST 2023
| Date         : Tue Aug 18 02:11:19 2026
| Host         : tan10 running 64-bit Ubuntu 20.04.6 LTS
| Command      : report_accelerator_utilization -kernels { add_two_numbers:level0_i/ulp/add_two_numbers_1/inst:add_two_numbers_1} -file kernel_util_placed.rpt -name kernel_util_placed -json
| Design       : level0_wrapper
| Device       : xcku15p
| Design State : Fully Placed
----------------------------------------------------------------------------------------------------------------------------------------------------------------------------------------------

Accelerator Utilization Design Information

Table of Contents
-----------------
1. System Utilization

1. System Utilization
---------------------

+----------------------+------------------+------------------+------------------+---------------+---------------+----------------+
| Name                 | LUT              | LUTAsMem         | REG              | BRAM          | URAM          | DSP            |
+----------------------+------------------+------------------+------------------+---------------+---------------+----------------+
| Platform             | 126288 [ 24.16%] |   8484 [  5.26%] | 185596 [ 17.75%] | 241 [ 24.49%] |  12 [  9.38%] |    9 [  0.46%] |
| User Budget          | 396336 [100.00%] | 152780 [100.00%] | 859844 [100.00%] | 743 [100.00%] | 116 [100.00%] | 1959 [100.00%] |
|    Used Resources    |   1013 [  0.26%] |    250 [  0.16%] |   1320 [  0.15%] |   0 [  0.00%] |   0 [  0.00%] |    0 [  0.00%] |
|    Unused Resources  | 395323 [ 99.74%] | 152530 [ 99.84%] | 858524 [ 99.85%] | 743 [100.00%] | 116 [100.00%] | 1959 [100.00%] |
| add_two_numbers      |   1013 [  0.26%] |    250 [  0.16%] |   1320 [  0.15%] |   0 [  0.00%] |   0 [  0.00%] |    0 [  0.00%] |
|    add_two_numbers_1 |   1013 [  0.26%] |    250 [  0.16%] |   1320 [  0.15%] |   0 [  0.00%] |   0 [  0.00%] |    0 [  0.00%] |
+----------------------+------------------+------------------+------------------+---------------+---------------+----------------+


