INFO: [v++ 60-1306] Additional information associated with this v++ link can be found at:
	Reports: /home/uni/project/smartssd/add_two_numbers/_x/reports/link
	Log files: /home/uni/project/smartssd/add_two_numbers/_x/logs/link
INFO: [v++ 60-1548] Creating build summary session with primary output /home/uni/project/smartssd/add_two_numbers/build/add_two_numbers.hw.xclbin.link_summary, at Tue Aug 18 00:56:22 2026
INFO: [v++ 60-1315] Creating rulecheck session with output '/home/uni/project/smartssd/add_two_numbers/_x/reports/link/v++_link_add_two_numbers.hw_guidance.html', at Tue Aug 18 00:56:22 2026
INFO: [v++ 60-895]   Target platform: /opt/xilinx/platforms/xilinx_u2_gen3x4_xdma_gc_2_202110_1/xilinx_u2_gen3x4_xdma_gc_2_202110_1.xpfm
INFO: [v++ 60-1578]   This platform contains Xilinx Shell Archive '/opt/xilinx/platforms/xilinx_u2_gen3x4_xdma_gc_2_202110_1/hw/hw.xsa'
INFO: [v++ 74-78] Compiler Version string: 2022.2
INFO: [v++ 60-629] Linking for hardware target
INFO: [v++ 60-423]   Target device: xilinx_u2_gen3x4_xdma_gc_2_202110_1
INFO: [v++ 60-1332] Run 'run_link' status: Not started
INFO: [v++ 60-1443] [00:56:28] Run run_link: Step system_link: Started
INFO: [v++ 60-1453] Command Line: system_link --xo /home/uni/project/smartssd/add_two_numbers/build.add_two_numbers.hw.xo --xpfm /opt/xilinx/platforms/xilinx_u2_gen3x4_xdma_gc_2_202110_1/xilinx_u2_gen3x4_xdma_gc_2_202110_1.xpfm --target hw --output_dir /home/uni/project/smartssd/add_two_numbers/_x/link/int --temp_dir /home/uni/project/smartssd/add_two_numbers/_x/link/sys_link
INFO: [v++ 60-1454] Run Directory: /home/uni/project/smartssd/add_two_numbers/_x/link/run_link
INFO: [SYSTEM_LINK 82-70] Extracting xo v3 file /home/uni/project/smartssd/add_two_numbers/build.add_two_numbers.hw.xo
INFO: [SYSTEM_LINK 82-53] Creating IP database /home/uni/project/smartssd/add_two_numbers/_x/link/sys_link/_sysl/.cdb/xd_ip_db.xml
INFO: [SYSTEM_LINK 82-38] [00:56:31] build_xd_ip_db started: /home/dess/workspace/Xilinx/Vitis/2022.2/bin/build_xd_ip_db -ip_search 0  -sds-pf /home/uni/project/smartssd/add_two_numbers/_x/link/sys_link/hw.hpfm -clkid 0 -ip /home/uni/project/smartssd/add_two_numbers/_x/link/sys_link/iprepo/xilinx_com_hls_add_two_numbers_1_0,add_two_numbers -o /home/uni/project/smartssd/add_two_numbers/_x/link/sys_link/_sysl/.cdb/xd_ip_db.xml
INFO: [SYSTEM_LINK 82-37] [00:56:40] build_xd_ip_db finished successfully
Time (s): cpu = 00:00:09 ; elapsed = 00:00:09 . Memory (MB): peak = 432.242 ; gain = 0.000 ; free physical = 123151 ; free virtual = 248312
INFO: [SYSTEM_LINK 82-51] Create system connectivity graph
INFO: [SYSTEM_LINK 82-102] Applying explicit connections to the system connectivity graph: /home/uni/project/smartssd/add_two_numbers/_x/link/sys_link/cfgraph/cfgen_cfgraph.xml
INFO: [SYSTEM_LINK 82-38] [00:56:40] cfgen started: /home/dess/workspace/Xilinx/Vitis/2022.2/bin/cfgen  -dpa_mem_offload false -dmclkid 0 -r /home/uni/project/smartssd/add_two_numbers/_x/link/sys_link/_sysl/.cdb/xd_ip_db.xml -o /home/uni/project/smartssd/add_two_numbers/_x/link/sys_link/cfgraph/cfgen_cfgraph.xml
INFO: [CFGEN 83-0] Kernel Specs: 
INFO: [CFGEN 83-0]   kernel: add_two_numbers, num: 1  {add_two_numbers_1}
INFO: [CFGEN 83-2226] Inferring mapping for argument add_two_numbers_1.c to bank0
INFO: [SYSTEM_LINK 82-37] [00:56:45] cfgen finished successfully
Time (s): cpu = 00:00:06 ; elapsed = 00:00:06 . Memory (MB): peak = 432.242 ; gain = 0.000 ; free physical = 123137 ; free virtual = 248298
INFO: [SYSTEM_LINK 82-52] Create top-level block diagram
INFO: [SYSTEM_LINK 82-38] [00:56:45] cf2bd started: /home/dess/workspace/Xilinx/Vitis/2022.2/bin/cf2bd  --linux --trace_buffer 1024 --input_file /home/uni/project/smartssd/add_two_numbers/_x/link/sys_link/cfgraph/cfgen_cfgraph.xml --ip_db /home/uni/project/smartssd/add_two_numbers/_x/link/sys_link/_sysl/.cdb/xd_ip_db.xml --cf_name dr --working_dir /home/uni/project/smartssd/add_two_numbers/_x/link/sys_link/_sysl/.xsd --temp_dir /home/uni/project/smartssd/add_two_numbers/_x/link/sys_link --output_dir /home/uni/project/smartssd/add_two_numbers/_x/link/int --target_bd ulp.bd
INFO: [CF2BD 82-31] Launching cf2xd: cf2xd -linux -trace-buffer 1024 -i /home/uni/project/smartssd/add_two_numbers/_x/link/sys_link/cfgraph/cfgen_cfgraph.xml -r /home/uni/project/smartssd/add_two_numbers/_x/link/sys_link/_sysl/.cdb/xd_ip_db.xml -o dr.xml
INFO: [CF2BD 82-28] cf2xd finished successfully
INFO: [CF2BD 82-31] Launching cf_xsd: cf_xsd -disable-address-gen -bd ulp.bd -dn dr -dp /home/uni/project/smartssd/add_two_numbers/_x/link/sys_link/_sysl/.xsd
INFO: [CF2BD 82-28] cf_xsd finished successfully
INFO: [SYSTEM_LINK 82-37] [00:56:50] cf2bd finished successfully
Time (s): cpu = 00:00:04 ; elapsed = 00:00:04 . Memory (MB): peak = 432.242 ; gain = 0.000 ; free physical = 123134 ; free virtual = 248299
INFO: [v++ 60-1441] [00:56:50] Run run_link: Step system_link: Completed
Time (s): cpu = 00:00:22 ; elapsed = 00:00:22 . Memory (MB): peak = 456.773 ; gain = 0.000 ; free physical = 123190 ; free virtual = 248351
INFO: [v++ 60-1443] [00:56:50] Run run_link: Step cf2sw: Started
INFO: [v++ 60-1453] Command Line: cf2sw -sdsl /home/uni/project/smartssd/add_two_numbers/_x/link/int/sdsl.dat -rtd /home/uni/project/smartssd/add_two_numbers/_x/link/int/cf2sw.rtd -nofilter /home/uni/project/smartssd/add_two_numbers/_x/link/int/cf2sw_full.rtd -xclbin /home/uni/project/smartssd/add_two_numbers/_x/link/int/xclbin_orig.xml -o /home/uni/project/smartssd/add_two_numbers/_x/link/int/xclbin_orig.1.xml
INFO: [v++ 60-1454] Run Directory: /home/uni/project/smartssd/add_two_numbers/_x/link/run_link
INFO: [v++ 60-1441] [00:56:55] Run run_link: Step cf2sw: Completed
Time (s): cpu = 00:00:05 ; elapsed = 00:00:05 . Memory (MB): peak = 456.773 ; gain = 0.000 ; free physical = 123191 ; free virtual = 248352
INFO: [v++ 60-1443] [00:56:55] Run run_link: Step rtd2_system_diagram: Started
INFO: [v++ 60-1453] Command Line: rtd2SystemDiagram
INFO: [v++ 60-1454] Run Directory: /home/uni/project/smartssd/add_two_numbers/_x/link/run_link
INFO: [v++ 60-1441] [00:56:55] Run run_link: Step rtd2_system_diagram: Completed
Time (s): cpu = 00:00:00 ; elapsed = 00:00:00.33 . Memory (MB): peak = 456.773 ; gain = 0.000 ; free physical = 123188 ; free virtual = 248349
INFO: [v++ 60-1443] [00:56:55] Run run_link: Step vpl: Started
INFO: [v++ 60-1453] Command Line: vpl -t hw -f xilinx_u2_gen3x4_xdma_gc_2_202110_1 --remote_ip_cache /home/uni/project/smartssd/add_two_numbers/.ipcache --output_dir /home/uni/project/smartssd/add_two_numbers/_x/link/int --log_dir /home/uni/project/smartssd/add_two_numbers/_x/logs/link --report_dir /home/uni/project/smartssd/add_two_numbers/_x/reports/link --config /home/uni/project/smartssd/add_two_numbers/_x/link/int/vplConfig.ini -k /home/uni/project/smartssd/add_two_numbers/_x/link/int/kernel_info.dat --webtalk_flag Vitis --temp_dir /home/uni/project/smartssd/add_two_numbers/_x/link --no-info --iprepo /home/uni/project/smartssd/add_two_numbers/_x/link/int/xo/ip_repo/xilinx_com_hls_add_two_numbers_1_0 --messageDb /home/uni/project/smartssd/add_two_numbers/_x/link/run_link/vpl.pb /home/uni/project/smartssd/add_two_numbers/_x/link/int/dr.bd.tcl
INFO: [v++ 60-1454] Run Directory: /home/uni/project/smartssd/add_two_numbers/_x/link/run_link

****** vpl v2022.2.2 (64-bit)
  **** SW Build 3716524 on 2023-02-17-15:43:22
    ** Copyright 1986-2023 Xilinx, Inc. All Rights Reserved.

INFO: [VPL 60-839] Read in kernel information from file '/home/uni/project/smartssd/add_two_numbers/_x/link/int/kernel_info.dat'.
INFO: [VPL 74-78] Compiler Version string: 2022.2
INFO: [VPL 60-423]   Target device: xilinx_u2_gen3x4_xdma_gc_2_202110_1
INFO: [VPL 60-1032] Extracting hardware platform to /home/uni/project/smartssd/add_two_numbers/_x/link/vivado/vpl/.local/hw_platform
[00:57:18] Run vpl: Step create_project: Started
Creating Vivado project.
[00:57:32] Run vpl: Step create_project: Completed
[00:57:32] Run vpl: Step create_bd: Started
[00:58:48] Run vpl: Step create_bd: RUNNING...
[00:58:53] Run vpl: Step create_bd: Completed
[00:58:53] Run vpl: Step update_bd: Started
[00:58:54] Run vpl: Step update_bd: Completed
[00:58:54] Run vpl: Step generate_target: Started
[00:59:37] Run vpl: Step generate_target: Completed
[00:59:37] Run vpl: Step config_hw_runs: Started
[01:00:53] Run vpl: Step config_hw_runs: RUNNING...
[01:02:08] Run vpl: Step config_hw_runs: RUNNING...
[01:02:11] Run vpl: Step config_hw_runs: Completed
[01:02:11] Run vpl: Step synth: Started
[01:02:43] Block-level synthesis in progress, 0 of 59 jobs complete, 8 jobs running.
[01:03:13] Block-level synthesis in progress, 0 of 59 jobs complete, 8 jobs running.
[01:03:43] Block-level synthesis in progress, 0 of 59 jobs complete, 8 jobs running.
[01:04:13] Block-level synthesis in progress, 6 of 59 jobs complete, 8 jobs running.
[01:04:44] Block-level synthesis in progress, 8 of 59 jobs complete, 8 jobs running.
[01:05:14] Block-level synthesis in progress, 10 of 59 jobs complete, 8 jobs running.
[01:05:44] Block-level synthesis in progress, 15 of 59 jobs complete, 6 jobs running.
[01:06:14] Block-level synthesis in progress, 16 of 59 jobs complete, 8 jobs running.
[01:06:44] Block-level synthesis in progress, 18 of 59 jobs complete, 7 jobs running.
[01:07:15] Block-level synthesis in progress, 21 of 59 jobs complete, 8 jobs running.
[01:07:45] Block-level synthesis in progress, 23 of 59 jobs complete, 7 jobs running.
[01:08:15] Block-level synthesis in progress, 23 of 59 jobs complete, 8 jobs running.
[01:08:45] Block-level synthesis in progress, 28 of 59 jobs complete, 7 jobs running.
[01:09:16] Block-level synthesis in progress, 33 of 59 jobs complete, 6 jobs running.
[01:09:46] Block-level synthesis in progress, 34 of 59 jobs complete, 7 jobs running.
[01:10:16] Block-level synthesis in progress, 36 of 59 jobs complete, 6 jobs running.
[01:10:47] Block-level synthesis in progress, 41 of 59 jobs complete, 6 jobs running.
[01:11:17] Block-level synthesis in progress, 42 of 59 jobs complete, 7 jobs running.
[01:11:47] Block-level synthesis in progress, 43 of 59 jobs complete, 7 jobs running.
[01:12:18] Block-level synthesis in progress, 49 of 59 jobs complete, 4 jobs running.
[01:12:48] Block-level synthesis in progress, 49 of 59 jobs complete, 8 jobs running.
[01:13:18] Block-level synthesis in progress, 51 of 59 jobs complete, 7 jobs running.
[01:13:49] Block-level synthesis in progress, 54 of 59 jobs complete, 4 jobs running.
[01:14:19] Block-level synthesis in progress, 56 of 59 jobs complete, 3 jobs running.
[01:14:50] Block-level synthesis in progress, 58 of 59 jobs complete, 1 job running.
[01:15:20] Block-level synthesis in progress, 58 of 59 jobs complete, 1 job running.
[01:15:50] Block-level synthesis in progress, 58 of 59 jobs complete, 1 job running.
[01:16:21] Block-level synthesis in progress, 58 of 59 jobs complete, 1 job running.
[01:16:51] Block-level synthesis in progress, 58 of 59 jobs complete, 1 job running.
[01:17:22] Block-level synthesis in progress, 58 of 59 jobs complete, 1 job running.
[01:17:52] Block-level synthesis in progress, 58 of 59 jobs complete, 1 job running.
[01:18:22] Block-level synthesis in progress, 58 of 59 jobs complete, 1 job running.
[01:18:53] Block-level synthesis in progress, 58 of 59 jobs complete, 1 job running.
[01:19:23] Block-level synthesis in progress, 58 of 59 jobs complete, 1 job running.
[01:19:54] Block-level synthesis in progress, 58 of 59 jobs complete, 1 job running.
[01:20:24] Block-level synthesis in progress, 58 of 59 jobs complete, 1 job running.
[01:20:54] Block-level synthesis in progress, 59 of 59 jobs complete, 0 jobs running.
[01:21:25] Top-level synthesis in progress.
[01:21:55] Top-level synthesis in progress.
[01:22:26] Top-level synthesis in progress.
[01:22:45] Run vpl: Step synth: Completed
[01:22:45] Run vpl: Step impl: Started
[01:31:54] Finished 2nd of 6 tasks (FPGA linking synthesized kernels to platform). Elapsed time: 00h 34m 56s 

[01:31:54] Starting logic optimization..
[01:32:25] Phase 1 Generate And Synthesize MIG Cores
[01:39:01] Phase 2 Generate And Synthesize Debug Cores
[01:43:04] Phase 3 Retarget
[01:43:35] Phase 4 Constant propagation
[01:43:35] Phase 5 Sweep
[01:44:36] Phase 6 BUFG optimization
[01:44:36] Phase 7 Shift Register Optimization
[01:45:06] Phase 8 Post Processing Netlist
[01:46:07] Finished 3rd of 6 tasks (FPGA logic optimization). Elapsed time: 00h 14m 12s 

[01:46:07] Starting logic placement..
[01:46:38] Phase 1 Placer Initialization
[01:46:38] Phase 1.1 Placer Initialization Netlist Sorting
[01:48:09] Phase 1.2 IO Placement/ Clock Placement/ Build Placer Device
[01:48:39] Phase 1.3 Build Placer Netlist Model
[01:51:12] Phase 1.4 Constrain Clocks/Macros
[01:51:42] Phase 2 Global Placement
[01:51:42] Phase 2.1 Floorplanning
[01:52:13] Phase 2.1.1 Partition Driven Placement
[01:52:13] Phase 2.1.1.1 PBP: Partition Driven Placement
[01:52:13] Phase 2.1.1.2 PBP: Clock Region Placement
[01:52:43] Phase 2.1.1.3 PBP: Compute Congestion
[01:52:43] Phase 2.1.1.4 PBP: UpdateTiming
[01:53:14] Phase 2.1.1.5 PBP: Add part constraints
[01:53:14] Phase 2.2 Update Timing before SLR Path Opt
[01:53:14] Phase 2.3 Post-Processing in Floorplanning
[01:53:14] Phase 2.4 Global Placement Core
[01:57:48] Phase 2.4.1 UpdateTiming Before Physical Synthesis
[01:58:19] Phase 2.4.2 Physical Synthesis In Placer
[01:59:50] Phase 3 Detail Placement
[01:59:50] Phase 3.1 Commit Multi Column Macros
[01:59:50] Phase 3.2 Commit Most Macros & LUTRAMs
[02:00:21] Phase 3.3 Small Shape DP
[02:00:21] Phase 3.3.1 Small Shape Clustering
[02:00:51] Phase 3.3.2 Flow Legalize Slice Clusters
[02:00:51] Phase 3.3.3 Slice Area Swap
[02:00:51] Phase 3.3.3.1 Slice Area Swap Initial
[02:01:22] Phase 3.4 Place Remaining
[02:01:22] Phase 3.5 Re-assign LUT pins
[02:01:22] Phase 3.6 Pipeline Register Optimization
[02:01:22] Phase 3.7 Fast Optimization
[02:02:23] Phase 4 Post Placement Optimization and Clean-Up
[02:02:23] Phase 4.1 Post Commit Optimization
[02:03:54] Phase 4.1.1 Post Placement Optimization
[02:03:54] Phase 4.1.1.1 BUFG Insertion
[02:03:54] Phase 1 Physical Synthesis Initialization
[02:04:25] Phase 4.1.1.2 Post Placement Timing Optimization
[02:10:31] Phase 4.2 Post Placement Cleanup
[02:11:02] Phase 4.3 Placer Reporting
[02:11:02] Phase 4.3.1 Print Estimated Congestion
[02:11:02] Phase 4.4 Final Placement Cleanup
[02:16:37] Finished 4th of 6 tasks (FPGA logic placement). Elapsed time: 00h 30m 30s 

[02:16:37] Starting logic routing..
[02:17:08] Phase 1 Build RT Design
[02:19:10] Phase 2 Router Initialization
[02:19:10] Phase 2.1 Fix Topology Constraints
[02:19:10] Phase 2.2 Pre Route Cleanup
[02:19:40] Phase 2.3 Global Clock Net Routing
[02:20:11] Phase 2.4 Update Timing
[02:21:42] Phase 2.5 Update Timing for Bus Skew
[02:21:42] Phase 2.5.1 Update Timing
[02:22:43] Phase 3 Initial Routing
[02:22:43] Phase 3.1 Global Routing
[02:23:14] Phase 4 Rip-up And Reroute
[02:23:14] Phase 4.1 Global Iteration 0
[02:28:19] Phase 4.2 Global Iteration 1
[02:29:50] Phase 4.3 Global Iteration 2
[02:31:53] Phase 4.4 Global Iteration 3
[02:32:54] Phase 4.5 Global Iteration 4
[02:33:55] Phase 5 Delay and Skew Optimization
[02:33:55] Phase 5.1 Delay CleanUp
[02:33:55] Phase 5.1.1 Update Timing
[02:34:25] Phase 5.1.2 Update Timing
[02:34:56] Phase 5.1.3 Update Timing
[02:35:26] Phase 5.2 Clock Skew Optimization
[02:35:57] Phase 6 Post Hold Fix
[02:35:57] Phase 6.1 Hold Fix Iter
[02:35:57] Phase 6.1.1 Update Timing
[02:36:27] Phase 6.1.2 Lut RouteThru Assignment for hold
[02:36:58] Phase 7 Leaf Clock Prog Delay Opt
[02:38:29] Phase 7.1 Delay CleanUp
[02:38:29] Phase 7.1.1 Update Timing
[02:39:00] Phase 7.1.2 Update Timing
[02:39:30] Phase 7.2 Hold Fix Iter
[02:39:30] Phase 7.2.1 Update Timing
[02:40:31] Phase 7.2.2 Lut RouteThru Assignment for hold
[02:40:31] Phase 7.3 Additional Hold Fix
[02:42:03] Phase 7.4 Global Iteration for Hold
[02:42:03] Phase 7.4.1 Update Timing
[02:43:34] Phase 8 Route finalize
[02:43:34] Phase 9 Verifying routed nets
[02:43:34] Phase 10 Depositing Routes
[02:44:05] Phase 11 Resolve XTalk
[02:44:05] Phase 12 Post Router Timing
[02:44:35] Finished 5th of 6 tasks (FPGA routing). Elapsed time: 00h 27m 58s 

[02:44:35] Starting bitstream generation..
[02:52:13] Creating bitmap...
[02:56:45] Writing bitstream ./level0_i_ulp_my_rm_partial.bit...
[02:56:45] Finished 6th of 6 tasks (FPGA bitstream generation). Elapsed time: 00h 12m 10s 
Check VPL, containing 1 checks, has run: 0 errors
[02:56:45] Run vpl: Step impl: Completed
[02:56:46] Run vpl: FINISHED. Run Status: impl Complete!
INFO: [v++ 60-1441] [02:56:46] Run run_link: Step vpl: Completed
Time (s): cpu = 00:01:42 ; elapsed = 01:59:51 . Memory (MB): peak = 456.773 ; gain = 0.000 ; free physical = 120254 ; free virtual = 246119
INFO: [v++ 60-1443] [02:56:46] Run run_link: Step rtdgen: Started
INFO: [v++ 60-1453] Command Line: rtdgen
INFO: [v++ 60-1454] Run Directory: /home/uni/project/smartssd/add_two_numbers/_x/link/run_link
INFO: [v++ 60-991] clock name 'blp_s_aclk_kernel_ref_clk_00' (clock ID '0') is being mapped to clock name 'DATA_CLK' in the xclbin
INFO: [v++ 60-991] clock name 'blp_s_aclk_kernel2_ref_clk_00' (clock ID '1') is being mapped to clock name 'KERNEL_CLK' in the xclbin
INFO: [v++ 60-1230] The compiler selected the following frequencies for the runtime controllable kernel clock(s) and scalable system clock(s): Kernel (DATA) clock: blp_s_aclk_kernel_ref_clk_00 = 300, Kernel (KERNEL) clock: blp_s_aclk_kernel2_ref_clk_00 = 500
INFO: [v++ 60-1453] Command Line: cf2sw -a /home/uni/project/smartssd/add_two_numbers/_x/link/int/address_map.xml -sdsl /home/uni/project/smartssd/add_two_numbers/_x/link/int/sdsl.dat -xclbin /home/uni/project/smartssd/add_two_numbers/_x/link/int/xclbin_orig.xml -rtd /home/uni/project/smartssd/add_two_numbers/_x/link/int/add_two_numbers.hw.rtd -o /home/uni/project/smartssd/add_two_numbers/_x/link/int/add_two_numbers.hw.xml
INFO: [v++ 60-1652] Cf2sw returned exit code: 0
INFO: [v++ 60-1441] [02:56:50] Run run_link: Step rtdgen: Completed
Time (s): cpu = 00:00:04 ; elapsed = 00:00:04 . Memory (MB): peak = 456.773 ; gain = 0.000 ; free physical = 122426 ; free virtual = 248290
INFO: [v++ 60-1443] [02:56:50] Run run_link: Step xclbinutil: Started
INFO: [v++ 60-1453] Command Line: xclbinutil --add-section BITSTREAM:RAW:/home/uni/project/smartssd/add_two_numbers/_x/link/int/partial.bit --force --target hw --key-value SYS:dfx_enable:true --add-section :JSON:/home/uni/project/smartssd/add_two_numbers/_x/link/int/add_two_numbers.hw.rtd --append-section :JSON:/home/uni/project/smartssd/add_two_numbers/_x/link/int/appendSection.rtd --add-section CLOCK_FREQ_TOPOLOGY:JSON:/home/uni/project/smartssd/add_two_numbers/_x/link/int/add_two_numbers.hw_xml.rtd --add-section BUILD_METADATA:JSON:/home/uni/project/smartssd/add_two_numbers/_x/link/int/add_two_numbers.hw_build.rtd --add-section EMBEDDED_METADATA:RAW:/home/uni/project/smartssd/add_two_numbers/_x/link/int/add_two_numbers.hw.xml --add-section SYSTEM_METADATA:RAW:/home/uni/project/smartssd/add_two_numbers/_x/link/int/systemDiagramModelSlrBaseAddress.json --key-value SYS:PlatformVBNV:xilinx_u2_gen3x4_xdma_gc_2_202110_1 --output /home/uni/project/smartssd/add_two_numbers/build/add_two_numbers.hw.xclbin
INFO: [v++ 60-1454] Run Directory: /home/uni/project/smartssd/add_two_numbers/_x/link/run_link
XRT Build Version: 2.14.354 (2022.2)
       Build Date: 2022-10-08 09:49:58
          Hash ID: 43926231f7183688add2dccfd391b36a1f000bea
Creating a default 'in-memory' xclbin image.

Section: 'BITSTREAM'(0) was successfully added.
Size   : 19491330 bytes
Format : RAW
File   : '/home/uni/project/smartssd/add_two_numbers/_x/link/int/partial.bit'

Section: 'MEM_TOPOLOGY'(6) was successfully added.
Format : JSON
File   : 'mem_topology'

Section: 'IP_LAYOUT'(8) was successfully added.
Format : JSON
File   : 'ip_layout'

Section: 'CONNECTIVITY'(7) was successfully added.
Format : JSON
File   : 'connectivity'

Section: 'CLOCK_FREQ_TOPOLOGY'(11) was successfully added.
Size   : 274 bytes
Format : JSON
File   : '/home/uni/project/smartssd/add_two_numbers/_x/link/int/add_two_numbers.hw_xml.rtd'

Section: 'BUILD_METADATA'(14) was successfully added.
Size   : 1924 bytes
Format : JSON
File   : '/home/uni/project/smartssd/add_two_numbers/_x/link/int/add_two_numbers.hw_build.rtd'

Section: 'EMBEDDED_METADATA'(2) was successfully added.
Size   : 2948 bytes
Format : RAW
File   : '/home/uni/project/smartssd/add_two_numbers/_x/link/int/add_two_numbers.hw.xml'

Section: 'SYSTEM_METADATA'(22) was successfully added.
Size   : 8529 bytes
Format : RAW
File   : '/home/uni/project/smartssd/add_two_numbers/_x/link/int/systemDiagramModelSlrBaseAddress.json'

Section: 'PARTITION_METADATA'(20) was successfully appended to.
Format : JSON
File   : 'partition_metadata'

Section: 'IP_LAYOUT'(8) was successfully appended to.
Format : JSON
File   : 'ip_layout'
Successfully wrote (19512575 bytes) to the output file: /home/uni/project/smartssd/add_two_numbers/build/add_two_numbers.hw.xclbin
Leaving xclbinutil.
INFO: [v++ 60-1441] [02:56:51] Run run_link: Step xclbinutil: Completed
Time (s): cpu = 00:00:00.14 ; elapsed = 00:00:00.2 . Memory (MB): peak = 456.773 ; gain = 0.000 ; free physical = 122411 ; free virtual = 248294
INFO: [v++ 60-1443] [02:56:51] Run run_link: Step xclbinutilinfo: Started
INFO: [v++ 60-1453] Command Line: xclbinutil --quiet --force --info /home/uni/project/smartssd/add_two_numbers/build/add_two_numbers.hw.xclbin.info --input /home/uni/project/smartssd/add_two_numbers/build/add_two_numbers.hw.xclbin
INFO: [v++ 60-1454] Run Directory: /home/uni/project/smartssd/add_two_numbers/_x/link/run_link
INFO: [v++ 60-1441] [02:56:51] Run run_link: Step xclbinutilinfo: Completed
Time (s): cpu = 00:00:00.37 ; elapsed = 00:00:00.41 . Memory (MB): peak = 456.773 ; gain = 0.000 ; free physical = 122406 ; free virtual = 248289
INFO: [v++ 60-1443] [02:56:51] Run run_link: Step generate_sc_driver: Started
INFO: [v++ 60-1453] Command Line: 
INFO: [v++ 60-1454] Run Directory: /home/uni/project/smartssd/add_two_numbers/_x/link/run_link
INFO: [v++ 60-1441] [02:56:51] Run run_link: Step generate_sc_driver: Completed
Time (s): cpu = 00:00:00 ; elapsed = 00:00:00 . Memory (MB): peak = 456.773 ; gain = 0.000 ; free physical = 122406 ; free virtual = 248289
INFO: [v++ 60-244] Generating system estimate report...
INFO: [v++ 60-1092] Generated system estimate report: /home/uni/project/smartssd/add_two_numbers/_x/reports/link/system_estimate_add_two_numbers.hw.xtxt
INFO: [v++ 60-586] Created /home/uni/project/smartssd/add_two_numbers/build/add_two_numbers.hw.ltx
INFO: [v++ 60-586] Created build/add_two_numbers.hw.xclbin
INFO: [v++ 60-1307] Run completed. Additional information can be found in:
	Guidance: /home/uni/project/smartssd/add_two_numbers/_x/reports/link/v++_link_add_two_numbers.hw_guidance.html
	Timing Report: /home/uni/project/smartssd/add_two_numbers/_x/reports/link/imp/impl_1_hw_bb_locked_timing_summary_routed.rpt
	Vivado Log: /home/uni/project/smartssd/add_two_numbers/_x/logs/link/vivado.log
	Steps Log File: /home/uni/project/smartssd/add_two_numbers/_x/logs/link/link.steps.log

INFO: [v++ 60-2343] Use the vitis_analyzer tool to visualize and navigate the relevant reports. Run the following command. 
    vitis_analyzer /home/uni/project/smartssd/add_two_numbers/build/add_two_numbers.hw.xclbin.link_summary 
INFO: [v++ 60-791] Total elapsed time: 2h 0m 40s
INFO: [v++ 60-1653] Closing dispatch client.
