Copyright 1986-2023 Xilinx, Inc. All Rights Reserved.
-------------------------------------------------------------------------------------------------------------------------------------------------------------------------------
| Tool Version : Vivado v.2022.2.2 (lin64) Build 3788238 Tue Feb 21 19:59:23 MST 2023
| Date         : Tue Aug 18 05:37:19 2026
| Host         : tan10 running 64-bit Ubuntu 20.04.6 LTS
| Command      : report_accelerator_utilization -kernels { file_sum64:level0_i/ulp/file_sum64_1/inst:file_sum64_1} -file kernel_util_routed.rpt -name kernel_util_routed -json
| Design       : level0_wrapper
| Device       : xcku15p
| Design State : Routed
-------------------------------------------------------------------------------------------------------------------------------------------------------------------------------

Accelerator Utilization Design Information

Table of Contents
-----------------
1. System Utilization

1. System Utilization
---------------------

+---------------------+------------------+------------------+------------------+---------------+---------------+----------------+
| Name                | LUT              | LUTAsMem         | REG              | BRAM          | URAM          | DSP            |
+---------------------+------------------+------------------+------------------+---------------+---------------+----------------+
| Platform            | 128452 [ 24.58%] |   8576 [  5.32%] | 189007 [ 18.08%] | 249 [ 25.30%] |  12 [  9.38%] |    9 [  0.46%] |
| User Budget         | 394172 [100.00%] | 152688 [100.00%] | 856433 [100.00%] | 735 [100.00%] | 116 [100.00%] | 1959 [100.00%] |
|    Used Resources   |   2090 [  0.53%] |    545 [  0.36%] |   2558 [  0.30%] |   2 [  0.27%] |   0 [  0.00%] |    0 [  0.00%] |
|    Unused Resources | 392082 [ 99.47%] | 152143 [ 99.64%] | 853875 [ 99.70%] | 733 [ 99.73%] | 116 [100.00%] | 1959 [100.00%] |
| file_sum64          |   2090 [  0.53%] |    545 [  0.36%] |   2558 [  0.30%] |   2 [  0.27%] |   0 [  0.00%] |    0 [  0.00%] |
|    file_sum64_1     |   2090 [  0.53%] |    545 [  0.36%] |   2558 [  0.30%] |   2 [  0.27%] |   0 [  0.00%] |    0 [  0.00%] |
+---------------------+------------------+------------------+------------------+---------------+---------------+----------------+


