
****** Vitis HLS - High-Level Synthesis from C, C++ and OpenCL v2022.2.2 (64-bit)
  **** SW Build 3779808 on Feb 17 2023
  **** IP Build 3783773 on Tue Feb 21 23:41:56 MST 2023
    ** Copyright 1986-2023 Xilinx, Inc. All Rights Reserved.

source /home/dess/workspace/Xilinx/Vitis_HLS/2022.2/scripts/vitis_hls/hls.tcl -notrace
INFO: [HLS 200-10] Running '/home/dess/workspace/Xilinx/Vitis_HLS/2022.2/bin/unwrapped/lnx64.o/vitis_hls'
INFO: [HLS 200-10] For user 'uni' on host 'tan10' (Linux_x86_64 version 5.15.0-139-generic) on Tue Aug 18 00:49:43 PDT 2026
INFO: [HLS 200-10] On os Ubuntu 20.04.6 LTS
INFO: [HLS 200-10] In directory '/home/uni/project/smartssd/add_two_numbers/_x/build.add_two_numbers.hw/add_two_numbers'
Sourcing Tcl script 'add_two_numbers.tcl'
INFO: [HLS 200-1510] Running: open_project add_two_numbers 
INFO: [HLS 200-10] Creating and opening project '/home/uni/project/smartssd/add_two_numbers/_x/build.add_two_numbers.hw/add_two_numbers/add_two_numbers'.
INFO: [HLS 200-1510] Running: set_top add_two_numbers 
INFO: [HLS 200-1510] Running: add_files /home/uni/project/smartssd/add_two_numbers/src/add_two_numbers.cpp 
INFO: [HLS 200-10] Adding design file '/home/uni/project/smartssd/add_two_numbers/src/add_two_numbers.cpp' to the project
INFO: [HLS 200-1510] Running: open_solution -flow_target vitis solution 
INFO: [HLS 200-10] Creating and opening solution '/home/uni/project/smartssd/add_two_numbers/_x/build.add_two_numbers.hw/add_two_numbers/add_two_numbers/solution'.
INFO: [HLS 200-1505] Using flow_target 'vitis'
Resolution: For help on HLS 200-1505 see www.xilinx.com/cgi-bin/docs/rdoc?v=2022.2;t=hls+guidance;d=200-1505.html
INFO: [HLS 200-435] Setting 'open_solution -flow_target vitis' configuration: config_interface -m_axi_latency=64
INFO: [HLS 200-435] Setting 'open_solution -flow_target vitis' configuration: config_interface -m_axi_alignment_byte_size=64
INFO: [HLS 200-435] Setting 'open_solution -flow_target vitis' configuration: config_interface -m_axi_max_widen_bitwidth=512
INFO: [HLS 200-435] Setting 'open_solution -flow_target vitis' configuration: config_rtl -register_reset_num=3
INFO: [HLS 200-1510] Running: set_part xcku15p-ffva1156-2LV-e 
INFO: [HLS 200-1611] Setting target device to 'xcku15p-ffva1156-2LV-e'
INFO: [HLS 200-1510] Running: create_clock -period 300MHz -name default 
INFO: [SYN 201-201] Setting up clock 'default' with a period of 3.333ns.
INFO: [HLS 200-1510] Running: config_dataflow -strict_mode warning 
INFO: [HLS 200-1510] Running: config_export -deadlock_detection sim 
WARNING: [HLS 200-483] The 'config_export -deadlock_detection' command is deprecated and will be removed in a future release. Use 'config_rtl -deadlock_detection' as its replacement.
INFO: [HLS 200-1907] Replacing 'config_export -deadlock_detection=sim' with 'config_rtl -deadlock_detection=sim' in current solution file
INFO: [HLS 200-1510] Running: config_interface -m_axi_conservative_mode=1 
INFO: [HLS 200-1510] Running: config_interface -m_axi_addr64 
INFO: [HLS 200-1510] Running: config_interface -m_axi_auto_max_ports=0 
INFO: [HLS 200-1510] Running: config_export -format xo -ipname add_two_numbers 
INFO: [HLS 200-1907] Replacing 'config_export -deadlock_detection=sim' with 'config_rtl -deadlock_detection=sim' in current solution file
INFO: [HLS 200-1510] Running: csynth_design 
INFO: [HLS 200-111] Finished File checks and directory preparation: CPU user time: 0.01 seconds. CPU system time: 0 seconds. Elapsed time: 0.01 seconds; current allocated memory: 877.551 MB.
INFO: [HLS 200-10] Analyzing design file '/home/uni/project/smartssd/add_two_numbers/src/add_two_numbers.cpp' ... 
INFO: [HLS 200-111] Finished Source Code Analysis and Preprocessing: CPU user time: 0.37 seconds. CPU system time: 0.61 seconds. Elapsed time: 0.97 seconds; current allocated memory: 878.852 MB.
INFO: [HLS 200-777] Using interface defaults for 'Vitis' flow target.
INFO: [HLS 200-111] Finished Compiling Optimization and Transform: CPU user time: 4.53 seconds. CPU system time: 0.76 seconds. Elapsed time: 5.3 seconds; current allocated memory: 879.160 MB.
INFO: [HLS 200-111] Finished Checking Pragmas: CPU user time: 0 seconds. CPU system time: 0 seconds. Elapsed time: 0 seconds; current allocated memory: 879.160 MB.
INFO: [HLS 200-10] Starting code transformations ...
INFO: [HLS 200-111] Finished Standard Transforms: CPU user time: 0.01 seconds. CPU system time: 0 seconds. Elapsed time: 0.01 seconds; current allocated memory: 879.660 MB.
INFO: [HLS 200-10] Checking synthesizability ...
INFO: [HLS 200-111] Finished Checking Synthesizability: CPU user time: 0.01 seconds. CPU system time: 0.01 seconds. Elapsed time: 0.01 seconds; current allocated memory: 879.746 MB.
INFO: [HLS 200-111] Finished Loop, function and other optimizations: CPU user time: 0.02 seconds. CPU system time: 0 seconds. Elapsed time: 0.04 seconds; current allocated memory: 899.883 MB.
INFO: [HLS 200-111] Finished Architecture Synthesis: CPU user time: 0.02 seconds. CPU system time: 0 seconds. Elapsed time: 0.02 seconds; current allocated memory: 899.883 MB.
INFO: [HLS 200-10] Starting hardware synthesis ...
INFO: [HLS 200-10] Synthesizing 'add_two_numbers' ...
INFO: [HLS 200-10] ----------------------------------------------------------------
INFO: [HLS 200-42] -- Implementing module 'add_two_numbers' 
INFO: [HLS 200-10] ----------------------------------------------------------------
INFO: [SCHED 204-11] Starting scheduling ...
INFO: [SCHED 204-11] Finished scheduling.
INFO: [HLS 200-111] Finished Scheduling: CPU user time: 0.18 seconds. CPU system time: 0.05 seconds. Elapsed time: 0.23 seconds; current allocated memory: 899.883 MB.
INFO: [BIND 205-100] Starting micro-architecture generation ...
INFO: [BIND 205-101] Performing variable lifetime analysis.
INFO: [BIND 205-101] Exploring resource sharing.
INFO: [BIND 205-101] Binding ...
INFO: [BIND 205-100] Finished micro-architecture generation.
INFO: [HLS 200-111] Finished Binding: CPU user time: 0.42 seconds. CPU system time: 0.01 seconds. Elapsed time: 0.42 seconds; current allocated memory: 899.883 MB.
INFO: [HLS 200-10] ----------------------------------------------------------------
INFO: [HLS 200-10] -- Generating RTL for module 'add_two_numbers' 
INFO: [HLS 200-10] ----------------------------------------------------------------
WARNING: [RTGEN 206-101] Design contains AXI ports. Reset is fixed to synchronous and active low.
INFO: [RTGEN 206-500] Setting interface mode on port 'add_two_numbers/gmem' to 'm_axi'.
INFO: [RTGEN 206-500] Setting interface mode on port 'add_two_numbers/a' to 's_axilite & ap_none'.
INFO: [RTGEN 206-500] Setting interface mode on port 'add_two_numbers/b' to 's_axilite & ap_none'.
INFO: [RTGEN 206-500] Setting interface mode on port 'add_two_numbers/c' to 's_axilite & ap_none'.
INFO: [RTGEN 206-500] Setting interface mode on function 'add_two_numbers' to 's_axilite & ap_ctrl_chain'.
INFO: [RTGEN 206-100] Bundling port 'a', 'b', 'c' and 'return' to AXI-Lite port control.
INFO: [RTGEN 206-100] Finished creating RTL model for 'add_two_numbers'.
INFO: [HLS 200-111] Finished Creating RTL model: CPU user time: 0.09 seconds. CPU system time: 0 seconds. Elapsed time: 0.09 seconds; current allocated memory: 899.883 MB.
INFO: [HLS 200-111] Finished Generating all RTL models: CPU user time: 0.33 seconds. CPU system time: 0.01 seconds. Elapsed time: 0.35 seconds; current allocated memory: 899.883 MB.
INFO: [HLS 200-111] Finished Updating report files: CPU user time: 0.57 seconds. CPU system time: 0.02 seconds. Elapsed time: 0.59 seconds; current allocated memory: 899.965 MB.
INFO: [VHDL 208-304] Generating VHDL RTL for add_two_numbers.
INFO: [VLOG 209-307] Generating Verilog RTL for add_two_numbers.
INFO: [HLS 200-789] **** Estimated Fmax: 411.00 MHz
INFO: [HLS 200-111] Finished Command csynth_design CPU user time: 6.56 seconds. CPU system time: 1.47 seconds. Elapsed time: 8.04 seconds; current allocated memory: 22.414 MB.
INFO: [HLS 200-1510] Running: export_design 
INFO: [IMPL 213-8] Exporting RTL as a Vivado IP.

****** Vivado v2022.2.2 (64-bit)
  **** SW Build 3788238 on Tue Feb 21 19:59:23 MST 2023
  **** IP Build 3783773 on Tue Feb 21 23:41:56 MST 2023
    ** Copyright 1986-2023 Xilinx, Inc. All Rights Reserved.

source run_ippack.tcl -notrace
ipx::create_core: Time (s): cpu = 00:00:08 ; elapsed = 00:00:08 . Memory (MB): peak = 1856.539 ; gain = 87.992 ; free physical = 121388 ; free virtual = 246563
INFO: [IP_Flow 19-234] Refreshing IP repositories
INFO: [IP_Flow 19-1704] No user IP repositories specified
INFO: [IP_Flow 19-2313] Loaded Vivado IP repository '/home/dess/workspace/Xilinx/Vivado/2022.2/data/ip'.
Running package_xo -xo_path /home/uni/project/smartssd/add_two_numbers/_x/build.add_two_numbers.hw/add_two_numbers/add_two_numbers/solution/impl/export.xo -kernel_name add_two_numbers -kernel_xml /home/uni/project/smartssd/add_two_numbers/_x/build.add_two_numbers.hw/add_two_numbers/add_two_numbers/solution/impl/ip/../kernel/kernel.xml -kernel_files /home/uni/project/smartssd/add_two_numbers/src/add_two_numbers.cpp -ip_directory /home/uni/project/smartssd/add_two_numbers/_x/build.add_two_numbers.hw/add_two_numbers/add_two_numbers/solution/impl/ip/ip_unzip_dir -design_xml /home/uni/project/smartssd/add_two_numbers/_x/build.add_two_numbers.hw/add_two_numbers/add_two_numbers/solution/.autopilot/db/add_two_numbers.design.xml -debug_directory /home/uni/project/smartssd/add_two_numbers/_x/build.add_two_numbers.hw/add_two_numbers/add_two_numbers/solution/.debug -hls_directory /home/uni/project/smartssd/add_two_numbers/_x/build.add_two_numbers.hw/add_two_numbers/add_two_numbers/solution/impl/ip/hls_files
INFO: [Common 17-206] Exiting Vivado at Tue Aug 18 00:50:15 2026...
INFO: [HLS 200-802] Generated output file add_two_numbers/solution/impl/export.xo
INFO: [HLS 200-111] Finished Command export_design CPU user time: 19.8 seconds. CPU system time: 1.67 seconds. Elapsed time: 20.76 seconds; current allocated memory: 6.434 MB.
INFO: [HLS 200-1510] Running: close_project 
HLS completed successfully
INFO: [HLS 200-112] Total CPU user time: 30.5 seconds. Total CPU system time: 3.88 seconds. Total elapsed time: 33.36 seconds; peak allocated memory: 906.398 MB.
INFO: [Common 17-206] Exiting vitis_hls at Tue Aug 18 00:50:16 2026...
