INFO: [v++ 60-1306] Additional information associated with this v++ compile can be found at:
	Reports: /home/uni/project/smartssd/host_file_sum64/_x/reports/file_sum64
	Log files: /home/uni/project/smartssd/host_file_sum64/_x/logs/file_sum64
INFO: [v++ 60-1548] Creating build summary session with primary output /home/uni/project/smartssd/host_file_sum64/build/file_sum64.xo.compile_summary, at Tue Aug 18 03:46:38 2026
INFO: [v++ 60-1315] Creating rulecheck session with output '/home/uni/project/smartssd/host_file_sum64/_x/reports/file_sum64/v++_compile_file_sum64_guidance.html', at Tue Aug 18 03:46:38 2026
INFO: [v++ 60-895]   Target platform: /opt/xilinx/platforms/xilinx_u2_gen3x4_xdma_gc_2_202110_1/xilinx_u2_gen3x4_xdma_gc_2_202110_1.xpfm
INFO: [v++ 60-1578]   This platform contains Xilinx Shell Archive '/opt/xilinx/platforms/xilinx_u2_gen3x4_xdma_gc_2_202110_1/hw/hw.xsa'
INFO: [v++ 74-78] Compiler Version string: 2022.2
INFO: [v++ 60-585] Compiling for hardware target
INFO: [v++ 60-423]   Target device: xilinx_u2_gen3x4_xdma_gc_2_202110_1
INFO: [v++ 60-242] Creating kernel: 'file_sum64'
INFO: [v++ 60-1616] Creating a HLS clock using hls.clock option: 300 MHz

===>The following messages were generated while  performing high-level synthesis for kernel: file_sum64 Log file: /home/uni/project/smartssd/host_file_sum64/_x/file_sum64/file_sum64/vitis_hls.log :
INFO: [v++ 204-61] Pipelining loop 'sum_loop'.
INFO: [v++ 200-1470] Pipelining result : Target II = 1, Final II = 1, Depth = 3, loop 'sum_loop'
INFO: [v++ 200-790] **** Loop Constraint Status: All loop constraints were satisfied.
INFO: [v++ 200-789] **** Estimated Fmax: 411.00 MHz
INFO: [v++ 60-594] Finished kernel compilation
INFO: [v++ 60-244] Generating system estimate report...
INFO: [v++ 60-1092] Generated system estimate report: /home/uni/project/smartssd/host_file_sum64/_x/reports/file_sum64/system_estimate_file_sum64.xtxt
INFO: [v++ 60-586] Created build/file_sum64.xo
INFO: [v++ 60-2343] Use the vitis_analyzer tool to visualize and navigate the relevant reports. Run the following command. 
    vitis_analyzer /home/uni/project/smartssd/host_file_sum64/build/file_sum64.xo.compile_summary 
INFO: [v++ 60-791] Total elapsed time: 0h 0m 55s
INFO: [v++ 60-1653] Closing dispatch client.
