INFO: [v++ 60-1306] Additional information associated with this v++ link can be found at:
	Reports: /home/uni/project/smartssd/host_file_sum64/_x/reports/link
	Log files: /home/uni/project/smartssd/host_file_sum64/_x/logs/link
INFO: [v++ 60-1548] Creating build summary session with primary output /home/uni/project/smartssd/host_file_sum64/build/file_sum64.xclbin.link_summary, at Tue Aug 18 03:50:00 2026
INFO: [v++ 60-1315] Creating rulecheck session with output '/home/uni/project/smartssd/host_file_sum64/_x/reports/link/v++_link_file_sum64_guidance.html', at Tue Aug 18 03:50:00 2026
INFO: [v++ 60-895]   Target platform: /opt/xilinx/platforms/xilinx_u2_gen3x4_xdma_gc_2_202110_1/xilinx_u2_gen3x4_xdma_gc_2_202110_1.xpfm
INFO: [v++ 60-1578]   This platform contains Xilinx Shell Archive '/opt/xilinx/platforms/xilinx_u2_gen3x4_xdma_gc_2_202110_1/hw/hw.xsa'
INFO: [v++ 74-78] Compiler Version string: 2022.2
INFO: [v++ 60-629] Linking for hardware target
INFO: [v++ 60-423]   Target device: xilinx_u2_gen3x4_xdma_gc_2_202110_1
INFO: [v++ 60-1332] Run 'run_link' status: Not started
INFO: [v++ 60-1443] [03:50:06] Run run_link: Step system_link: Started
INFO: [v++ 60-1453] Command Line: system_link --xo /home/uni/project/smartssd/host_file_sum64/build/file_sum64.xo --xpfm /opt/xilinx/platforms/xilinx_u2_gen3x4_xdma_gc_2_202110_1/xilinx_u2_gen3x4_xdma_gc_2_202110_1.xpfm --target hw --output_dir /home/uni/project/smartssd/host_file_sum64/_x/link/int --temp_dir /home/uni/project/smartssd/host_file_sum64/_x/link/sys_link
INFO: [v++ 60-1454] Run Directory: /home/uni/project/smartssd/host_file_sum64/_x/link/run_link
INFO: [SYSTEM_LINK 82-70] Extracting xo v3 file /home/uni/project/smartssd/host_file_sum64/build/file_sum64.xo
INFO: [SYSTEM_LINK 82-53] Creating IP database /home/uni/project/smartssd/host_file_sum64/_x/link/sys_link/_sysl/.cdb/xd_ip_db.xml
INFO: [SYSTEM_LINK 82-38] [03:50:09] build_xd_ip_db started: /home/dess/workspace/Xilinx/Vitis/2022.2/bin/build_xd_ip_db -ip_search 0  -sds-pf /home/uni/project/smartssd/host_file_sum64/_x/link/sys_link/hw.hpfm -clkid 0 -ip /home/uni/project/smartssd/host_file_sum64/_x/link/sys_link/iprepo/xilinx_com_hls_file_sum64_1_0,file_sum64 -o /home/uni/project/smartssd/host_file_sum64/_x/link/sys_link/_sysl/.cdb/xd_ip_db.xml
INFO: [SYSTEM_LINK 82-37] [03:50:19] build_xd_ip_db finished successfully
Time (s): cpu = 00:00:09 ; elapsed = 00:00:09 . Memory (MB): peak = 432.242 ; gain = 0.000 ; free physical = 122907 ; free virtual = 248271
INFO: [SYSTEM_LINK 82-51] Create system connectivity graph
INFO: [SYSTEM_LINK 82-102] Applying explicit connections to the system connectivity graph: /home/uni/project/smartssd/host_file_sum64/_x/link/sys_link/cfgraph/cfgen_cfgraph.xml
INFO: [SYSTEM_LINK 82-38] [03:50:19] cfgen started: /home/dess/workspace/Xilinx/Vitis/2022.2/bin/cfgen  -dpa_mem_offload false -dmclkid 0 -r /home/uni/project/smartssd/host_file_sum64/_x/link/sys_link/_sysl/.cdb/xd_ip_db.xml -o /home/uni/project/smartssd/host_file_sum64/_x/link/sys_link/cfgraph/cfgen_cfgraph.xml
INFO: [CFGEN 83-0] Kernel Specs: 
INFO: [CFGEN 83-0]   kernel: file_sum64, num: 1  {file_sum64_1}
INFO: [CFGEN 83-2226] Inferring mapping for argument file_sum64_1.input to bank0
INFO: [CFGEN 83-2226] Inferring mapping for argument file_sum64_1.sum_out to bank0
INFO: [SYSTEM_LINK 82-37] [03:50:24] cfgen finished successfully
Time (s): cpu = 00:00:06 ; elapsed = 00:00:06 . Memory (MB): peak = 432.242 ; gain = 0.000 ; free physical = 122911 ; free virtual = 248275
INFO: [SYSTEM_LINK 82-52] Create top-level block diagram
INFO: [SYSTEM_LINK 82-38] [03:50:24] cf2bd started: /home/dess/workspace/Xilinx/Vitis/2022.2/bin/cf2bd  --linux --trace_buffer 1024 --input_file /home/uni/project/smartssd/host_file_sum64/_x/link/sys_link/cfgraph/cfgen_cfgraph.xml --ip_db /home/uni/project/smartssd/host_file_sum64/_x/link/sys_link/_sysl/.cdb/xd_ip_db.xml --cf_name dr --working_dir /home/uni/project/smartssd/host_file_sum64/_x/link/sys_link/_sysl/.xsd --temp_dir /home/uni/project/smartssd/host_file_sum64/_x/link/sys_link --output_dir /home/uni/project/smartssd/host_file_sum64/_x/link/int --target_bd ulp.bd
INFO: [CF2BD 82-31] Launching cf2xd: cf2xd -linux -trace-buffer 1024 -i /home/uni/project/smartssd/host_file_sum64/_x/link/sys_link/cfgraph/cfgen_cfgraph.xml -r /home/uni/project/smartssd/host_file_sum64/_x/link/sys_link/_sysl/.cdb/xd_ip_db.xml -o dr.xml
INFO: [CF2BD 82-28] cf2xd finished successfully
INFO: [CF2BD 82-31] Launching cf_xsd: cf_xsd -disable-address-gen -bd ulp.bd -dn dr -dp /home/uni/project/smartssd/host_file_sum64/_x/link/sys_link/_sysl/.xsd
INFO: [CF2BD 82-28] cf_xsd finished successfully
INFO: [SYSTEM_LINK 82-37] [03:50:29] cf2bd finished successfully
Time (s): cpu = 00:00:04 ; elapsed = 00:00:05 . Memory (MB): peak = 432.242 ; gain = 0.000 ; free physical = 122900 ; free virtual = 248268
INFO: [v++ 60-1441] [03:50:29] Run run_link: Step system_link: Completed
Time (s): cpu = 00:00:22 ; elapsed = 00:00:22 . Memory (MB): peak = 457.762 ; gain = 0.000 ; free physical = 122957 ; free virtual = 248321
INFO: [v++ 60-1443] [03:50:29] Run run_link: Step cf2sw: Started
INFO: [v++ 60-1453] Command Line: cf2sw -sdsl /home/uni/project/smartssd/host_file_sum64/_x/link/int/sdsl.dat -rtd /home/uni/project/smartssd/host_file_sum64/_x/link/int/cf2sw.rtd -nofilter /home/uni/project/smartssd/host_file_sum64/_x/link/int/cf2sw_full.rtd -xclbin /home/uni/project/smartssd/host_file_sum64/_x/link/int/xclbin_orig.xml -o /home/uni/project/smartssd/host_file_sum64/_x/link/int/xclbin_orig.1.xml
INFO: [v++ 60-1454] Run Directory: /home/uni/project/smartssd/host_file_sum64/_x/link/run_link
INFO: [v++ 60-1441] [03:50:34] Run run_link: Step cf2sw: Completed
Time (s): cpu = 00:00:05 ; elapsed = 00:00:05 . Memory (MB): peak = 457.762 ; gain = 0.000 ; free physical = 122936 ; free virtual = 248300
INFO: [v++ 60-1443] [03:50:34] Run run_link: Step rtd2_system_diagram: Started
INFO: [v++ 60-1453] Command Line: rtd2SystemDiagram
INFO: [v++ 60-1454] Run Directory: /home/uni/project/smartssd/host_file_sum64/_x/link/run_link
INFO: [v++ 60-1441] [03:50:35] Run run_link: Step rtd2_system_diagram: Completed
Time (s): cpu = 00:00:00 ; elapsed = 00:00:00.34 . Memory (MB): peak = 457.762 ; gain = 0.000 ; free physical = 122935 ; free virtual = 248299
INFO: [v++ 60-1443] [03:50:35] Run run_link: Step vpl: Started
INFO: [v++ 60-1453] Command Line: vpl -t hw -f xilinx_u2_gen3x4_xdma_gc_2_202110_1 --remote_ip_cache /home/uni/project/smartssd/host_file_sum64/.ipcache --output_dir /home/uni/project/smartssd/host_file_sum64/_x/link/int --log_dir /home/uni/project/smartssd/host_file_sum64/_x/logs/link --report_dir /home/uni/project/smartssd/host_file_sum64/_x/reports/link --config /home/uni/project/smartssd/host_file_sum64/_x/link/int/vplConfig.ini -k /home/uni/project/smartssd/host_file_sum64/_x/link/int/kernel_info.dat --webtalk_flag Vitis --temp_dir /home/uni/project/smartssd/host_file_sum64/_x/link --no-info --iprepo /home/uni/project/smartssd/host_file_sum64/_x/link/int/xo/ip_repo/xilinx_com_hls_file_sum64_1_0 --messageDb /home/uni/project/smartssd/host_file_sum64/_x/link/run_link/vpl.pb /home/uni/project/smartssd/host_file_sum64/_x/link/int/dr.bd.tcl
INFO: [v++ 60-1454] Run Directory: /home/uni/project/smartssd/host_file_sum64/_x/link/run_link

****** vpl v2022.2.2 (64-bit)
  **** SW Build 3716524 on 2023-02-17-15:43:22
    ** Copyright 1986-2023 Xilinx, Inc. All Rights Reserved.

INFO: [VPL 60-839] Read in kernel information from file '/home/uni/project/smartssd/host_file_sum64/_x/link/int/kernel_info.dat'.
INFO: [VPL 74-78] Compiler Version string: 2022.2
INFO: [VPL 60-423]   Target device: xilinx_u2_gen3x4_xdma_gc_2_202110_1
INFO: [VPL 60-1032] Extracting hardware platform to /home/uni/project/smartssd/host_file_sum64/_x/link/vivado/vpl/.local/hw_platform
[03:50:57] Run vpl: Step create_project: Started
Creating Vivado project.
[03:51:05] Run vpl: Step create_project: Completed
[03:51:05] Run vpl: Step create_bd: Started
[03:52:22] Run vpl: Step create_bd: RUNNING...
[03:52:24] Run vpl: Step create_bd: Completed
[03:52:24] Run vpl: Step update_bd: Started
[03:52:25] Run vpl: Step update_bd: Completed
[03:52:25] Run vpl: Step generate_target: Started
[03:53:10] Run vpl: Step generate_target: Completed
[03:53:10] Run vpl: Step config_hw_runs: Started
[03:54:25] Run vpl: Step config_hw_runs: RUNNING...
[03:55:41] Run vpl: Step config_hw_runs: RUNNING...
[03:55:50] Run vpl: Step config_hw_runs: Completed
[03:55:50] Run vpl: Step synth: Started
[03:56:21] Block-level synthesis in progress, 0 of 61 jobs complete, 8 jobs running.
[03:56:51] Block-level synthesis in progress, 0 of 61 jobs complete, 8 jobs running.
[03:57:22] Block-level synthesis in progress, 0 of 61 jobs complete, 8 jobs running.
[03:57:52] Block-level synthesis in progress, 6 of 61 jobs complete, 8 jobs running.
[03:58:22] Block-level synthesis in progress, 7 of 61 jobs complete, 8 jobs running.
[03:58:52] Block-level synthesis in progress, 9 of 61 jobs complete, 8 jobs running.
[03:59:22] Block-level synthesis in progress, 11 of 61 jobs complete, 7 jobs running.
[03:59:53] Block-level synthesis in progress, 16 of 61 jobs complete, 6 jobs running.
[04:00:23] Block-level synthesis in progress, 18 of 61 jobs complete, 8 jobs running.
[04:00:53] Block-level synthesis in progress, 18 of 61 jobs complete, 8 jobs running.
[04:01:23] Block-level synthesis in progress, 22 of 61 jobs complete, 6 jobs running.
[04:01:54] Block-level synthesis in progress, 25 of 61 jobs complete, 8 jobs running.
[04:02:24] Block-level synthesis in progress, 26 of 61 jobs complete, 7 jobs running.
[04:02:54] Block-level synthesis in progress, 29 of 61 jobs complete, 6 jobs running.
[04:03:25] Block-level synthesis in progress, 32 of 61 jobs complete, 8 jobs running.
[04:03:55] Block-level synthesis in progress, 33 of 61 jobs complete, 7 jobs running.
[04:04:25] Block-level synthesis in progress, 36 of 61 jobs complete, 6 jobs running.
[04:04:56] Block-level synthesis in progress, 39 of 61 jobs complete, 8 jobs running.
[04:05:26] Block-level synthesis in progress, 42 of 61 jobs complete, 6 jobs running.
[04:05:56] Block-level synthesis in progress, 45 of 61 jobs complete, 8 jobs running.
[04:06:27] Block-level synthesis in progress, 47 of 61 jobs complete, 7 jobs running.
[04:06:57] Block-level synthesis in progress, 49 of 61 jobs complete, 6 jobs running.
[04:07:27] Block-level synthesis in progress, 52 of 61 jobs complete, 8 jobs running.
[04:07:58] Block-level synthesis in progress, 54 of 61 jobs complete, 7 jobs running.
[04:08:28] Block-level synthesis in progress, 54 of 61 jobs complete, 7 jobs running.
[04:08:59] Block-level synthesis in progress, 58 of 61 jobs complete, 3 jobs running.
[04:09:29] Block-level synthesis in progress, 60 of 61 jobs complete, 1 job running.
[04:10:00] Block-level synthesis in progress, 60 of 61 jobs complete, 1 job running.
[04:10:30] Block-level synthesis in progress, 60 of 61 jobs complete, 1 job running.
[04:11:00] Top-level synthesis in progress.
[04:11:31] Top-level synthesis in progress.
[04:12:01] Top-level synthesis in progress.
[04:12:32] Top-level synthesis in progress.
[04:12:48] Run vpl: Step synth: Completed
[04:12:48] Run vpl: Step impl: Started
[04:21:57] Finished 2nd of 6 tasks (FPGA linking synthesized kernels to platform). Elapsed time: 00h 31m 19s 

[04:21:57] Starting logic optimization..
[04:22:27] Phase 1 Generate And Synthesize MIG Cores
[04:29:03] Phase 2 Generate And Synthesize Debug Cores
[04:33:07] Phase 3 Retarget
[04:33:38] Phase 4 Constant propagation
[04:33:38] Phase 5 Sweep
[04:34:39] Phase 6 BUFG optimization
[04:34:39] Phase 7 Shift Register Optimization
[04:34:39] Phase 8 Post Processing Netlist
[04:36:10] Finished 3rd of 6 tasks (FPGA logic optimization). Elapsed time: 00h 14m 13s 

[04:36:10] Starting logic placement..
[04:36:41] Phase 1 Placer Initialization
[04:36:41] Phase 1.1 Placer Initialization Netlist Sorting
[04:38:12] Phase 1.2 IO Placement/ Clock Placement/ Build Placer Device
[04:38:43] Phase 1.3 Build Placer Netlist Model
[04:41:15] Phase 1.4 Constrain Clocks/Macros
[04:41:46] Phase 2 Global Placement
[04:41:46] Phase 2.1 Floorplanning
[04:42:16] Phase 2.1.1 Partition Driven Placement
[04:42:16] Phase 2.1.1.1 PBP: Partition Driven Placement
[04:42:16] Phase 2.1.1.2 PBP: Clock Region Placement
[04:42:47] Phase 2.1.1.3 PBP: Compute Congestion
[04:43:17] Phase 2.1.1.4 PBP: UpdateTiming
[04:43:17] Phase 2.1.1.5 PBP: Add part constraints
[04:43:17] Phase 2.2 Update Timing before SLR Path Opt
[04:43:17] Phase 2.3 Post-Processing in Floorplanning
[04:43:48] Phase 2.4 Global Placement Core
[04:48:54] Phase 2.4.1 UpdateTiming Before Physical Synthesis
[04:48:54] Phase 2.4.2 Physical Synthesis In Placer
[04:50:56] Phase 3 Detail Placement
[04:50:56] Phase 3.1 Commit Multi Column Macros
[04:50:56] Phase 3.2 Commit Most Macros & LUTRAMs
[04:51:57] Phase 3.3 Small Shape DP
[04:51:57] Phase 3.3.1 Small Shape Clustering
[04:51:57] Phase 3.3.2 Flow Legalize Slice Clusters
[04:51:57] Phase 3.3.3 Slice Area Swap
[04:51:57] Phase 3.3.3.1 Slice Area Swap Initial
[04:52:58] Phase 3.4 Place Remaining
[04:52:58] Phase 3.5 Re-assign LUT pins
[04:52:58] Phase 3.6 Pipeline Register Optimization
[04:52:58] Phase 3.7 Fast Optimization
[04:53:59] Phase 4 Post Placement Optimization and Clean-Up
[04:53:59] Phase 4.1 Post Commit Optimization
[04:55:31] Phase 4.1.1 Post Placement Optimization
[04:55:31] Phase 4.1.1.1 BUFG Insertion
[04:55:31] Phase 1 Physical Synthesis Initialization
[04:56:01] Phase 4.1.1.2 Post Placement Timing Optimization
[05:02:38] Phase 4.2 Post Placement Cleanup
[05:02:38] Phase 4.3 Placer Reporting
[05:02:38] Phase 4.3.1 Print Estimated Congestion
[05:03:09] Phase 4.4 Final Placement Cleanup
[05:08:14] Finished 4th of 6 tasks (FPGA logic placement). Elapsed time: 00h 32m 03s 

[05:08:14] Starting logic routing..
[05:08:45] Phase 1 Build RT Design
[05:11:18] Phase 2 Router Initialization
[05:11:18] Phase 2.1 Fix Topology Constraints
[05:11:18] Phase 2.2 Pre Route Cleanup
[05:11:48] Phase 2.3 Global Clock Net Routing
[05:11:48] Phase 2.4 Update Timing
[05:13:50] Phase 2.5 Update Timing for Bus Skew
[05:13:50] Phase 2.5.1 Update Timing
[05:14:21] Phase 3 Initial Routing
[05:14:21] Phase 3.1 Global Routing
[05:15:22] Phase 4 Rip-up And Reroute
[05:15:22] Phase 4.1 Global Iteration 0
[05:19:57] Phase 4.2 Global Iteration 1
[05:21:29] Phase 4.3 Global Iteration 2
[05:22:30] Phase 5 Delay and Skew Optimization
[05:22:30] Phase 5.1 Delay CleanUp
[05:22:30] Phase 5.1.1 Update Timing
[05:23:00] Phase 5.1.2 Update Timing
[05:23:31] Phase 5.1.3 Update Timing
[05:24:01] Phase 5.2 Clock Skew Optimization
[05:24:32] Phase 6 Post Hold Fix
[05:24:32] Phase 6.1 Hold Fix Iter
[05:24:32] Phase 6.1.1 Update Timing
[05:25:03] Phase 6.1.2 Lut RouteThru Assignment for hold
[05:25:33] Phase 7 Leaf Clock Prog Delay Opt
[05:27:05] Phase 7.1 Delay CleanUp
[05:27:05] Phase 7.1.1 Update Timing
[05:28:06] Phase 7.1.2 Update Timing
[05:28:36] Phase 7.1.3 Update Timing
[05:29:07] Phase 7.2 Hold Fix Iter
[05:29:07] Phase 7.2.1 Update Timing
[05:30:08] Phase 7.2.2 Lut RouteThru Assignment for hold
[05:30:08] Phase 7.3 Additional Hold Fix
[05:31:39] Phase 7.4 Global Iteration for Hold
[05:31:39] Phase 7.4.1 Update Timing
[05:33:11] Phase 8 Route finalize
[05:33:11] Phase 9 Verifying routed nets
[05:33:11] Phase 10 Depositing Routes
[05:33:42] Phase 11 Resolve XTalk
[05:34:12] Phase 12 Post Router Timing
[05:35:13] Phase 13 Physical Synthesis in Router
[05:35:13] Phase 13.1 Physical Synthesis Initialization
[05:35:44] Phase 13.2 Critical Path Optimization
[05:36:14] Finished 5th of 6 tasks (FPGA routing). Elapsed time: 00h 28m 00s 

[05:36:14] Starting bitstream generation..
[05:44:23] Creating bitmap...
[05:48:56] Writing bitstream ./level0_i_ulp_my_rm_partial.bit...
[05:48:56] Finished 6th of 6 tasks (FPGA bitstream generation). Elapsed time: 00h 12m 41s 
Check VPL, containing 1 checks, has run: 0 errors
[05:48:55] Run vpl: Step impl: Completed
[05:48:56] Run vpl: FINISHED. Run Status: impl Complete!
INFO: [v++ 60-1441] [05:48:57] Run run_link: Step vpl: Completed
Time (s): cpu = 00:01:47 ; elapsed = 01:58:22 . Memory (MB): peak = 457.762 ; gain = 0.000 ; free physical = 120290 ; free virtual = 246373
INFO: [v++ 60-1443] [05:48:57] Run run_link: Step rtdgen: Started
INFO: [v++ 60-1453] Command Line: rtdgen
INFO: [v++ 60-1454] Run Directory: /home/uni/project/smartssd/host_file_sum64/_x/link/run_link
INFO: [v++ 60-991] clock name 'blp_s_aclk_kernel_ref_clk_00' (clock ID '0') is being mapped to clock name 'DATA_CLK' in the xclbin
INFO: [v++ 60-991] clock name 'blp_s_aclk_kernel2_ref_clk_00' (clock ID '1') is being mapped to clock name 'KERNEL_CLK' in the xclbin
INFO: [v++ 60-1230] The compiler selected the following frequencies for the runtime controllable kernel clock(s) and scalable system clock(s): Kernel (DATA) clock: blp_s_aclk_kernel_ref_clk_00 = 288, Kernel (KERNEL) clock: blp_s_aclk_kernel2_ref_clk_00 = 500
INFO: [v++ 60-1453] Command Line: cf2sw -a /home/uni/project/smartssd/host_file_sum64/_x/link/int/address_map.xml -sdsl /home/uni/project/smartssd/host_file_sum64/_x/link/int/sdsl.dat -xclbin /home/uni/project/smartssd/host_file_sum64/_x/link/int/xclbin_orig.xml -rtd /home/uni/project/smartssd/host_file_sum64/_x/link/int/file_sum64.rtd -o /home/uni/project/smartssd/host_file_sum64/_x/link/int/file_sum64.xml
INFO: [v++ 60-1652] Cf2sw returned exit code: 0
INFO: [v++ 60-1441] [05:49:01] Run run_link: Step rtdgen: Completed
Time (s): cpu = 00:00:05 ; elapsed = 00:00:05 . Memory (MB): peak = 457.762 ; gain = 0.000 ; free physical = 122169 ; free virtual = 248252
INFO: [v++ 60-1443] [05:49:01] Run run_link: Step xclbinutil: Started
INFO: [v++ 60-1453] Command Line: xclbinutil --add-section BITSTREAM:RAW:/home/uni/project/smartssd/host_file_sum64/_x/link/int/partial.bit --force --target hw --key-value SYS:dfx_enable:true --add-section :JSON:/home/uni/project/smartssd/host_file_sum64/_x/link/int/file_sum64.rtd --append-section :JSON:/home/uni/project/smartssd/host_file_sum64/_x/link/int/appendSection.rtd --add-section CLOCK_FREQ_TOPOLOGY:JSON:/home/uni/project/smartssd/host_file_sum64/_x/link/int/file_sum64_xml.rtd --add-section BUILD_METADATA:JSON:/home/uni/project/smartssd/host_file_sum64/_x/link/int/file_sum64_build.rtd --add-section EMBEDDED_METADATA:RAW:/home/uni/project/smartssd/host_file_sum64/_x/link/int/file_sum64.xml --add-section SYSTEM_METADATA:RAW:/home/uni/project/smartssd/host_file_sum64/_x/link/int/systemDiagramModelSlrBaseAddress.json --key-value SYS:PlatformVBNV:xilinx_u2_gen3x4_xdma_gc_2_202110_1 --output /home/uni/project/smartssd/host_file_sum64/build/file_sum64.xclbin
INFO: [v++ 60-1454] Run Directory: /home/uni/project/smartssd/host_file_sum64/_x/link/run_link
XRT Build Version: 2.14.354 (2022.2)
       Build Date: 2022-10-08 09:49:58
          Hash ID: 43926231f7183688add2dccfd391b36a1f000bea
Creating a default 'in-memory' xclbin image.

Section: 'BITSTREAM'(0) was successfully added.
Size   : 19453562 bytes
Format : RAW
File   : '/home/uni/project/smartssd/host_file_sum64/_x/link/int/partial.bit'

Section: 'MEM_TOPOLOGY'(6) was successfully added.
Format : JSON
File   : 'mem_topology'

Section: 'IP_LAYOUT'(8) was successfully added.
Format : JSON
File   : 'ip_layout'

Section: 'CONNECTIVITY'(7) was successfully added.
Format : JSON
File   : 'connectivity'

Section: 'CLOCK_FREQ_TOPOLOGY'(11) was successfully added.
Size   : 274 bytes
Format : JSON
File   : '/home/uni/project/smartssd/host_file_sum64/_x/link/int/file_sum64_xml.rtd'

Section: 'BUILD_METADATA'(14) was successfully added.
Size   : 2028 bytes
Format : JSON
File   : '/home/uni/project/smartssd/host_file_sum64/_x/link/int/file_sum64_build.rtd'

Section: 'EMBEDDED_METADATA'(2) was successfully added.
Size   : 3619 bytes
Format : RAW
File   : '/home/uni/project/smartssd/host_file_sum64/_x/link/int/file_sum64.xml'

Section: 'SYSTEM_METADATA'(22) was successfully added.
Size   : 9639 bytes
Format : RAW
File   : '/home/uni/project/smartssd/host_file_sum64/_x/link/int/systemDiagramModelSlrBaseAddress.json'

Section: 'PARTITION_METADATA'(20) was successfully appended to.
Format : JSON
File   : 'partition_metadata'

Section: 'IP_LAYOUT'(8) was successfully appended to.
Format : JSON
File   : 'ip_layout'
Successfully wrote (19477004 bytes) to the output file: /home/uni/project/smartssd/host_file_sum64/build/file_sum64.xclbin
Leaving xclbinutil.
INFO: [v++ 60-1441] [05:49:02] Run run_link: Step xclbinutil: Completed
Time (s): cpu = 00:00:00.15 ; elapsed = 00:00:00.2 . Memory (MB): peak = 457.762 ; gain = 0.000 ; free physical = 122146 ; free virtual = 248247
INFO: [v++ 60-1443] [05:49:02] Run run_link: Step xclbinutilinfo: Started
INFO: [v++ 60-1453] Command Line: xclbinutil --quiet --force --info /home/uni/project/smartssd/host_file_sum64/build/file_sum64.xclbin.info --input /home/uni/project/smartssd/host_file_sum64/build/file_sum64.xclbin
INFO: [v++ 60-1454] Run Directory: /home/uni/project/smartssd/host_file_sum64/_x/link/run_link
INFO: [v++ 60-1441] [05:49:02] Run run_link: Step xclbinutilinfo: Completed
Time (s): cpu = 00:00:00.35 ; elapsed = 00:00:00.41 . Memory (MB): peak = 457.762 ; gain = 0.000 ; free physical = 122131 ; free virtual = 248232
INFO: [v++ 60-1443] [05:49:02] Run run_link: Step generate_sc_driver: Started
INFO: [v++ 60-1453] Command Line: 
INFO: [v++ 60-1454] Run Directory: /home/uni/project/smartssd/host_file_sum64/_x/link/run_link
INFO: [v++ 60-1441] [05:49:02] Run run_link: Step generate_sc_driver: Completed
Time (s): cpu = 00:00:00.01 ; elapsed = 00:00:00 . Memory (MB): peak = 457.762 ; gain = 0.000 ; free physical = 122131 ; free virtual = 248232
INFO: [v++ 60-244] Generating system estimate report...
INFO: [v++ 60-1092] Generated system estimate report: /home/uni/project/smartssd/host_file_sum64/_x/reports/link/system_estimate_file_sum64.xtxt
INFO: [v++ 60-586] Created /home/uni/project/smartssd/host_file_sum64/build/file_sum64.ltx
INFO: [v++ 60-586] Created build/file_sum64.xclbin
INFO: [v++ 60-1307] Run completed. Additional information can be found in:
	Guidance: /home/uni/project/smartssd/host_file_sum64/_x/reports/link/v++_link_file_sum64_guidance.html
	Timing Report: /home/uni/project/smartssd/host_file_sum64/_x/reports/link/imp/impl_1_hw_bb_locked_timing_summary_routed.rpt
	Vivado Log: /home/uni/project/smartssd/host_file_sum64/_x/logs/link/vivado.log
	Steps Log File: /home/uni/project/smartssd/host_file_sum64/_x/logs/link/link.steps.log

INFO: [v++ 60-2343] Use the vitis_analyzer tool to visualize and navigate the relevant reports. Run the following command. 
    vitis_analyzer /home/uni/project/smartssd/host_file_sum64/build/file_sum64.xclbin.link_summary 
INFO: [v++ 60-791] Total elapsed time: 1h 59m 12s
INFO: [v++ 60-1653] Closing dispatch client.
