Tue Aug 18 03:46:30 2026: Running xcd server. This server was built by gradle.
Tue Aug 18 03:46:30 2026: Server was asked to start on port: '36695'
Tue Aug 18 03:46:30 2026: Server is using token UUID: '83533459-9634-4e46-a1eb-bc9c27fc209a'
Tue Aug 18 03:46:30 2026: SESSION_MGR: creating session with session uuid: '6d04a3e9-ade5-4ab9-8d63-1f78fcd2ec76' and name 'default'
Tue Aug 18 03:46:30 2026: Attempting to start server on port '36695'
Tue Aug 18 03:46:30 2026: XCD main fifo: created main fifo '/tmp/xcdmain83533459-9634-4e46-a1eb-bc9c27fc209a', fd read = 13
Tue Aug 18 03:46:30 2026: Running Dispatch Server
Tue Aug 18 03:46:30 2026: Version 2.2.0
Tue Aug 18 03:46:38 2026: Dispatch Server: Accepted socket connection from client
Tue Aug 18 03:46:38 2026: Starting Socket connection
Tue Aug 18 03:46:38 2026: EXCHANGE_TOKEN received, server token: 83533459-9634-4e46-a1eb-bc9c27fc209a, passed token: 83533459-9634-4e46-a1eb-bc9c27fc209a
Tue Aug 18 03:46:38 2026: DISPATCH_HANDLER: Adding handler from function makeHandler in library libxv_system_diagram
Tue Aug 18 03:46:38 2026: SESSION_MGR: creating session with session uuid: '50fb737e-f53a-4304-94b8-d4685990a0cd' and name 'v++_compile_file_sum64'
Tue Aug 18 03:46:38 2026: KERNEL_SVC: creating session with uuid: '50fb737e-f53a-4304-94b8-d4685990a0cd' and name 'v++_compile_file_sum64'
Tue Aug 18 03:46:38 2026: GUIDANCE_SMGR: creating guidance session with uuid: '50fb737e-f53a-4304-94b8-d4685990a0cd' and name 'v++_compile_file_sum64'
Tue Aug 18 03:46:38 2026: SYSTEM_DIAGRAM: creating session with uuid: '50fb737e-f53a-4304-94b8-d4685990a0cd' and name 'v++_compile_file_sum64'
Tue Aug 18 03:46:53 2026: Dispatch Server: Accepted socket connection from client
Tue Aug 18 03:46:53 2026: Starting Socket connection
Tue Aug 18 03:47:23 2026: SESSION_MGR: closing session for UUID '50fb737e-f53a-4304-94b8-d4685990a0cd' with name 'v++_compile_file_sum64'
Tue Aug 18 03:47:23 2026: KERNEL_SVC: closing session for UUID '50fb737e-f53a-4304-94b8-d4685990a0cd' with name 'v++_compile_file_sum64'
Tue Aug 18 03:47:23 2026: GUIDANCE_SMGR: closing session for UUID '50fb737e-f53a-4304-94b8-d4685990a0cd' with name 'v++_compile_file_sum64'
Tue Aug 18 03:47:23 2026: SYSTEM_DIAGRAM: closing session for UUID '50fb737e-f53a-4304-94b8-d4685990a0cd' with name 'v++_compile_file_sum64'
Tue Aug 18 03:47:23 2026: STOP_SERVER received, server token: 83533459-9634-4e46-a1eb-bc9c27fc209a, passed token: 83533459-9634-4e46-a1eb-bc9c27fc209a
Tue Aug 18 03:47:23 2026: Socket received request to stop server.
Tue Aug 18 03:47:23 2026: Dispatch Server: do_await_stop
Tue Aug 18 03:47:23 2026: Dispatch Server: stopping mainFifo_
Tue Aug 18 03:47:23 2026: XCD main fifo: Stopping
Tue Aug 18 03:47:23 2026: XCD main fifo: do_read error code: Operation canceled
Tue Aug 18 03:47:23 2026: XCD main fifo: bytes_transferred: 0
Tue Aug 18 03:47:23 2026: SERVER: destructor for server bound to port 36695
Tue Aug 18 03:47:23 2026: XCD main fifo: Good unlink of /tmp/xcdmain83533459-9634-4e46-a1eb-bc9c27fc209a
Tue Aug 18 03:47:23 2026: Server exiting with status 0.
Tue Aug 18 03:47:23 2026: Closing log file.
Tue Aug 18 03:49:52 2026: Running xcd server. This server was built by gradle.
Tue Aug 18 03:49:52 2026: Server was asked to start on port: '42595'
Tue Aug 18 03:49:52 2026: Server is using token UUID: '828c88af-1f0c-4615-8e98-d3a3346df8f7'
Tue Aug 18 03:49:52 2026: SESSION_MGR: creating session with session uuid: '6d04a3e9-ade5-4ab9-8d63-1f78fcd2ec76' and name 'default'
Tue Aug 18 03:49:52 2026: Attempting to start server on port '42595'
Tue Aug 18 03:49:52 2026: XCD main fifo: created main fifo '/tmp/xcdmain828c88af-1f0c-4615-8e98-d3a3346df8f7', fd read = 13
Tue Aug 18 03:49:52 2026: Running Dispatch Server
Tue Aug 18 03:49:52 2026: Version 2.2.0
Tue Aug 18 03:50:00 2026: Dispatch Server: Accepted socket connection from client
Tue Aug 18 03:50:00 2026: Starting Socket connection
Tue Aug 18 03:50:00 2026: EXCHANGE_TOKEN received, server token: 828c88af-1f0c-4615-8e98-d3a3346df8f7, passed token: 828c88af-1f0c-4615-8e98-d3a3346df8f7
Tue Aug 18 03:50:00 2026: DISPATCH_HANDLER: Adding handler from function makeHandler in library libxv_system_diagram
Tue Aug 18 03:50:00 2026: SESSION_MGR: creating session with session uuid: '4e398bba-c3a4-4002-8963-d06add26282a' and name 'v++_link_file_sum64'
Tue Aug 18 03:50:00 2026: KERNEL_SVC: creating session with uuid: '4e398bba-c3a4-4002-8963-d06add26282a' and name 'v++_link_file_sum64'
Tue Aug 18 03:50:00 2026: GUIDANCE_SMGR: creating guidance session with uuid: '4e398bba-c3a4-4002-8963-d06add26282a' and name 'v++_link_file_sum64'
Tue Aug 18 03:50:00 2026: SYSTEM_DIAGRAM: creating session with uuid: '4e398bba-c3a4-4002-8963-d06add26282a' and name 'v++_link_file_sum64'
Tue Aug 18 03:50:37 2026: Dispatch Server: Accepted socket connection from client
Tue Aug 18 03:50:37 2026: Starting Socket connection
Tue Aug 18 03:50:57 2026: Dispatch Server: Accepted socket connection from client
Tue Aug 18 03:50:57 2026: Starting Socket connection
Tue Aug 18 03:56:08 2026: Dispatch Server: Accepted socket connection from client
Tue Aug 18 03:56:08 2026: Starting Socket connection
Tue Aug 18 03:56:08 2026: Dispatch Server: Accepted socket connection from client
Tue Aug 18 03:56:08 2026: Starting Socket connection
Tue Aug 18 03:56:08 2026: Dispatch Server: Accepted socket connection from client
Tue Aug 18 03:56:08 2026: Starting Socket connection
Tue Aug 18 03:56:08 2026: Dispatch Server: Accepted socket connection from client
Tue Aug 18 03:56:08 2026: Starting Socket connection
Tue Aug 18 03:56:08 2026: Dispatch Server: Accepted socket connection from client
Tue Aug 18 03:56:08 2026: Starting Socket connection
Tue Aug 18 03:56:08 2026: Dispatch Server: Accepted socket connection from client
Tue Aug 18 03:56:08 2026: Starting Socket connection
Tue Aug 18 03:56:08 2026: Dispatch Server: Accepted socket connection from client
Tue Aug 18 03:56:08 2026: Starting Socket connection
Tue Aug 18 03:56:09 2026: Dispatch Server: Accepted socket connection from client
Tue Aug 18 03:56:09 2026: Starting Socket connection
Tue Aug 18 03:57:41 2026: Dispatch Server: Accepted socket connection from client
Tue Aug 18 03:57:41 2026: Starting Socket connection
Tue Aug 18 03:57:41 2026: Dispatch Server: Accepted socket connection from client
Tue Aug 18 03:57:41 2026: Starting Socket connection
Tue Aug 18 03:57:43 2026: Dispatch Server: Accepted socket connection from client
Tue Aug 18 03:57:43 2026: Starting Socket connection
Tue Aug 18 03:57:44 2026: Dispatch Server: Accepted socket connection from client
Tue Aug 18 03:57:44 2026: Starting Socket connection
Tue Aug 18 03:57:46 2026: Dispatch Server: Accepted socket connection from client
Tue Aug 18 03:57:46 2026: Starting Socket connection
Tue Aug 18 03:57:47 2026: Dispatch Server: Accepted socket connection from client
Tue Aug 18 03:57:47 2026: Starting Socket connection
Tue Aug 18 03:58:04 2026: Dispatch Server: Accepted socket connection from client
Tue Aug 18 03:58:04 2026: Starting Socket connection
Tue Aug 18 03:58:40 2026: Dispatch Server: Accepted socket connection from client
Tue Aug 18 03:58:40 2026: Starting Socket connection
Tue Aug 18 03:58:44 2026: Dispatch Server: Accepted socket connection from client
Tue Aug 18 03:58:44 2026: Starting Socket connection
Tue Aug 18 03:59:13 2026: Dispatch Server: Accepted socket connection from client
Tue Aug 18 03:59:13 2026: Starting Socket connection
Tue Aug 18 03:59:24 2026: Dispatch Server: Accepted socket connection from client
Tue Aug 18 03:59:24 2026: Starting Socket connection
Tue Aug 18 03:59:34 2026: Dispatch Server: Accepted socket connection from client
Tue Aug 18 03:59:34 2026: Starting Socket connection
Tue Aug 18 03:59:35 2026: Dispatch Server: Accepted socket connection from client
Tue Aug 18 03:59:35 2026: Starting Socket connection
Tue Aug 18 03:59:38 2026: Dispatch Server: Accepted socket connection from client
Tue Aug 18 03:59:38 2026: Starting Socket connection
Tue Aug 18 03:59:53 2026: Dispatch Server: Accepted socket connection from client
Tue Aug 18 03:59:53 2026: Starting Socket connection
Tue Aug 18 04:00:02 2026: Dispatch Server: Accepted socket connection from client
Tue Aug 18 04:00:02 2026: Starting Socket connection
Tue Aug 18 04:00:11 2026: Dispatch Server: Accepted socket connection from client
Tue Aug 18 04:00:11 2026: Starting Socket connection
Tue Aug 18 04:00:16 2026: Dispatch Server: Accepted socket connection from client
Tue Aug 18 04:00:16 2026: Starting Socket connection
Tue Aug 18 04:01:14 2026: Dispatch Server: Accepted socket connection from client
Tue Aug 18 04:01:14 2026: Starting Socket connection
Tue Aug 18 04:01:17 2026: Dispatch Server: Accepted socket connection from client
Tue Aug 18 04:01:17 2026: Starting Socket connection
Tue Aug 18 04:01:28 2026: Dispatch Server: Accepted socket connection from client
Tue Aug 18 04:01:28 2026: Starting Socket connection
Tue Aug 18 04:01:30 2026: Dispatch Server: Accepted socket connection from client
Tue Aug 18 04:01:30 2026: Starting Socket connection
Tue Aug 18 04:01:35 2026: Dispatch Server: Accepted socket connection from client
Tue Aug 18 04:01:35 2026: Starting Socket connection
Tue Aug 18 04:01:42 2026: Dispatch Server: Accepted socket connection from client
Tue Aug 18 04:01:42 2026: Starting Socket connection
Tue Aug 18 04:01:51 2026: Dispatch Server: Accepted socket connection from client
Tue Aug 18 04:01:51 2026: Starting Socket connection
Tue Aug 18 04:02:32 2026: Dispatch Server: Accepted socket connection from client
Tue Aug 18 04:02:32 2026: Starting Socket connection
Tue Aug 18 04:02:46 2026: Dispatch Server: Accepted socket connection from client
Tue Aug 18 04:02:46 2026: Starting Socket connection
Tue Aug 18 04:02:55 2026: Dispatch Server: Accepted socket connection from client
Tue Aug 18 04:02:55 2026: Starting Socket connection
Tue Aug 18 04:03:04 2026: Dispatch Server: Accepted socket connection from client
Tue Aug 18 04:03:04 2026: Starting Socket connection
Tue Aug 18 04:03:08 2026: Dispatch Server: Accepted socket connection from client
Tue Aug 18 04:03:08 2026: Starting Socket connection
Tue Aug 18 04:03:09 2026: Dispatch Server: Accepted socket connection from client
Tue Aug 18 04:03:09 2026: Starting Socket connection
Tue Aug 18 04:03:22 2026: Dispatch Server: Accepted socket connection from client
Tue Aug 18 04:03:22 2026: Starting Socket connection
Tue Aug 18 04:04:02 2026: Dispatch Server: Accepted socket connection from client
Tue Aug 18 04:04:02 2026: Starting Socket connection
Tue Aug 18 04:04:17 2026: Dispatch Server: Accepted socket connection from client
Tue Aug 18 04:04:17 2026: Starting Socket connection
Tue Aug 18 04:04:28 2026: Dispatch Server: Accepted socket connection from client
Tue Aug 18 04:04:28 2026: Starting Socket connection
Tue Aug 18 04:04:30 2026: Dispatch Server: Accepted socket connection from client
Tue Aug 18 04:04:30 2026: Starting Socket connection
Tue Aug 18 04:04:41 2026: Dispatch Server: Accepted socket connection from client
Tue Aug 18 04:04:41 2026: Starting Socket connection
Tue Aug 18 04:04:51 2026: Dispatch Server: Accepted socket connection from client
Tue Aug 18 04:04:51 2026: Starting Socket connection
Tue Aug 18 04:04:54 2026: Dispatch Server: Accepted socket connection from client
Tue Aug 18 04:04:54 2026: Starting Socket connection
Tue Aug 18 04:05:14 2026: Dispatch Server: Accepted socket connection from client
Tue Aug 18 04:05:14 2026: Starting Socket connection
Tue Aug 18 04:05:34 2026: Dispatch Server: Accepted socket connection from client
Tue Aug 18 04:05:34 2026: Starting Socket connection
Tue Aug 18 04:05:35 2026: Dispatch Server: Accepted socket connection from client
Tue Aug 18 04:05:35 2026: Starting Socket connection
Tue Aug 18 04:05:44 2026: Dispatch Server: Accepted socket connection from client
Tue Aug 18 04:05:44 2026: Starting Socket connection
Tue Aug 18 04:05:49 2026: Dispatch Server: Accepted socket connection from client
Tue Aug 18 04:05:49 2026: Starting Socket connection
Tue Aug 18 04:05:53 2026: Dispatch Server: Accepted socket connection from client
Tue Aug 18 04:05:53 2026: Starting Socket connection
Tue Aug 18 04:06:13 2026: Dispatch Server: Accepted socket connection from client
Tue Aug 18 04:06:13 2026: Starting Socket connection
Tue Aug 18 04:06:30 2026: Dispatch Server: Accepted socket connection from client
Tue Aug 18 04:06:30 2026: Starting Socket connection
Tue Aug 18 04:07:03 2026: Dispatch Server: Accepted socket connection from client
Tue Aug 18 04:07:03 2026: Starting Socket connection
Tue Aug 18 04:07:05 2026: Dispatch Server: Accepted socket connection from client
Tue Aug 18 04:07:05 2026: Starting Socket connection
Tue Aug 18 04:07:15 2026: Dispatch Server: Accepted socket connection from client
Tue Aug 18 04:07:15 2026: Starting Socket connection
Tue Aug 18 04:07:23 2026: Dispatch Server: Accepted socket connection from client
Tue Aug 18 04:07:23 2026: Starting Socket connection
Tue Aug 18 04:07:23 2026: Dispatch Server: Accepted socket connection from client
Tue Aug 18 04:07:23 2026: Starting Socket connection
Tue Aug 18 04:07:44 2026: Dispatch Server: Accepted socket connection from client
Tue Aug 18 04:07:44 2026: Starting Socket connection
Tue Aug 18 04:10:58 2026: Dispatch Server: Accepted socket connection from client
Tue Aug 18 04:10:58 2026: Starting Socket connection
Tue Aug 18 04:13:02 2026: Dispatch Server: Accepted socket connection from client
Tue Aug 18 04:13:02 2026: Starting Socket connection
Tue Aug 18 04:29:42 2026: Dispatch Server: Accepted socket connection from client
Tue Aug 18 04:29:42 2026: Starting Socket connection
Tue Aug 18 05:49:02 2026: SESSION_MGR: closing session for UUID '4e398bba-c3a4-4002-8963-d06add26282a' with name 'v++_link_file_sum64'
Tue Aug 18 05:49:02 2026: KERNEL_SVC: closing session for UUID '4e398bba-c3a4-4002-8963-d06add26282a' with name 'v++_link_file_sum64'
Tue Aug 18 05:49:02 2026: GUIDANCE_SMGR: closing session for UUID '4e398bba-c3a4-4002-8963-d06add26282a' with name 'v++_link_file_sum64'
Tue Aug 18 05:49:02 2026: SYSTEM_DIAGRAM: closing session for UUID '4e398bba-c3a4-4002-8963-d06add26282a' with name 'v++_link_file_sum64'
Tue Aug 18 05:49:02 2026: STOP_SERVER received, server token: 828c88af-1f0c-4615-8e98-d3a3346df8f7, passed token: 828c88af-1f0c-4615-8e98-d3a3346df8f7
Tue Aug 18 05:49:02 2026: Socket received request to stop server.
Tue Aug 18 05:49:02 2026: Dispatch Server: do_await_stop
Tue Aug 18 05:49:02 2026: Dispatch Server: stopping mainFifo_
Tue Aug 18 05:49:02 2026: XCD main fifo: Stopping
Tue Aug 18 05:49:02 2026: XCD main fifo: do_read error code: Operation canceled
Tue Aug 18 05:49:02 2026: XCD main fifo: bytes_transferred: 0
Tue Aug 18 05:49:02 2026: SERVER: destructor for server bound to port 42595
Tue Aug 18 05:49:02 2026: XCD main fifo: Good unlink of /tmp/xcdmain828c88af-1f0c-4615-8e98-d3a3346df8f7
Tue Aug 18 05:49:02 2026: Server exiting with status 0.
Tue Aug 18 05:49:02 2026: Closing log file.
