Copyright 1986-2023 Xilinx, Inc. All Rights Reserved.
-----------------------------------------------------------------------------------------------------------------------
| Tool Version : Vivado v.2022.2.2 (lin64) Build 3788238 Tue Feb 21 19:59:23 MST 2023
| Date         : Tue Aug 18 04:10:35 2026
| Host         : tan10 running 64-bit Ubuntu 20.04.6 LTS
| Command      : report_utilization -file ulp_ddrmem_1_0_utilization_synth.rpt -pb ulp_ddrmem_1_0_utilization_synth.pb
| Design       : ulp_ddrmem_1_0
| Device       : xcku15p-ffva1156-2LV-e
| Speed File   : -2LV
| Design State : Synthesized
-----------------------------------------------------------------------------------------------------------------------

Utilization Design Information

Table of Contents
-----------------
1. CLB Logic
1.1 Summary of Registers by Type
2. BLOCKRAM
3. ARITHMETIC
4. I/O
5. CLOCK
6. ADVANCED
7. CONFIGURATION
8. Primitives
9. Black Boxes
10. Instantiated Netlists

1. CLB Logic
------------

+----------------------------+-------+-------+------------+-----------+-------+
|          Site Type         |  Used | Fixed | Prohibited | Available | Util% |
+----------------------------+-------+-------+------------+-----------+-------+
| CLB LUTs*                  | 22334 |     0 |          0 |    522720 |  4.27 |
|   LUT as Logic             | 20471 |     0 |          0 |    522720 |  3.92 |
|   LUT as Memory            |  1863 |     0 |          0 |    161280 |  1.16 |
|     LUT as Distributed RAM |  1164 |     0 |            |           |       |
|     LUT as Shift Register  |   699 |     0 |            |           |       |
| CLB Registers              | 25302 |     2 |          0 |   1045440 |  2.42 |
|   Register as Flip Flop    | 25301 |     2 |          0 |   1045440 |  2.42 |
|   Register as Latch        |     0 |     0 |          0 |   1045440 |  0.00 |
|   Register as AND/OR       |     1 |     0 |          0 |   1045440 | <0.01 |
| CARRY8                     |    58 |     0 |          0 |     65340 |  0.09 |
| F7 Muxes                   |   415 |     0 |          0 |    261360 |  0.16 |
| F8 Muxes                   |    66 |     0 |          0 |    130680 |  0.05 |
| F9 Muxes                   |     0 |     0 |          0 |     65340 |  0.00 |
+----------------------------+-------+-------+------------+-----------+-------+
* Warning! The Final LUT count, after physical optimizations and full implementation, is typically lower. Run opt_design after synthesis, if not already completed, for a more realistic count.
Warning! LUT value is adjusted to account for LUT combining.


1.1 Summary of Registers by Type
--------------------------------

+-------+--------------+-------------+--------------+
| Total | Clock Enable | Synchronous | Asynchronous |
+-------+--------------+-------------+--------------+
| 1     |            _ |           - |            - |
| 0     |            _ |           - |          Set |
| 0     |            _ |           - |        Reset |
| 0     |            _ |         Set |            - |
| 0     |            _ |       Reset |            - |
| 0     |          Yes |           - |            - |
| 2     |          Yes |           - |          Set |
| 0     |          Yes |           - |        Reset |
| 512   |          Yes |         Set |            - |
| 24787 |          Yes |       Reset |            - |
+-------+--------------+-------------+--------------+


2. BLOCKRAM
-----------

+-------------------+------+-------+------------+-----------+-------+
|     Site Type     | Used | Fixed | Prohibited | Available | Util% |
+-------------------+------+-------+------------+-----------+-------+
| Block RAM Tile    | 25.5 |     0 |          0 |       984 |  2.59 |
|   RAMB36/FIFO*    |   25 |     0 |          0 |       984 |  2.54 |
|     RAMB36E2 only |   25 |       |            |           |       |
|   RAMB18          |    1 |     0 |          0 |      1968 |  0.05 |
|     RAMB18E2 only |    1 |       |            |           |       |
| URAM              |    0 |     0 |          0 |       128 |  0.00 |
+-------------------+------+-------+------------+-----------+-------+
* Note: Each Block RAM Tile only has one FIFO logic available and therefore can accommodate only one FIFO36E2 or one FIFO18E2. However, if a FIFO18E2 occupies a Block RAM Tile, that tile can still accommodate a RAMB18E2


3. ARITHMETIC
-------------

+----------------+------+-------+------------+-----------+-------+
|    Site Type   | Used | Fixed | Prohibited | Available | Util% |
+----------------+------+-------+------------+-----------+-------+
| DSPs           |    3 |     0 |          0 |      1968 |  0.15 |
|   DSP48E2 only |    3 |       |            |           |       |
+----------------+------+-------+------------+-----------+-------+


4. I/O
------

+------------+------+-------+------------+-----------+-------+
|  Site Type | Used | Fixed | Prohibited | Available | Util% |
+------------+------+-------+------------+-----------+-------+
| Bonded IOB |  126 |     0 |          0 |       516 | 24.42 |
+------------+------+-------+------------+-----------+-------+


5. CLOCK
--------

+----------------------+------+-------+------------+-----------+-------+
|       Site Type      | Used | Fixed | Prohibited | Available | Util% |
+----------------------+------+-------+------------+-----------+-------+
| GLOBAL CLOCK BUFFERs |    9 |     0 |          0 |       940 |  0.96 |
|   BUFGCE             |    9 |     0 |          0 |       280 |  3.21 |
|   BUFGCE_DIV         |    0 |     0 |          0 |        44 |  0.00 |
|   BUFG_GT            |    0 |     0 |          0 |       456 |  0.00 |
|   BUFG_PS            |    0 |     0 |          0 |        72 |  0.00 |
|   BUFGCTRL*          |    0 |     0 |          0 |        88 |  0.00 |
| PLL                  |    3 |     0 |          0 |        22 | 13.64 |
| MMCM                 |    1 |     0 |          0 |        11 |  9.09 |
+----------------------+------+-------+------------+-----------+-------+
* Note: Each used BUFGCTRL counts as two GLOBAL CLOCK BUFFERs. This table does not include global clocking resources, only buffer cell usage. See the Clock Utilization Report (report_clock_utilization) for detailed accounting of global clocking resource availability.


6. ADVANCED
-----------

+-----------------+------+-------+------------+-----------+-------+
|    Site Type    | Used | Fixed | Prohibited | Available | Util% |
+-----------------+------+-------+------------+-----------+-------+
| CMACE4          |    0 |     0 |          0 |         4 |  0.00 |
| GTHE4_CHANNEL   |    0 |     0 |          0 |        20 |  0.00 |
| GTHE4_COMMON    |    0 |     0 |          0 |         5 |  0.00 |
| GTYE4_CHANNEL   |    0 |     0 |          0 |         8 |  0.00 |
| GTYE4_COMMON    |    0 |     0 |          0 |         2 |  0.00 |
| ILKNE4          |    0 |     0 |          0 |         4 |  0.00 |
| OBUFDS_GTE4     |    0 |     0 |          0 |        14 |  0.00 |
| OBUFDS_GTE4_ADV |    0 |     0 |          0 |        14 |  0.00 |
| PCIE40E4        |    0 |     0 |          0 |         5 |  0.00 |
| SYSMONE4        |    0 |     0 |          0 |         1 |  0.00 |
+-----------------+------+-------+------------+-----------+-------+


7. CONFIGURATION
----------------

+-------------+------+-------+------------+-----------+-------+
|  Site Type  | Used | Fixed | Prohibited | Available | Util% |
+-------------+------+-------+------------+-----------+-------+
| BSCANE2     |    0 |     0 |          0 |         4 |  0.00 |
| DNA_PORTE2  |    0 |     0 |          0 |         1 |  0.00 |
| EFUSE_USR   |    0 |     0 |          0 |         1 |  0.00 |
| FRAME_ECCE4 |    0 |     0 |          0 |         1 |  0.00 |
| ICAPE3      |    0 |     0 |          0 |         2 |  0.00 |
| MASTER_JTAG |    0 |     0 |          0 |         1 |  0.00 |
| STARTUPE3   |    0 |     0 |          0 |         1 |  0.00 |
+-------------+------+-------+------------+-----------+-------+


8. Primitives
-------------

+------------------+-------+---------------------+
|     Ref Name     |  Used | Functional Category |
+------------------+-------+---------------------+
| FDRE             | 24787 |            Register |
| LUT6             |  7837 |                 CLB |
| LUT3             |  7676 |                 CLB |
| LUT5             |  4931 |                 CLB |
| LUT4             |  2938 |                 CLB |
| LUT2             |  1898 |                 CLB |
| RAMD32           |  1746 |                 CLB |
| SRLC32E          |   604 |                 CLB |
| RAMS32           |   582 |                 CLB |
| FDSE             |   512 |            Register |
| LUT1             |   496 |                 CLB |
| MUXF7            |   415 |                 CLB |
| RXTX_BITSLICE    |   115 |                 I/O |
| SRL16E           |    95 |                 CLB |
| IBUFCTRL         |    90 |              Others |
| OBUFT_DCIEN      |    81 |                 I/O |
| INBUF            |    81 |                 I/O |
| MUXF8            |    66 |                 CLB |
| CARRY8           |    58 |                 CLB |
| OBUF             |    27 |                 I/O |
| RAMB36E2         |    25 |            BLOCKRAM |
| TX_BITSLICE_TRI  |    22 |                 I/O |
| BITSLICE_CONTROL |    22 |                 I/O |
| OBUFT            |    18 |                 I/O |
| RIU_OR           |    11 |                 I/O |
| INV              |    10 |                 CLB |
| HPIO_VREF        |     9 |                 I/O |
| DIFFINBUF        |     9 |                 I/O |
| BUFGCE           |     9 |               Clock |
| PLLE4_ADV        |     3 |               Clock |
| DSP48E2          |     3 |          Arithmetic |
| FDPE             |     2 |            Register |
| RAMB18E2         |     1 |            BLOCKRAM |
| MMCME4_ADV       |     1 |               Clock |
| AND2B1L          |     1 |              Others |
+------------------+-------+---------------------+


9. Black Boxes
--------------

+----------+------+
| Ref Name | Used |
+----------+------+


10. Instantiated Netlists
-------------------------

+----------+------+
| Ref Name | Used |
+----------+------+


