
****** Vitis HLS - High-Level Synthesis from C, C++ and OpenCL v2022.2.2 (64-bit)
  **** SW Build 3779808 on Feb 17 2023
  **** IP Build 3783773 on Tue Feb 21 23:41:56 MST 2023
    ** Copyright 1986-2023 Xilinx, Inc. All Rights Reserved.

source /home/dess/workspace/Xilinx/Vitis_HLS/2022.2/scripts/vitis_hls/hls.tcl -notrace
INFO: [HLS 200-10] Running '/home/dess/workspace/Xilinx/Vitis_HLS/2022.2/bin/unwrapped/lnx64.o/vitis_hls'
INFO: [HLS 200-10] For user 'uni' on host 'tan10' (Linux_x86_64 version 5.15.0-139-generic) on Tue Aug 18 03:46:49 PDT 2026
INFO: [HLS 200-10] On os Ubuntu 20.04.6 LTS
INFO: [HLS 200-10] In directory '/home/uni/project/smartssd/host_file_sum64/_x/file_sum64/file_sum64'
Sourcing Tcl script 'file_sum64.tcl'
INFO: [HLS 200-1510] Running: open_project file_sum64 
INFO: [HLS 200-10] Creating and opening project '/home/uni/project/smartssd/host_file_sum64/_x/file_sum64/file_sum64/file_sum64'.
INFO: [HLS 200-1510] Running: set_top file_sum64 
INFO: [HLS 200-1510] Running: add_files /home/uni/project/smartssd/host_file_sum64/src/file_sum64.cpp 
INFO: [HLS 200-10] Adding design file '/home/uni/project/smartssd/host_file_sum64/src/file_sum64.cpp' to the project
INFO: [HLS 200-1510] Running: open_solution -flow_target vitis solution 
INFO: [HLS 200-10] Creating and opening solution '/home/uni/project/smartssd/host_file_sum64/_x/file_sum64/file_sum64/file_sum64/solution'.
INFO: [HLS 200-1505] Using flow_target 'vitis'
Resolution: For help on HLS 200-1505 see www.xilinx.com/cgi-bin/docs/rdoc?v=2022.2;t=hls+guidance;d=200-1505.html
INFO: [HLS 200-435] Setting 'open_solution -flow_target vitis' configuration: config_interface -m_axi_latency=64
INFO: [HLS 200-435] Setting 'open_solution -flow_target vitis' configuration: config_interface -m_axi_alignment_byte_size=64
INFO: [HLS 200-435] Setting 'open_solution -flow_target vitis' configuration: config_interface -m_axi_max_widen_bitwidth=512
INFO: [HLS 200-435] Setting 'open_solution -flow_target vitis' configuration: config_rtl -register_reset_num=3
INFO: [HLS 200-1510] Running: set_part xcku15p-ffva1156-2LV-e 
INFO: [HLS 200-1611] Setting target device to 'xcku15p-ffva1156-2LV-e'
INFO: [HLS 200-1510] Running: create_clock -period 300MHz -name default 
INFO: [SYN 201-201] Setting up clock 'default' with a period of 3.333ns.
INFO: [HLS 200-1510] Running: config_dataflow -strict_mode warning 
INFO: [HLS 200-1510] Running: config_export -deadlock_detection sim 
WARNING: [HLS 200-483] The 'config_export -deadlock_detection' command is deprecated and will be removed in a future release. Use 'config_rtl -deadlock_detection' as its replacement.
INFO: [HLS 200-1907] Replacing 'config_export -deadlock_detection=sim' with 'config_rtl -deadlock_detection=sim' in current solution file
INFO: [HLS 200-1510] Running: config_interface -m_axi_conservative_mode=1 
INFO: [HLS 200-1510] Running: config_interface -m_axi_addr64 
INFO: [HLS 200-1510] Running: config_interface -m_axi_auto_max_ports=0 
INFO: [HLS 200-1510] Running: config_export -format xo -ipname file_sum64 
INFO: [HLS 200-1907] Replacing 'config_export -deadlock_detection=sim' with 'config_rtl -deadlock_detection=sim' in current solution file
INFO: [HLS 200-1510] Running: csynth_design 
INFO: [HLS 200-111] Finished File checks and directory preparation: CPU user time: 0.01 seconds. CPU system time: 0.01 seconds. Elapsed time: 0.01 seconds; current allocated memory: 877.504 MB.
INFO: [HLS 200-10] Analyzing design file '/home/uni/project/smartssd/host_file_sum64/src/file_sum64.cpp' ... 
INFO: [HLS 200-111] Finished Source Code Analysis and Preprocessing: CPU user time: 0.35 seconds. CPU system time: 0.64 seconds. Elapsed time: 0.99 seconds; current allocated memory: 878.762 MB.
INFO: [HLS 200-777] Using interface defaults for 'Vitis' flow target.
INFO: [HLS 214-115] Multiple burst reads of variable length and bit width 64 in loop 'sum_loop'(/home/uni/project/smartssd/host_file_sum64/src/file_sum64.cpp:17:5) has been inferred on bundle 'gmem0'. These burst requests might be further partitioned into multiple requests during RTL generation, based on max_read_burst_length or max_write_burst_length settings. (/home/uni/project/smartssd/host_file_sum64/src/file_sum64.cpp:17:5)
INFO: [HLS 200-111] Finished Compiling Optimization and Transform: CPU user time: 4.65 seconds. CPU system time: 0.76 seconds. Elapsed time: 5.42 seconds; current allocated memory: 879.809 MB.
INFO: [HLS 200-111] Finished Checking Pragmas: CPU user time: 0 seconds. CPU system time: 0 seconds. Elapsed time: 0 seconds; current allocated memory: 879.809 MB.
INFO: [HLS 200-10] Starting code transformations ...
INFO: [HLS 200-111] Finished Standard Transforms: CPU user time: 0.01 seconds. CPU system time: 0 seconds. Elapsed time: 0.01 seconds; current allocated memory: 880.406 MB.
INFO: [HLS 200-10] Checking synthesizability ...
INFO: [HLS 200-111] Finished Checking Synthesizability: CPU user time: 0.01 seconds. CPU system time: 0 seconds. Elapsed time: 0.01 seconds; current allocated memory: 880.473 MB.
INFO: [HLS 200-111] Finished Loop, function and other optimizations: CPU user time: 0.03 seconds. CPU system time: 0.01 seconds. Elapsed time: 0.05 seconds; current allocated memory: 901.246 MB.
INFO: [HLS 200-111] Finished Architecture Synthesis: CPU user time: 0.03 seconds. CPU system time: 0 seconds. Elapsed time: 0.03 seconds; current allocated memory: 901.246 MB.
INFO: [HLS 200-10] Starting hardware synthesis ...
INFO: [HLS 200-10] Synthesizing 'file_sum64' ...
INFO: [HLS 200-10] ----------------------------------------------------------------
INFO: [HLS 200-42] -- Implementing module 'file_sum64_Pipeline_sum_loop' 
INFO: [HLS 200-10] ----------------------------------------------------------------
INFO: [SCHED 204-11] Starting scheduling ...
INFO: [SCHED 204-61] Pipelining loop 'sum_loop'.
INFO: [HLS 200-1470] Pipelining result : Target II = 1, Final II = 1, Depth = 3, loop 'sum_loop'
INFO: [SCHED 204-11] Finished scheduling.
INFO: [HLS 200-111] Finished Scheduling: CPU user time: 0.05 seconds. CPU system time: 0.06 seconds. Elapsed time: 0.1 seconds; current allocated memory: 902.352 MB.
INFO: [BIND 205-100] Starting micro-architecture generation ...
INFO: [BIND 205-101] Performing variable lifetime analysis.
INFO: [BIND 205-101] Exploring resource sharing.
INFO: [BIND 205-101] Binding ...
INFO: [BIND 205-100] Finished micro-architecture generation.
INFO: [HLS 200-111] Finished Binding: CPU user time: 0.03 seconds. CPU system time: 0 seconds. Elapsed time: 0.03 seconds; current allocated memory: 902.352 MB.
INFO: [HLS 200-10] ----------------------------------------------------------------
INFO: [HLS 200-42] -- Implementing module 'file_sum64' 
INFO: [HLS 200-10] ----------------------------------------------------------------
INFO: [SCHED 204-11] Starting scheduling ...
INFO: [SCHED 204-11] Finished scheduling.
INFO: [HLS 200-111] Finished Scheduling: CPU user time: 0.33 seconds. CPU system time: 0 seconds. Elapsed time: 0.34 seconds; current allocated memory: 902.668 MB.
INFO: [BIND 205-100] Starting micro-architecture generation ...
INFO: [BIND 205-101] Performing variable lifetime analysis.
INFO: [BIND 205-101] Exploring resource sharing.
INFO: [BIND 205-101] Binding ...
INFO: [BIND 205-100] Finished micro-architecture generation.
INFO: [HLS 200-111] Finished Binding: CPU user time: 0.82 seconds. CPU system time: 0 seconds. Elapsed time: 0.82 seconds; current allocated memory: 902.668 MB.
INFO: [HLS 200-10] ----------------------------------------------------------------
INFO: [HLS 200-10] -- Generating RTL for module 'file_sum64_Pipeline_sum_loop' 
INFO: [HLS 200-10] ----------------------------------------------------------------
INFO: [HLS 200-1030] Apply Unified Pipeline Control on module 'file_sum64_Pipeline_sum_loop' pipeline 'sum_loop' pipeline type 'loop pipeline'
WARNING: [RTGEN 206-101] Setting dangling out port 'file_sum64_Pipeline_sum_loop/m_axi_gmem0_ARVALID' to 0.
WARNING: [RTGEN 206-101] Setting dangling out port 'file_sum64_Pipeline_sum_loop/m_axi_gmem0_ARADDR' to 0.
WARNING: [RTGEN 206-101] Setting dangling out port 'file_sum64_Pipeline_sum_loop/m_axi_gmem0_ARID' to 0.
WARNING: [RTGEN 206-101] Setting dangling out port 'file_sum64_Pipeline_sum_loop/m_axi_gmem0_ARLEN' to 0.
WARNING: [RTGEN 206-101] Setting dangling out port 'file_sum64_Pipeline_sum_loop/m_axi_gmem0_ARSIZE' to 0.
WARNING: [RTGEN 206-101] Setting dangling out port 'file_sum64_Pipeline_sum_loop/m_axi_gmem0_ARBURST' to 0.
WARNING: [RTGEN 206-101] Setting dangling out port 'file_sum64_Pipeline_sum_loop/m_axi_gmem0_ARLOCK' to 0.
WARNING: [RTGEN 206-101] Setting dangling out port 'file_sum64_Pipeline_sum_loop/m_axi_gmem0_ARCACHE' to 0.
WARNING: [RTGEN 206-101] Setting dangling out port 'file_sum64_Pipeline_sum_loop/m_axi_gmem0_ARPROT' to 0.
WARNING: [RTGEN 206-101] Setting dangling out port 'file_sum64_Pipeline_sum_loop/m_axi_gmem0_ARQOS' to 0.
WARNING: [RTGEN 206-101] Setting dangling out port 'file_sum64_Pipeline_sum_loop/m_axi_gmem0_ARREGION' to 0.
WARNING: [RTGEN 206-101] Setting dangling out port 'file_sum64_Pipeline_sum_loop/m_axi_gmem0_ARUSER' to 0.
INFO: [RTGEN 206-100] Finished creating RTL model for 'file_sum64_Pipeline_sum_loop'.
INFO: [HLS 200-111] Finished Creating RTL model: CPU user time: 0.14 seconds. CPU system time: 0.01 seconds. Elapsed time: 0.15 seconds; current allocated memory: 902.883 MB.
INFO: [HLS 200-10] ----------------------------------------------------------------
INFO: [HLS 200-10] -- Generating RTL for module 'file_sum64' 
INFO: [HLS 200-10] ----------------------------------------------------------------
WARNING: [RTGEN 206-101] Design contains AXI ports. Reset is fixed to synchronous and active low.
INFO: [RTGEN 206-500] Setting interface mode on port 'file_sum64/gmem0' to 'm_axi'.
INFO: [RTGEN 206-500] Setting interface mode on port 'file_sum64/gmem1' to 'm_axi'.
INFO: [RTGEN 206-500] Setting interface mode on port 'file_sum64/input_r' to 's_axilite & ap_none'.
INFO: [RTGEN 206-500] Setting interface mode on port 'file_sum64/word_count' to 's_axilite & ap_none'.
INFO: [RTGEN 206-500] Setting interface mode on port 'file_sum64/sum_out' to 's_axilite & ap_none'.
INFO: [RTGEN 206-500] Setting interface mode on function 'file_sum64' to 's_axilite & ap_ctrl_chain'.
INFO: [RTGEN 206-100] Bundling port 'input_r', 'word_count', 'sum_out' to AXI-Lite port control.
INFO: [RTGEN 206-100] Finished creating RTL model for 'file_sum64'.
INFO: [HLS 200-111] Finished Creating RTL model: CPU user time: 0.13 seconds. CPU system time: 0 seconds. Elapsed time: 0.14 seconds; current allocated memory: 906.387 MB.
INFO: [HLS 200-111] Finished Generating all RTL models: CPU user time: 0.41 seconds. CPU system time: 0.04 seconds. Elapsed time: 0.45 seconds; current allocated memory: 910.332 MB.
INFO: [HLS 200-1603] Design has inferred MAXI bursts and missed bursts, see Vitis HLS GUI synthesis summary report for detailed information.
INFO: [HLS 200-111] Finished Updating report files: CPU user time: 0.83 seconds. CPU system time: 0.03 seconds. Elapsed time: 0.86 seconds; current allocated memory: 915.520 MB.
INFO: [VHDL 208-304] Generating VHDL RTL for file_sum64.
INFO: [VLOG 209-307] Generating Verilog RTL for file_sum64.
INFO: [HLS 200-790] **** Loop Constraint Status: All loop constraints were satisfied.
INFO: [HLS 200-789] **** Estimated Fmax: 411.00 MHz
INFO: [HLS 200-111] Finished Command csynth_design CPU user time: 7.85 seconds. CPU system time: 1.56 seconds. Elapsed time: 9.43 seconds; current allocated memory: 38.016 MB.
INFO: [HLS 200-1510] Running: export_design 
INFO: [IMPL 213-8] Exporting RTL as a Vivado IP.

****** Vivado v2022.2.2 (64-bit)
  **** SW Build 3788238 on Tue Feb 21 19:59:23 MST 2023
  **** IP Build 3783773 on Tue Feb 21 23:41:56 MST 2023
    ** Copyright 1986-2023 Xilinx, Inc. All Rights Reserved.

source run_ippack.tcl -notrace
ipx::create_core: Time (s): cpu = 00:00:08 ; elapsed = 00:00:08 . Memory (MB): peak = 1856.566 ; gain = 86.023 ; free physical = 121167 ; free virtual = 246548
INFO: [IP_Flow 19-234] Refreshing IP repositories
INFO: [IP_Flow 19-1704] No user IP repositories specified
INFO: [IP_Flow 19-2313] Loaded Vivado IP repository '/home/dess/workspace/Xilinx/Vivado/2022.2/data/ip'.
Running package_xo -xo_path /home/uni/project/smartssd/host_file_sum64/_x/file_sum64/file_sum64/file_sum64/solution/impl/export.xo -kernel_name file_sum64 -kernel_xml /home/uni/project/smartssd/host_file_sum64/_x/file_sum64/file_sum64/file_sum64/solution/impl/ip/../kernel/kernel.xml -kernel_files /home/uni/project/smartssd/host_file_sum64/src/file_sum64.cpp -ip_directory /home/uni/project/smartssd/host_file_sum64/_x/file_sum64/file_sum64/file_sum64/solution/impl/ip/ip_unzip_dir -design_xml /home/uni/project/smartssd/host_file_sum64/_x/file_sum64/file_sum64/file_sum64/solution/.autopilot/db/file_sum64.design.xml -debug_directory /home/uni/project/smartssd/host_file_sum64/_x/file_sum64/file_sum64/file_sum64/solution/.debug -hls_directory /home/uni/project/smartssd/host_file_sum64/_x/file_sum64/file_sum64/file_sum64/solution/impl/ip/hls_files
INFO: [Common 17-206] Exiting Vivado at Tue Aug 18 03:47:22 2026...
INFO: [HLS 200-802] Generated output file file_sum64/solution/impl/export.xo
INFO: [HLS 200-111] Finished Command export_design CPU user time: 20.62 seconds. CPU system time: 1.62 seconds. Elapsed time: 20.71 seconds; current allocated memory: 6.770 MB.
INFO: [HLS 200-1510] Running: close_project 
HLS completed successfully
INFO: [HLS 200-112] Total CPU user time: 32.7 seconds. Total CPU system time: 3.85 seconds. Total elapsed time: 34.74 seconds; peak allocated memory: 922.289 MB.
INFO: [Common 17-206] Exiting vitis_hls at Tue Aug 18 03:47:23 2026...
