INFO: [v++ 60-1306] Additional information associated with this v++ compile can be found at:
	Reports: /home/uni/project/Dess/file_sum64/_x/reports/file_sum64
	Log files: /home/uni/project/Dess/file_sum64/_x/logs/file_sum64
INFO: [v++ 60-1548] Creating build summary session with primary output /home/uni/project/Dess/file_sum64/build/file_sum64.xo.compile_summary, at Fri Aug 21 01:03:12 2026
INFO: [v++ 60-1315] Creating rulecheck session with output '/home/uni/project/Dess/file_sum64/_x/reports/file_sum64/v++_compile_file_sum64_guidance.html', at Fri Aug 21 01:03:12 2026
INFO: [v++ 60-895]   Target platform: /opt/xilinx/platforms/xilinx_u2_gen3x4_xdma_gc_2_202110_1/xilinx_u2_gen3x4_xdma_gc_2_202110_1.xpfm
INFO: [v++ 60-1578]   This platform contains Xilinx Shell Archive '/opt/xilinx/platforms/xilinx_u2_gen3x4_xdma_gc_2_202110_1/hw/hw.xsa'
INFO: [v++ 74-78] Compiler Version string: 2022.2
INFO: [v++ 60-585] Compiling for hardware target
INFO: [v++ 60-423]   Target device: xilinx_u2_gen3x4_xdma_gc_2_202110_1
INFO: [v++ 60-242] Creating kernel: 'file_sum64'
INFO: [v++ 60-1616] Creating a HLS clock using hls.clock option: 300 MHz

===>The following messages were generated while  performing high-level synthesis for kernel: file_sum64 Log file: /home/uni/project/Dess/file_sum64/_x/file_sum64/file_sum64/vitis_hls.log :
INFO: [v++ 204-61] Pipelining loop 'sum_loop'.
WARNING: [v++ 200-885] The II Violation in module 'file_sum64_Pipeline_sum_loop' (loop 'sum_loop'): Unable to schedule bus request operation ('gmem0_load_req', /home/uni/project/Dess/file_sum64/src/file_sum64.cpp:26) on port 'gmem0' (/home/uni/project/Dess/file_sum64/src/file_sum64.cpp:26) due to limited memory ports (II = 1). Please consider using a memory core with more ports or partitioning the array.
Resolution: For help on HLS 200-885 see www.xilinx.com/cgi-bin/docs/rdoc?v=2022.2;t=hls+guidance;d=200-885.html
WARNING: [v++ 200-885] The II Violation in module 'file_sum64_Pipeline_sum_loop' (loop 'sum_loop'): Unable to schedule bus request operation ('gmem0_load_1_req', /home/uni/project/Dess/file_sum64/src/file_sum64.cpp:26) on port 'gmem0' (/home/uni/project/Dess/file_sum64/src/file_sum64.cpp:26) due to limited memory ports (II = 2). Please consider using a memory core with more ports or partitioning the array.
Resolution: For help on HLS 200-885 see www.xilinx.com/cgi-bin/docs/rdoc?v=2022.2;t=hls+guidance;d=200-885.html
WARNING: [v++ 200-885] The II Violation in module 'file_sum64_Pipeline_sum_loop' (loop 'sum_loop'): Unable to schedule bus request operation ('gmem0_load_2_req', /home/uni/project/Dess/file_sum64/src/file_sum64.cpp:26) on port 'gmem0' (/home/uni/project/Dess/file_sum64/src/file_sum64.cpp:26) due to limited memory ports (II = 3). Please consider using a memory core with more ports or partitioning the array.
Resolution: For help on HLS 200-885 see www.xilinx.com/cgi-bin/docs/rdoc?v=2022.2;t=hls+guidance;d=200-885.html
WARNING: [v++ 200-885] The II Violation in module 'file_sum64_Pipeline_sum_loop' (loop 'sum_loop'): Unable to schedule bus request operation ('gmem0_load_3_req', /home/uni/project/Dess/file_sum64/src/file_sum64.cpp:26) on port 'gmem0' (/home/uni/project/Dess/file_sum64/src/file_sum64.cpp:26) due to limited memory ports (II = 4). Please consider using a memory core with more ports or partitioning the array.
Resolution: For help on HLS 200-885 see www.xilinx.com/cgi-bin/docs/rdoc?v=2022.2;t=hls+guidance;d=200-885.html
WARNING: [v++ 200-885] The II Violation in module 'file_sum64_Pipeline_sum_loop' (loop 'sum_loop'): Unable to schedule bus request operation ('gmem0_load_6_req', /home/uni/project/Dess/file_sum64/src/file_sum64.cpp:26) on port 'gmem0' (/home/uni/project/Dess/file_sum64/src/file_sum64.cpp:26) due to limited memory ports (II = 7). Please consider using a memory core with more ports or partitioning the array.
Resolution: For help on HLS 200-885 see www.xilinx.com/cgi-bin/docs/rdoc?v=2022.2;t=hls+guidance;d=200-885.html
INFO: [v++ 200-1470] Pipelining result : Target II = NA, Final II = 8, Depth = 80, loop 'sum_loop'
INFO: [v++ 200-790] **** Loop Constraint Status: All loop constraints were NOT satisfied.
INFO: [v++ 200-789] **** Estimated Fmax: 411.00 MHz
INFO: [v++ 60-594] Finished kernel compilation
INFO: [v++ 60-244] Generating system estimate report...
INFO: [v++ 60-1092] Generated system estimate report: /home/uni/project/Dess/file_sum64/_x/reports/file_sum64/system_estimate_file_sum64.xtxt
INFO: [v++ 60-586] Created build/file_sum64.xo
INFO: [v++ 60-2343] Use the vitis_analyzer tool to visualize and navigate the relevant reports. Run the following command. 
    vitis_analyzer /home/uni/project/Dess/file_sum64/build/file_sum64.xo.compile_summary 
INFO: [v++ 60-791] Total elapsed time: 0h 0m 57s
INFO: [v++ 60-1653] Closing dispatch client.
