Fri Aug 21 01:03:04 2026: Running xcd server. This server was built by gradle.
Fri Aug 21 01:03:04 2026: Server was asked to start on port: '36077'
Fri Aug 21 01:03:04 2026: Server is using token UUID: '1ed763a1-0c16-43d7-9a21-cbb753196c27'
Fri Aug 21 01:03:04 2026: SESSION_MGR: creating session with session uuid: '6d04a3e9-ade5-4ab9-8d63-1f78fcd2ec76' and name 'default'
Fri Aug 21 01:03:04 2026: Attempting to start server on port '36077'
Fri Aug 21 01:03:04 2026: XCD main fifo: created main fifo '/tmp/xcdmain1ed763a1-0c16-43d7-9a21-cbb753196c27', fd read = 13
Fri Aug 21 01:03:04 2026: Running Dispatch Server
Fri Aug 21 01:03:04 2026: Version 2.2.0
Fri Aug 21 01:03:12 2026: Dispatch Server: Accepted socket connection from client
Fri Aug 21 01:03:12 2026: Starting Socket connection
Fri Aug 21 01:03:12 2026: EXCHANGE_TOKEN received, server token: 1ed763a1-0c16-43d7-9a21-cbb753196c27, passed token: 1ed763a1-0c16-43d7-9a21-cbb753196c27
Fri Aug 21 01:03:12 2026: DISPATCH_HANDLER: Adding handler from function makeHandler in library libxv_system_diagram
Fri Aug 21 01:03:12 2026: SESSION_MGR: creating session with session uuid: 'b8bc1584-4867-4d2f-a806-23fa7f784079' and name 'v++_compile_file_sum64'
Fri Aug 21 01:03:12 2026: KERNEL_SVC: creating session with uuid: 'b8bc1584-4867-4d2f-a806-23fa7f784079' and name 'v++_compile_file_sum64'
Fri Aug 21 01:03:12 2026: GUIDANCE_SMGR: creating guidance session with uuid: 'b8bc1584-4867-4d2f-a806-23fa7f784079' and name 'v++_compile_file_sum64'
Fri Aug 21 01:03:12 2026: SYSTEM_DIAGRAM: creating session with uuid: 'b8bc1584-4867-4d2f-a806-23fa7f784079' and name 'v++_compile_file_sum64'
Fri Aug 21 01:03:28 2026: Dispatch Server: Accepted socket connection from client
Fri Aug 21 01:03:28 2026: Starting Socket connection
Fri Aug 21 01:04:00 2026: SESSION_MGR: closing session for UUID 'b8bc1584-4867-4d2f-a806-23fa7f784079' with name 'v++_compile_file_sum64'
Fri Aug 21 01:04:00 2026: KERNEL_SVC: closing session for UUID 'b8bc1584-4867-4d2f-a806-23fa7f784079' with name 'v++_compile_file_sum64'
Fri Aug 21 01:04:00 2026: GUIDANCE_SMGR: closing session for UUID 'b8bc1584-4867-4d2f-a806-23fa7f784079' with name 'v++_compile_file_sum64'
Fri Aug 21 01:04:00 2026: SYSTEM_DIAGRAM: closing session for UUID 'b8bc1584-4867-4d2f-a806-23fa7f784079' with name 'v++_compile_file_sum64'
Fri Aug 21 01:04:00 2026: STOP_SERVER received, server token: 1ed763a1-0c16-43d7-9a21-cbb753196c27, passed token: 1ed763a1-0c16-43d7-9a21-cbb753196c27
Fri Aug 21 01:04:00 2026: Socket received request to stop server.
Fri Aug 21 01:04:00 2026: Dispatch Server: do_await_stop
Fri Aug 21 01:04:00 2026: Dispatch Server: stopping mainFifo_
Fri Aug 21 01:04:00 2026: XCD main fifo: Stopping
Fri Aug 21 01:04:00 2026: XCD main fifo: do_read error code: Operation canceled
Fri Aug 21 01:04:00 2026: XCD main fifo: bytes_transferred: 0
Fri Aug 21 01:04:00 2026: SERVER: destructor for server bound to port 36077
Fri Aug 21 01:04:00 2026: XCD main fifo: Good unlink of /tmp/xcdmain1ed763a1-0c16-43d7-9a21-cbb753196c27
Fri Aug 21 01:04:00 2026: Server exiting with status 0.
Fri Aug 21 01:04:00 2026: Closing log file.
Fri Aug 21 01:13:04 2026: Running xcd server. This server was built by gradle.
Fri Aug 21 01:13:04 2026: Server was asked to start on port: '44467'
Fri Aug 21 01:13:04 2026: Server is using token UUID: '02b4e2cc-f820-4846-9a38-7781ad641482'
Fri Aug 21 01:13:04 2026: SESSION_MGR: creating session with session uuid: '6d04a3e9-ade5-4ab9-8d63-1f78fcd2ec76' and name 'default'
Fri Aug 21 01:13:04 2026: Attempting to start server on port '44467'
Fri Aug 21 01:13:04 2026: XCD main fifo: created main fifo '/tmp/xcdmain02b4e2cc-f820-4846-9a38-7781ad641482', fd read = 13
Fri Aug 21 01:13:04 2026: Running Dispatch Server
Fri Aug 21 01:13:04 2026: Version 2.2.0
Fri Aug 21 01:13:13 2026: Dispatch Server: Accepted socket connection from client
Fri Aug 21 01:13:13 2026: Starting Socket connection
Fri Aug 21 01:13:13 2026: EXCHANGE_TOKEN received, server token: 02b4e2cc-f820-4846-9a38-7781ad641482, passed token: 02b4e2cc-f820-4846-9a38-7781ad641482
Fri Aug 21 01:13:13 2026: DISPATCH_HANDLER: Adding handler from function makeHandler in library libxv_system_diagram
Fri Aug 21 01:13:13 2026: SESSION_MGR: creating session with session uuid: '7bfc1bc2-7103-4aa2-9811-62907b6cbf38' and name 'v++_link_file_sum64'
Fri Aug 21 01:13:13 2026: KERNEL_SVC: creating session with uuid: '7bfc1bc2-7103-4aa2-9811-62907b6cbf38' and name 'v++_link_file_sum64'
Fri Aug 21 01:13:13 2026: GUIDANCE_SMGR: creating guidance session with uuid: '7bfc1bc2-7103-4aa2-9811-62907b6cbf38' and name 'v++_link_file_sum64'
Fri Aug 21 01:13:13 2026: SYSTEM_DIAGRAM: creating session with uuid: '7bfc1bc2-7103-4aa2-9811-62907b6cbf38' and name 'v++_link_file_sum64'
Fri Aug 21 01:13:49 2026: Dispatch Server: Accepted socket connection from client
Fri Aug 21 01:13:49 2026: Starting Socket connection
Fri Aug 21 01:14:09 2026: Dispatch Server: Accepted socket connection from client
Fri Aug 21 01:14:09 2026: Starting Socket connection
Fri Aug 21 01:19:19 2026: Dispatch Server: Accepted socket connection from client
Fri Aug 21 01:19:19 2026: Starting Socket connection
Fri Aug 21 01:19:19 2026: Dispatch Server: Accepted socket connection from client
Fri Aug 21 01:19:19 2026: Starting Socket connection
Fri Aug 21 01:19:19 2026: Dispatch Server: Accepted socket connection from client
Fri Aug 21 01:19:19 2026: Starting Socket connection
Fri Aug 21 01:19:19 2026: Dispatch Server: Accepted socket connection from client
Fri Aug 21 01:19:19 2026: Starting Socket connection
Fri Aug 21 01:19:19 2026: Dispatch Server: Accepted socket connection from client
Fri Aug 21 01:19:19 2026: Starting Socket connection
Fri Aug 21 01:19:20 2026: Dispatch Server: Accepted socket connection from client
Fri Aug 21 01:19:20 2026: Starting Socket connection
Fri Aug 21 01:19:20 2026: Dispatch Server: Accepted socket connection from client
Fri Aug 21 01:19:20 2026: Starting Socket connection
Fri Aug 21 01:19:20 2026: Dispatch Server: Accepted socket connection from client
Fri Aug 21 01:19:20 2026: Starting Socket connection
Fri Aug 21 01:20:52 2026: Dispatch Server: Accepted socket connection from client
Fri Aug 21 01:20:52 2026: Starting Socket connection
Fri Aug 21 01:20:53 2026: Dispatch Server: Accepted socket connection from client
Fri Aug 21 01:20:53 2026: Starting Socket connection
Fri Aug 21 01:20:56 2026: Dispatch Server: Accepted socket connection from client
Fri Aug 21 01:20:56 2026: Starting Socket connection
Fri Aug 21 01:20:57 2026: Dispatch Server: Accepted socket connection from client
Fri Aug 21 01:20:57 2026: Starting Socket connection
Fri Aug 21 01:20:57 2026: Dispatch Server: Accepted socket connection from client
Fri Aug 21 01:20:57 2026: Starting Socket connection
Fri Aug 21 01:20:58 2026: Dispatch Server: Accepted socket connection from client
Fri Aug 21 01:20:58 2026: Starting Socket connection
Fri Aug 21 01:21:19 2026: Dispatch Server: Accepted socket connection from client
Fri Aug 21 01:21:19 2026: Starting Socket connection
Fri Aug 21 01:21:19 2026: Dispatch Server: Accepted socket connection from client
Fri Aug 21 01:21:19 2026: Starting Socket connection
Fri Aug 21 01:21:53 2026: Dispatch Server: Accepted socket connection from client
Fri Aug 21 01:21:53 2026: Starting Socket connection
Fri Aug 21 01:22:14 2026: Dispatch Server: Accepted socket connection from client
Fri Aug 21 01:22:14 2026: Starting Socket connection
Fri Aug 21 01:22:38 2026: Dispatch Server: Accepted socket connection from client
Fri Aug 21 01:22:38 2026: Starting Socket connection
Fri Aug 21 01:22:51 2026: Dispatch Server: Accepted socket connection from client
Fri Aug 21 01:22:51 2026: Starting Socket connection
Fri Aug 21 01:22:59 2026: Dispatch Server: Accepted socket connection from client
Fri Aug 21 01:22:59 2026: Starting Socket connection
Fri Aug 21 01:23:03 2026: Dispatch Server: Accepted socket connection from client
Fri Aug 21 01:23:03 2026: Starting Socket connection
Fri Aug 21 01:23:29 2026: Dispatch Server: Accepted socket connection from client
Fri Aug 21 01:23:29 2026: Starting Socket connection
Fri Aug 21 01:23:31 2026: Dispatch Server: Accepted socket connection from client
Fri Aug 21 01:23:31 2026: Starting Socket connection
Fri Aug 21 01:23:47 2026: Dispatch Server: Accepted socket connection from client
Fri Aug 21 01:23:47 2026: Starting Socket connection
Fri Aug 21 01:24:10 2026: Dispatch Server: Accepted socket connection from client
Fri Aug 21 01:24:10 2026: Starting Socket connection
Fri Aug 21 01:24:11 2026: Dispatch Server: Accepted socket connection from client
Fri Aug 21 01:24:11 2026: Starting Socket connection
Fri Aug 21 01:24:22 2026: Dispatch Server: Accepted socket connection from client
Fri Aug 21 01:24:22 2026: Starting Socket connection
Fri Aug 21 01:24:26 2026: Dispatch Server: Accepted socket connection from client
Fri Aug 21 01:24:26 2026: Starting Socket connection
Fri Aug 21 01:24:45 2026: Dispatch Server: Accepted socket connection from client
Fri Aug 21 01:24:45 2026: Starting Socket connection
Fri Aug 21 01:24:57 2026: Dispatch Server: Accepted socket connection from client
Fri Aug 21 01:24:57 2026: Starting Socket connection
Fri Aug 21 01:25:03 2026: Dispatch Server: Accepted socket connection from client
Fri Aug 21 01:25:03 2026: Starting Socket connection
Fri Aug 21 01:25:24 2026: Dispatch Server: Accepted socket connection from client
Fri Aug 21 01:25:24 2026: Starting Socket connection
Fri Aug 21 01:25:41 2026: Dispatch Server: Accepted socket connection from client
Fri Aug 21 01:25:41 2026: Starting Socket connection
Fri Aug 21 01:25:51 2026: Dispatch Server: Accepted socket connection from client
Fri Aug 21 01:25:51 2026: Starting Socket connection
Fri Aug 21 01:26:04 2026: Dispatch Server: Accepted socket connection from client
Fri Aug 21 01:26:04 2026: Starting Socket connection
Fri Aug 21 01:26:16 2026: Dispatch Server: Accepted socket connection from client
Fri Aug 21 01:26:16 2026: Starting Socket connection
Fri Aug 21 01:26:21 2026: Dispatch Server: Accepted socket connection from client
Fri Aug 21 01:26:21 2026: Starting Socket connection
Fri Aug 21 01:26:31 2026: Dispatch Server: Accepted socket connection from client
Fri Aug 21 01:26:31 2026: Starting Socket connection
Fri Aug 21 01:26:33 2026: Dispatch Server: Accepted socket connection from client
Fri Aug 21 01:26:33 2026: Starting Socket connection
Fri Aug 21 01:26:37 2026: Dispatch Server: Accepted socket connection from client
Fri Aug 21 01:26:37 2026: Starting Socket connection
Fri Aug 21 01:26:52 2026: Dispatch Server: Accepted socket connection from client
Fri Aug 21 01:26:52 2026: Starting Socket connection
Fri Aug 21 01:26:55 2026: Dispatch Server: Accepted socket connection from client
Fri Aug 21 01:26:55 2026: Starting Socket connection
Fri Aug 21 01:27:06 2026: Dispatch Server: Accepted socket connection from client
Fri Aug 21 01:27:06 2026: Starting Socket connection
Fri Aug 21 01:27:25 2026: Dispatch Server: Accepted socket connection from client
Fri Aug 21 01:27:25 2026: Starting Socket connection
Fri Aug 21 01:27:42 2026: Dispatch Server: Accepted socket connection from client
Fri Aug 21 01:27:42 2026: Starting Socket connection
Fri Aug 21 01:27:52 2026: Dispatch Server: Accepted socket connection from client
Fri Aug 21 01:27:52 2026: Starting Socket connection
Fri Aug 21 01:28:01 2026: Dispatch Server: Accepted socket connection from client
Fri Aug 21 01:28:01 2026: Starting Socket connection
Fri Aug 21 01:28:08 2026: Dispatch Server: Accepted socket connection from client
Fri Aug 21 01:28:08 2026: Starting Socket connection
Fri Aug 21 01:28:25 2026: Dispatch Server: Accepted socket connection from client
Fri Aug 21 01:28:25 2026: Starting Socket connection
Fri Aug 21 01:28:26 2026: Dispatch Server: Accepted socket connection from client
Fri Aug 21 01:28:26 2026: Starting Socket connection
Fri Aug 21 01:28:35 2026: Dispatch Server: Accepted socket connection from client
Fri Aug 21 01:28:35 2026: Starting Socket connection
Fri Aug 21 01:29:03 2026: Dispatch Server: Accepted socket connection from client
Fri Aug 21 01:29:03 2026: Starting Socket connection
Fri Aug 21 01:29:31 2026: Dispatch Server: Accepted socket connection from client
Fri Aug 21 01:29:31 2026: Starting Socket connection
Fri Aug 21 01:29:36 2026: Dispatch Server: Accepted socket connection from client
Fri Aug 21 01:29:36 2026: Starting Socket connection
Fri Aug 21 01:29:47 2026: Dispatch Server: Accepted socket connection from client
Fri Aug 21 01:29:47 2026: Starting Socket connection
Fri Aug 21 01:29:49 2026: Dispatch Server: Accepted socket connection from client
Fri Aug 21 01:29:49 2026: Starting Socket connection
Fri Aug 21 01:29:58 2026: Dispatch Server: Accepted socket connection from client
Fri Aug 21 01:29:58 2026: Starting Socket connection
Fri Aug 21 01:29:58 2026: Dispatch Server: Accepted socket connection from client
Fri Aug 21 01:29:58 2026: Starting Socket connection
Fri Aug 21 01:30:09 2026: Dispatch Server: Accepted socket connection from client
Fri Aug 21 01:30:09 2026: Starting Socket connection
Fri Aug 21 01:31:15 2026: Dispatch Server: Accepted socket connection from client
Fri Aug 21 01:31:15 2026: Starting Socket connection
Fri Aug 21 01:38:42 2026: Dispatch Server: Accepted socket connection from client
Fri Aug 21 01:38:42 2026: Starting Socket connection
Fri Aug 21 01:40:45 2026: Dispatch Server: Accepted socket connection from client
Fri Aug 21 01:40:45 2026: Starting Socket connection
Fri Aug 21 01:57:36 2026: Dispatch Server: Accepted socket connection from client
Fri Aug 21 01:57:36 2026: Starting Socket connection
Fri Aug 21 02:26:36 2026: Running xcd server. This server was built by gradle.
Fri Aug 21 02:26:36 2026: Server was asked to start on port: '46815'
Fri Aug 21 02:26:36 2026: Server is using token UUID: '182d98f8-f49f-4a5c-9d9c-eb3ce10a9175'
Fri Aug 21 02:26:36 2026: SESSION_MGR: creating session with session uuid: '6d04a3e9-ade5-4ab9-8d63-1f78fcd2ec76' and name 'default'
Fri Aug 21 02:26:36 2026: Attempting to start server on port '46815'
Fri Aug 21 02:26:36 2026: XCD main fifo: created main fifo '/tmp/xcdmain182d98f8-f49f-4a5c-9d9c-eb3ce10a9175', fd read = 12
Fri Aug 21 02:26:36 2026: Running Dispatch Server
Fri Aug 21 02:26:36 2026: Version 2.2.0
Fri Aug 21 02:26:44 2026: Dispatch Server: Accepted socket connection from client
Fri Aug 21 02:26:44 2026: Starting Socket connection
Fri Aug 21 02:26:44 2026: EXCHANGE_TOKEN received, server token: 182d98f8-f49f-4a5c-9d9c-eb3ce10a9175, passed token: 182d98f8-f49f-4a5c-9d9c-eb3ce10a9175
Fri Aug 21 02:26:44 2026: DISPATCH_HANDLER: Adding handler from function makeHandler in library libxv_system_diagram
Fri Aug 21 02:26:44 2026: SESSION_MGR: creating session with session uuid: 'b5774e23-ee33-4259-9554-2758e01b28b2' and name 'v++_link_file_sum64'
Fri Aug 21 02:26:44 2026: KERNEL_SVC: creating session with uuid: 'b5774e23-ee33-4259-9554-2758e01b28b2' and name 'v++_link_file_sum64'
Fri Aug 21 02:26:44 2026: GUIDANCE_SMGR: creating guidance session with uuid: 'b5774e23-ee33-4259-9554-2758e01b28b2' and name 'v++_link_file_sum64'
Fri Aug 21 02:26:44 2026: SYSTEM_DIAGRAM: creating session with uuid: 'b5774e23-ee33-4259-9554-2758e01b28b2' and name 'v++_link_file_sum64'
